    GLThread 217-5703  [000] d..4  8073.007012: sched_wakeup: comm=mali-renderer pid=5735 prio=110 success=1 target_cpu=003
   mali-renderer-5735  [003] d..4  8073.007337: sched_wakeup: comm=GLThread 217 pid=5703 prio=120 success=1 target_cpu=000
    GLThread 217-5703  [000] d..4  8073.007519: sched_wakeup: comm=Binder:3036_1 pid=3080 prio=120 success=1 target_cpu=001
    GLThread 217-5703  [000] d..4  8073.007568: sched_wakeup: comm=Binder:3036_1 pid=3080 prio=120 success=1 target_cpu=001
    GLThread 217-5703  [000] d.h5  8073.009044: sched_wakeup: comm=kworker/u16:3 pid=8206 prio=120 success=1 target_cpu=001
    GLThread 217-5703  [000] d..4  8073.009170: sched_wakeup: comm=Binder:3403_5 pid=3687 prio=120 success=1 target_cpu=002
    GLThread 217-5703  [000] d..4  8073.009615: sched_wakeup: comm=Binder:3036_2 pid=3082 prio=120 success=1 target_cpu=001
  mali-event-hnd-5726  [003] d..4  8073.010040: sched_wakeup: comm=mali-renderer pid=5735 prio=110 success=1 target_cpu=000
  mali-event-hnd-5726  [003] d..4  8073.011843: sched_wakeup: comm=mali-renderer pid=5735 prio=110 success=1 target_cpu=000
  mali-event-hnd-5726  [003] d..4  8073.015253: sched_wakeup: comm=mali-renderer pid=5735 prio=110 success=1 target_cpu=000
    GLThread 217-5703  [000] d..4  8073.016973: sched_wakeup: comm=mali-renderer pid=5735 prio=110 success=1 target_cpu=001
    GLThread 217-5703  [000] d.h4  8073.021593: sched_wakeup: comm=rcu_preempt pid=8 prio=120 success=1 target_cpu=001
    GLThread 217-5703  [000] d..4  8073.023644: sched_wakeup: comm=mali-renderer pid=5735 prio=110 success=1 target_cpu=001
    GLThread 217-5703  [000] d..4  8073.023722: sched_wakeup: comm=mali-renderer pid=5735 prio=110 success=1 target_cpu=001
   mali-renderer-5735  [001] d..4  8073.024061: sched_wakeup: comm=GLThread 217 pid=5703 prio=120 success=1 target_cpu=000
    GLThread 217-5703  [000] d..4  8073.024238: sched_wakeup: comm=Binder:3036_5 pid=3741 prio=120 success=1 target_cpu=001
    GLThread 217-5703  [000] d.h5  8073.025711: sched_wakeup: comm=kworker/u16:3 pid=8206 prio=120 success=1 target_cpu=001
    GLThread 217-5703  [000] d..4  8073.025876: sched_wakeup: comm=Binder:3403_3 pid=3598 prio=120 success=1 target_cpu=002
    GLThread 217-5703  [000] d..4  8073.026314: sched_wakeup: comm=Binder:3036_4 pid=3545 prio=120 success=1 target_cpu=001
  mali-event-hnd-5726  [003] d..4  8073.026780: sched_wakeup: comm=mali-renderer pid=5735 prio=110 success=1 target_cpu=001
  mali-event-hnd-5726  [000] d..4  8073.026950: sched_wakeup: comm=mali-renderer pid=5735 prio=110 success=1 target_cpu=001
  mali-event-hnd-5726  [000] d..4  8073.030342: sched_wakeup: comm=mali-renderer pid=5735 prio=110 success=1 target_cpu=001
   mali-renderer-5735  [001] d.h4  8073.030406: sched_wakeup: comm=kworker/u17:1 pid=1430 prio=100 success=1 target_cpu=000
    GLThread 217-5703  [000] d..4  8073.033579: sched_wakeup: comm=mali-renderer pid=5735 prio=110 success=1 target_cpu=001
    GLThread 217-5703  [000] d..4  8073.040200: sched_wakeup: comm=mali-renderer pid=5735 prio=110 success=1 target_cpu=001
    GLThread 217-5703  [000] d..4  8073.040273: sched_wakeup: comm=mali-renderer pid=5735 prio=110 success=1 target_cpu=001
   mali-renderer-5735  [001] d..4  8073.040608: sched_wakeup: comm=GLThread 217 pid=5703 prio=120 success=1 target_cpu=000
    GLThread 217-5703  [000] d..4  8073.040782: sched_wakeup: comm=Binder:3036_3 pid=3498 prio=120 success=1 target_cpu=003
    GLThread 217-5703  [000] d..4  8073.040831: sched_wakeup: comm=Binder:3036_3 pid=3498 prio=120 success=1 target_cpu=003
    GLThread 217-5703  [002] d..4  8073.042577: sched_wakeup: comm=Binder:3403_C pid=4808 prio=120 success=1 target_cpu=003
    GLThread 217-5703  [002] d..4  8073.042622: sched_wakeup: comm=Binder:3403_C pid=4808 prio=120 success=1 target_cpu=003
    GLThread 217-5703  [002] d..4  8073.043048: sched_wakeup: comm=Binder:3036_1 pid=3080 prio=120 success=1 target_cpu=001
  mali-event-hnd-5726  [000] d..4  8073.043308: sched_wakeup: comm=mali-renderer pid=5735 prio=110 success=1 target_cpu=001
   mali-renderer-5735  [001] d.h4  8073.043358: sched_wakeup: comm=kworker/u17:1 pid=1430 prio=100 success=1 target_cpu=003
    GLThread 217-5703  [003] d..4  8073.050288: sched_wakeup: comm=mali-renderer pid=5735 prio=110 success=1 target_cpu=001
  mali-event-hnd-5726  [000] d..4  8073.051928: sched_wakeup: comm=mali-renderer pid=5735 prio=110 success=1 target_cpu=001
  mali-event-hnd-5726  [000] d..4  8073.056845: sched_wakeup: comm=mali-renderer pid=5735 prio=110 success=1 target_cpu=001
    GLThread 217-5703  [003] d..3  8073.056930: sched_wakeup: comm=mali-renderer pid=5735 prio=110 success=1 target_cpu=001
    GLThread 217-5703  [003] d..3  8073.056976: sched_wakeup: comm=mali-renderer pid=5735 prio=110 success=1 target_cpu=001
    GLThread 217-5703  [003] d..3  8073.057007: sched_wakeup: comm=mali-renderer pid=5735 prio=110 success=1 target_cpu=001
    GLThread 217-5703  [003] d..4  8073.057124: sched_wakeup: comm=mali-renderer pid=5735 prio=110 success=1 target_cpu=001
    GLThread 217-5703  [003] d..4  8073.057169: sched_wakeup: comm=mali-renderer pid=5735 prio=110 success=1 target_cpu=001
   mali-renderer-5735  [001] d..4  8073.057450: sched_wakeup: comm=GLThread 217 pid=5703 prio=120 success=1 target_cpu=003
    GLThread 217-5703  [003] d..4  8073.057623: sched_wakeup: comm=Binder:3036_2 pid=3082 prio=120 success=1 target_cpu=000
    GLThread 217-5703  [003] d..4  8073.057668: sched_wakeup: comm=Binder:3036_2 pid=3082 prio=120 success=1 target_cpu=000
    GLThread 217-5703  [003] d..4  8073.059311: sched_wakeup: comm=Binder:3403_1 pid=3421 prio=120 success=1 target_cpu=002
    GLThread 217-5703  [003] d..4  8073.059764: sched_wakeup: comm=Binder:3036_5 pid=3741 prio=120 success=1 target_cpu=001
  mali-event-hnd-5726  [000] d..4  8073.060071: sched_wakeup: comm=mali-renderer pid=5735 prio=110 success=1 target_cpu=001
    GLThread 217-5703  [003] d..4  8073.067021: sched_wakeup: comm=mali-renderer pid=5735 prio=110 success=1 target_cpu=001
  mali-event-hnd-5726  [000] d..4  8073.071909: sched_wakeup: comm=mali-renderer pid=5735 prio=110 success=1 target_cpu=001
    GLThread 217-5703  [003] d..4  8073.073701: sched_wakeup: comm=mali-renderer pid=5735 prio=110 success=1 target_cpu=000
    GLThread 217-5703  [003] d..4  8073.073766: sched_wakeup: comm=mali-renderer pid=5735 prio=110 success=1 target_cpu=000
   mali-renderer-5735  [000] d..4  8073.074036: sched_wakeup: comm=GLThread 217 pid=5703 prio=120 success=1 target_cpu=003
    GLThread 217-5703  [003] d..4  8073.074211: sched_wakeup: comm=Binder:3036_4 pid=3545 prio=120 success=1 target_cpu=001
    GLThread 217-5703  [003] d..4  8073.074257: sched_wakeup: comm=Binder:3036_4 pid=3545 prio=120 success=1 target_cpu=001
  mali-event-hnd-5726  [000] d..4  8073.075249: sched_wakeup: comm=mali-renderer pid=5735 prio=110 success=1 target_cpu=002
    GLThread 217-5703  [003] d..4  8073.076124: sched_wakeup: comm=Binder:3403_8 pid=4200 prio=120 success=1 target_cpu=002
    GLThread 217-5703  [003] d..4  8073.076546: sched_wakeup: comm=Binder:3036_3 pid=3498 prio=120 success=1 target_cpu=000
  mali-event-hnd-5726  [000] d..4  8073.076788: sched_wakeup: comm=mali-renderer pid=5735 prio=110 success=1 target_cpu=002
  mali-event-hnd-5726  [002] d..4  8073.082233: sched_wakeup: comm=mali-renderer pid=5735 prio=110 success=1 target_cpu=002
  mali-event-hnd-5726  [002] d..4  8073.086227: sched_wakeup: comm=mali-renderer pid=5735 prio=110 success=1 target_cpu=003
   mali-renderer-5735  [003] d.h5  8073.086255: sched_wakeup: comm=mali-renderer pid=3147 prio=112 success=1 target_cpu=001
    GLThread 217-5703  [003] dNh5  8073.086477: sched_wakeup: comm=mali-renderer pid=5735 prio=110 success=1 target_cpu=003
    GLThread 217-5703  [003] dN.4  8073.086667: sched_wakeup: comm=Binder:3103_4 pid=3941 prio=120 success=1 target_cpu=003
    GLThread 217-5703  [003] dN.4  8073.086885: sched_wakeup: comm=mali-renderer pid=5735 prio=110 success=1 target_cpu=003
    GLThread 217-5703  [003] dNh3  8073.086983: sched_wakeup: comm=mali-renderer pid=5735 prio=110 success=1 target_cpu=003
    GLThread 217-5703  [003] d.h2  8073.089044: sched_wakeup: comm=adbd pid=3084 prio=120 success=1 target_cpu=003
    GLThread 217-5703  [003] d.h4  8073.091591: sched_wakeup: comm=rcu_preempt pid=8 prio=120 success=1 target_cpu=002
    GLThread 217-5703  [003] d..4  8073.095302: sched_wakeup: comm=mali-renderer pid=5735 prio=110 success=1 target_cpu=002
    GLThread 217-5703  [003] d..4  8073.095380: sched_wakeup: comm=mali-renderer pid=5735 prio=110 success=1 target_cpu=002
   mali-renderer-5735  [000] d..4  8073.095765: sched_wakeup: comm=GLThread 217 pid=5703 prio=120 success=1 target_cpu=001
    GLThread 217-5703  [001] d..4  8073.095918: sched_wakeup: comm=Binder:3036_1 pid=3080 prio=120 success=1 target_cpu=002
  mali-event-hnd-5726  [001] d..4  8073.096819: sched_wakeup: comm=mali-renderer pid=5735 prio=110 success=1 target_cpu=002
    GLThread 217-5703  [003] d..4  8073.097008: sched_wakeup: comm=Binder:3036_1 pid=3080 prio=120 success=1 target_cpu=000
    GLThread 217-5703  [003] d..4  8073.098098: sched_wakeup: comm=Binder:3403_B pid=4807 prio=120 success=1 target_cpu=002
    GLThread 217-5703  [003] d..4  8073.098116: sched_wakeup: comm=Binder:3103_3 pid=3940 prio=120 success=1 target_cpu=001
    GLThread 217-5703  [003] d..4  8073.098206: sched_wakeup: comm=Binder:3103_3 pid=3940 prio=120 success=1 target_cpu=001
  mali-event-hnd-5726  [001] d..4  8073.098462: sched_wakeup: comm=mali-renderer pid=5735 prio=110 success=1 target_cpu=000
    GLThread 217-5703  [003] d..4  8073.098711: sched_wakeup: comm=Binder:3036_2 pid=3082 prio=120 success=1 target_cpu=001
    GLThread 217-5703  [003] d..4  8073.098737: sched_wakeup: comm=NPDecoder-CL pid=9195 prio=104 success=1 target_cpu=000
    GLThread 217-5703  [003] d..4  8073.100384: sched_wakeup: comm=mali-renderer pid=5735 prio=110 success=1 target_cpu=001
  mali-event-hnd-5726  [001] d..4  8073.101817: sched_wakeup: comm=mali-renderer pid=5735 prio=110 success=1 target_cpu=000
   mali-renderer-5735  [000] d.h2  8073.101882: sched_wakeup: comm=mali-event-hnd pid=3137 prio=112 success=1 target_cpu=000
  mali-event-hnd-5726  [001] d..4  8166.506682: sched_wakeup: comm=mali-renderer pid=5735 prio=110 success=1 target_cpu=000
  mali-event-hnd-5726  [001] d..3  8166.506739: sched_switch: prev_comm=mali-event-hnd prev_pid=5726 prev_prio=110 prev_state=S ==> next_comm=swapper/1 next_pid=0 next_prio=120
   mali-renderer-5735  [000] d..3  8166.506857: sched_switch: prev_comm=mali-renderer prev_pid=5735 prev_prio=110 prev_state=S ==> next_comm=swapper/0 next_pid=0 next_prio=120
   mali-renderer-5735  [000] d..3  8166.506945: sched_switch: prev_comm=mali-renderer prev_pid=5735 prev_prio=110 prev_state=S ==> next_comm=swapper/0 next_pid=0 next_prio=120
    GLThread 217-5703  [003] d..4  8166.507491: sched_wakeup: comm=mali-renderer pid=5735 prio=110 success=1 target_cpu=000
   mali-renderer-5735  [000] d..3  8166.507542: sched_switch: prev_comm=mali-renderer prev_pid=5735 prev_prio=110 prev_state=S ==> next_comm=swapper/0 next_pid=0 next_prio=120
    GLThread 217-5703  [003] d..4  8166.507555: sched_wakeup: comm=mali-renderer pid=5735 prio=110 success=1 target_cpu=000
    GLThread 217-5703  [003] d..3  8166.507585: sched_switch: prev_comm=GLThread 217 prev_pid=5703 prev_prio=120 prev_state=S ==> next_comm=swapper/3 next_pid=0 next_prio=120
   mali-renderer-5735  [000] d..3  8166.507609: sched_switch: prev_comm=mali-renderer prev_pid=5735 prev_prio=110 prev_state=S ==> next_comm=swapper/0 next_pid=0 next_prio=120
   mali-renderer-5735  [000] d..4  8166.507895: sched_wakeup: comm=GLThread 217 pid=5703 prio=120 success=1 target_cpu=003
   mali-renderer-5735  [000] d..3  8166.507922: sched_switch: prev_comm=mali-renderer prev_pid=5735 prev_prio=110 prev_state=S ==> next_comm=swapper/0 next_pid=0 next_prio=120
    GLThread 217-5703  [003] d..4  8166.508079: sched_wakeup: comm=Binder:3036_2 pid=3082 prio=120 success=1 target_cpu=001
    GLThread 217-5703  [003] d..3  8166.508128: sched_switch: prev_comm=GLThread 217 prev_pid=5703 prev_prio=120 prev_state=D ==> next_comm=swapper/3 next_pid=0 next_prio=120
    GLThread 217-5703  [003] d..3  8166.508174: sched_switch: prev_comm=GLThread 217 prev_pid=5703 prev_prio=120 prev_state=S ==> next_comm=swapper/3 next_pid=0 next_prio=120
    GLThread 217-5703  [003] d..4  8166.509680: sched_wakeup: comm=Binder:3403_4 pid=3684 prio=120 success=1 target_cpu=000
    GLThread 217-5703  [003] d..3  8166.509730: sched_switch: prev_comm=GLThread 217 prev_pid=5703 prev_prio=120 prev_state=D ==> next_comm=swapper/3 next_pid=0 next_prio=120
    GLThread 217-5703  [003] d..3  8166.509775: sched_switch: prev_comm=GLThread 217 prev_pid=5703 prev_prio=120 prev_state=S ==> next_comm=swapper/3 next_pid=0 next_prio=120
    GLThread 217-5703  [003] d..4  8166.510143: sched_wakeup: comm=Binder:3036_5 pid=3741 prio=120 success=1 target_cpu=000
    GLThread 217-5703  [003] d..3  8166.510172: sched_switch: prev_comm=GLThread 217 prev_pid=5703 prev_prio=120 prev_state=D ==> next_comm=swapper/3 next_pid=0 next_prio=120
    GLThread 217-5703  [003] d..3  8166.510210: sched_switch: prev_comm=GLThread 217 prev_pid=5703 prev_prio=120 prev_state=S ==> next_comm=swapper/3 next_pid=0 next_prio=120
  mali-event-hnd-5726  [001] d..4  8166.510585: sched_wakeup: comm=mali-renderer pid=5735 prio=110 success=1 target_cpu=000
  mali-event-hnd-5726  [001] d..3  8166.510620: sched_switch: prev_comm=mali-event-hnd prev_pid=5726 prev_prio=110 prev_state=S ==> next_comm=swapper/1 next_pid=0 next_prio=120
   mali-renderer-5735  [000] d.h4  8166.510645: sched_wakeup: comm=kworker/u17:1 pid=1430 prio=100 success=1 target_cpu=002
   mali-renderer-5735  [000] d..3  8166.510700: sched_switch: prev_comm=mali-renderer prev_pid=5735 prev_prio=110 prev_state=S ==> next_comm=swapper/0 next_pid=0 next_prio=120
   mali-renderer-5735  [000] d..3  8166.510782: sched_switch: prev_comm=mali-renderer prev_pid=5735 prev_prio=110 prev_state=S ==> next_comm=swapper/0 next_pid=0 next_prio=120
  mali-event-hnd-5726  [002] d..4  8166.511866: sched_wakeup: comm=mali-renderer pid=5735 prio=110 success=1 target_cpu=000
  mali-event-hnd-5726  [002] d..3  8166.511898: sched_switch: prev_comm=mali-event-hnd prev_pid=5726 prev_prio=110 prev_state=S ==> next_comm=swapper/2 next_pid=0 next_prio=120
   mali-renderer-5735  [000] d..3  8166.511973: sched_switch: prev_comm=mali-renderer prev_pid=5735 prev_prio=110 prev_state=S ==> next_comm=swapper/0 next_pid=0 next_prio=120
   mali-renderer-5735  [000] d..3  8166.512060: sched_switch: prev_comm=mali-renderer prev_pid=5735 prev_prio=110 prev_state=S ==> next_comm=swapper/0 next_pid=0 next_prio=120
  mali-event-hnd-5726  [002] d..4  8166.515251: sched_wakeup: comm=mali-renderer pid=5735 prio=110 success=1 target_cpu=000
  mali-event-hnd-5726  [002] d..3  8166.515286: sched_switch: prev_comm=mali-event-hnd prev_pid=5726 prev_prio=110 prev_state=S ==> next_comm=swapper/2 next_pid=0 next_prio=120
   mali-renderer-5735  [000] d..3  8166.515396: sched_switch: prev_comm=mali-renderer prev_pid=5735 prev_prio=110 prev_state=S ==> next_comm=swapper/0 next_pid=0 next_prio=120
   mali-renderer-5735  [000] d..3  8166.515485: sched_switch: prev_comm=mali-renderer prev_pid=5735 prev_prio=110 prev_state=S ==> next_comm=swapper/0 next_pid=0 next_prio=120
    GLThread 217-5703  [001] d..4  8166.516835: sched_wakeup: comm=mali-renderer pid=5735 prio=110 success=1 target_cpu=000
   mali-renderer-5735  [000] d..3  8166.516883: sched_switch: prev_comm=mali-renderer prev_pid=5735 prev_prio=110 prev_state=S ==> next_comm=swapper/0 next_pid=0 next_prio=120
   mali-renderer-5735  [000] d..3  8166.517001: sched_switch: prev_comm=mali-renderer prev_pid=5735 prev_prio=110 prev_state=S ==> next_comm=swapper/0 next_pid=0 next_prio=120
    GLThread 217-5703  [001] d..4  8166.523516: sched_wakeup: comm=mali-renderer pid=5735 prio=110 success=1 target_cpu=000
    GLThread 217-5703  [001] d..3  8166.523604: sched_switch: prev_comm=GLThread 217 prev_pid=5703 prev_prio=120 prev_state=S ==> next_comm=swapper/1 next_pid=0 next_prio=120
   mali-renderer-5735  [000] d..3  8166.523604: sched_switch: prev_comm=mali-renderer prev_pid=5735 prev_prio=110 prev_state=S ==> next_comm=swapper/0 next_pid=0 next_prio=120
   mali-renderer-5735  [000] d..4  8166.523882: sched_wakeup: comm=GLThread 217 pid=5703 prio=120 success=1 target_cpu=001
   mali-renderer-5735  [000] d..3  8166.523912: sched_switch: prev_comm=mali-renderer prev_pid=5735 prev_prio=110 prev_state=S ==> next_comm=swapper/0 next_pid=0 next_prio=120
    GLThread 217-5703  [001] d..4  8166.524062: sched_wakeup: comm=Binder:3036_4 pid=3545 prio=120 success=1 target_cpu=002
    GLThread 217-5703  [001] d..3  8166.524110: sched_switch: prev_comm=GLThread 217 prev_pid=5703 prev_prio=120 prev_state=D ==> next_comm=swapper/1 next_pid=0 next_prio=120
    GLThread 217-5703  [001] d..3  8166.524149: sched_switch: prev_comm=GLThread 217 prev_pid=5703 prev_prio=120 prev_state=S ==> next_comm=swapper/1 next_pid=0 next_prio=120
    GLThread 217-5703  [001] d..4  8166.525657: sched_wakeup: comm=Binder:3403_D pid=4809 prio=120 success=1 target_cpu=002
    GLThread 217-5703  [001] d..3  8166.525708: sched_switch: prev_comm=GLThread 217 prev_pid=5703 prev_prio=120 prev_state=D ==> next_comm=swapper/1 next_pid=0 next_prio=120
    GLThread 217-5703  [001] d..3  8166.525756: sched_switch: prev_comm=GLThread 217 prev_pid=5703 prev_prio=120 prev_state=S ==> next_comm=swapper/1 next_pid=0 next_prio=120
    GLThread 217-5703  [001] d..4  8166.526122: sched_wakeup: comm=Binder:3036_1 pid=3080 prio=120 success=1 target_cpu=000
    GLThread 217-5703  [001] d..3  8166.526152: sched_switch: prev_comm=GLThread 217 prev_pid=5703 prev_prio=120 prev_state=D ==> next_comm=swapper/1 next_pid=0 next_prio=120
    GLThread 217-5703  [001] d..3  8166.526189: sched_switch: prev_comm=GLThread 217 prev_pid=5703 prev_prio=120 prev_state=S ==> next_comm=swapper/1 next_pid=0 next_prio=120
  mali-event-hnd-5726  [002] d..4  8166.526512: sched_wakeup: comm=mali-renderer pid=5735 prio=110 success=1 target_cpu=000
  mali-event-hnd-5726  [002] d..3  8166.526547: sched_switch: prev_comm=mali-event-hnd prev_pid=5726 prev_prio=110 prev_state=S ==> next_comm=swapper/2 next_pid=0 next_prio=120
   mali-renderer-5735  [000] d.H6  8166.526635: sched_wakeup: comm=kworker/u17:1 pid=1430 prio=100 success=1 target_cpu=001
   mali-renderer-5735  [000] d..3  8166.526722: sched_switch: prev_comm=mali-renderer prev_pid=5735 prev_prio=110 prev_state=S ==> next_comm=swapper/0 next_pid=0 next_prio=120
   mali-renderer-5735  [000] d..3  8166.526787: sched_switch: prev_comm=mali-renderer prev_pid=5735 prev_prio=110 prev_state=S ==> next_comm=swapper/0 next_pid=0 next_prio=120
  mali-event-hnd-5726  [002] d..4  8166.526851: sched_wakeup: comm=mali-renderer pid=5735 prio=110 success=1 target_cpu=000
  mali-event-hnd-5726  [002] d..3  8166.526880: sched_switch: prev_comm=mali-event-hnd prev_pid=5726 prev_prio=110 prev_state=S ==> next_comm=swapper/2 next_pid=0 next_prio=120
   mali-renderer-5735  [000] d..3  8166.526940: sched_switch: prev_comm=mali-renderer prev_pid=5735 prev_prio=110 prev_state=S ==> next_comm=swapper/0 next_pid=0 next_prio=120
   mali-renderer-5735  [000] d..3  8166.527038: sched_switch: prev_comm=mali-renderer prev_pid=5735 prev_prio=110 prev_state=S ==> next_comm=swapper/0 next_pid=0 next_prio=120
  mali-event-hnd-5726  [002] d..4  8166.530179: sched_wakeup: comm=mali-renderer pid=5735 prio=110 success=1 target_cpu=000
  mali-event-hnd-5726  [002] d..3  8166.530219: sched_switch: prev_comm=mali-event-hnd prev_pid=5726 prev_prio=110 prev_state=S ==> next_comm=swapper/2 next_pid=0 next_prio=120
   mali-renderer-5735  [000] d.h4  8166.530227: sched_wakeup: comm=kworker/u17:1 pid=1430 prio=100 success=1 target_cpu=001
   mali-renderer-5735  [000] d..3  8166.530364: sched_switch: prev_comm=mali-renderer prev_pid=5735 prev_prio=110 prev_state=S ==> next_comm=swapper/0 next_pid=0 next_prio=120
   mali-renderer-5735  [000] d..3  8166.530447: sched_switch: prev_comm=mali-renderer prev_pid=5735 prev_prio=110 prev_state=S ==> next_comm=swapper/0 next_pid=0 next_prio=120
    GLThread 217-5703  [003] d..4  8166.533497: sched_wakeup: comm=mali-renderer pid=5735 prio=110 success=1 target_cpu=000
   mali-renderer-5735  [000] d..3  8166.533553: sched_switch: prev_comm=mali-renderer prev_pid=5735 prev_prio=110 prev_state=S ==> next_comm=swapper/0 next_pid=0 next_prio=120
   mali-renderer-5735  [000] d..3  8166.533671: sched_switch: prev_comm=mali-renderer prev_pid=5735 prev_prio=110 prev_state=S ==> next_comm=swapper/0 next_pid=0 next_prio=120
    GLThread 217-5703  [003] d..4  8166.540144: sched_wakeup: comm=mali-renderer pid=5735 prio=110 success=1 target_cpu=000
   mali-renderer-5735  [000] d..3  8166.540212: sched_switch: prev_comm=mali-renderer prev_pid=5735 prev_prio=110 prev_state=S ==> next_comm=swapper/0 next_pid=0 next_prio=120
    GLThread 217-5703  [003] d..4  8166.540225: sched_wakeup: comm=mali-renderer pid=5735 prio=110 success=1 target_cpu=000
    GLThread 217-5703  [003] d..3  8166.540257: sched_switch: prev_comm=GLThread 217 prev_pid=5703 prev_prio=120 prev_state=S ==> next_comm=swapper/3 next_pid=0 next_prio=120
   mali-renderer-5735  [000] d..3  8166.540287: sched_switch: prev_comm=mali-renderer prev_pid=5735 prev_prio=110 prev_state=S ==> next_comm=swapper/0 next_pid=0 next_prio=120
   mali-renderer-5735  [000] d..4  8166.540568: sched_wakeup: comm=GLThread 217 pid=5703 prio=120 success=1 target_cpu=003
   mali-renderer-5735  [000] d..3  8166.540597: sched_switch: prev_comm=mali-renderer prev_pid=5735 prev_prio=110 prev_state=S ==> next_comm=swapper/0 next_pid=0 next_prio=120
    GLThread 217-5703  [003] d..4  8166.540746: sched_wakeup: comm=Binder:3036_3 pid=3498 prio=120 success=1 target_cpu=001
    GLThread 217-5703  [003] d..3  8166.540795: sched_switch: prev_comm=GLThread 217 prev_pid=5703 prev_prio=120 prev_state=D ==> next_comm=swapper/3 next_pid=0 next_prio=120
    GLThread 217-5703  [003] d..3  8166.540842: sched_switch: prev_comm=GLThread 217 prev_pid=5703 prev_prio=120 prev_state=S ==> next_comm=swapper/3 next_pid=0 next_prio=120
  mali-event-hnd-5726  [002] d..4  8166.541795: sched_wakeup: comm=mali-renderer pid=5735 prio=110 success=1 target_cpu=000
  mali-event-hnd-5726  [002] d..3  8166.541830: sched_switch: prev_comm=mali-event-hnd prev_pid=5726 prev_prio=110 prev_state=S ==> next_comm=swapper/2 next_pid=0 next_prio=120
   mali-renderer-5735  [000] d..3  8166.541894: sched_switch: prev_comm=mali-renderer prev_pid=5735 prev_prio=110 prev_state=S ==> next_comm=swapper/0 next_pid=0 next_prio=120
   mali-renderer-5735  [000] d..3  8166.541982: sched_switch: prev_comm=mali-renderer prev_pid=5735 prev_prio=110 prev_state=S ==> next_comm=swapper/0 next_pid=0 next_prio=120
    GLThread 217-5703  [003] d..4  8166.542413: sched_wakeup: comm=Binder:3403_A pid=4720 prio=120 success=1 target_cpu=001
    GLThread 217-5703  [003] d..3  8166.542456: sched_switch: prev_comm=GLThread 217 prev_pid=5703 prev_prio=120 prev_state=D ==> next_comm=swapper/3 next_pid=0 next_prio=120
    GLThread 217-5703  [003] d..3  8166.542498: sched_switch: prev_comm=GLThread 217 prev_pid=5703 prev_prio=120 prev_state=S ==> next_comm=swapper/3 next_pid=0 next_prio=120
    GLThread 217-5703  [003] d..4  8166.542856: sched_wakeup: comm=Binder:3036_2 pid=3082 prio=120 success=1 target_cpu=001
    GLThread 217-5703  [003] d..3  8166.542883: sched_switch: prev_comm=GLThread 217 prev_pid=5703 prev_prio=120 prev_state=S ==> next_comm=swapper/3 next_pid=0 next_prio=120
  mali-event-hnd-5726  [002] d..4  8166.543338: sched_wakeup: comm=mali-renderer pid=5735 prio=110 success=1 target_cpu=000
  mali-event-hnd-5726  [002] d..3  8166.543371: sched_switch: prev_comm=mali-event-hnd prev_pid=5726 prev_prio=110 prev_state=S ==> next_comm=swapper/2 next_pid=0 next_prio=120
   mali-renderer-5735  [000] d..3  8166.543412: sched_switch: prev_comm=mali-renderer prev_pid=5735 prev_prio=110 prev_state=S ==> next_comm=swapper/0 next_pid=0 next_prio=120
   mali-renderer-5735  [000] d..3  8166.543497: sched_switch: prev_comm=mali-renderer prev_pid=5735 prev_prio=110 prev_state=S ==> next_comm=swapper/0 next_pid=0 next_prio=120
  mali-event-hnd-5726  [002] d..4  8166.546703: sched_wakeup: comm=mali-renderer pid=5735 prio=110 success=1 target_cpu=000
  mali-event-hnd-5726  [002] d..3  8166.546743: sched_switch: prev_comm=mali-event-hnd prev_pid=5726 prev_prio=110 prev_state=S ==> next_comm=swapper/2 next_pid=0 next_prio=120
   mali-renderer-5735  [000] d..3  8166.546856: sched_switch: prev_comm=mali-renderer prev_pid=5735 prev_prio=110 prev_state=S ==> next_comm=swapper/0 next_pid=0 next_prio=120
   mali-renderer-5735  [000] d..3  8166.546966: sched_switch: prev_comm=mali-renderer prev_pid=5735 prev_prio=110 prev_state=S ==> next_comm=swapper/0 next_pid=0 next_prio=120
    GLThread 217-5703  [003] d..4  8166.550096: sched_wakeup: comm=mali-renderer pid=5735 prio=110 success=1 target_cpu=000
   mali-renderer-5735  [000] d..3  8166.550151: sched_switch: prev_comm=mali-renderer prev_pid=5735 prev_prio=110 prev_state=S ==> next_comm=swapper/0 next_pid=0 next_prio=120
   mali-renderer-5735  [000] d..3  8166.550275: sched_switch: prev_comm=mali-renderer prev_pid=5735 prev_prio=110 prev_state=S ==> next_comm=swapper/0 next_pid=0 next_prio=120
    GLThread 217-5703  [003] d..4  8166.556787: sched_wakeup: comm=mali-renderer pid=5735 prio=110 success=1 target_cpu=000
   mali-renderer-5735  [000] d..3  8166.556849: sched_switch: prev_comm=mali-renderer prev_pid=5735 prev_prio=110 prev_state=S ==> next_comm=swapper/0 next_pid=0 next_prio=120
    GLThread 217-5703  [003] d..4  8166.556863: sched_wakeup: comm=mali-renderer pid=5735 prio=110 success=1 target_cpu=000
    GLThread 217-5703  [003] d..3  8166.556891: sched_switch: prev_comm=GLThread 217 prev_pid=5703 prev_prio=120 prev_state=S ==> next_comm=swapper/3 next_pid=0 next_prio=120
   mali-renderer-5735  [000] d..3  8166.556920: sched_switch: prev_comm=mali-renderer prev_pid=5735 prev_prio=110 prev_state=S ==> next_comm=swapper/0 next_pid=0 next_prio=120
   mali-renderer-5735  [000] d..4  8166.557196: sched_wakeup: comm=GLThread 217 pid=5703 prio=120 success=1 target_cpu=003
   mali-renderer-5735  [000] d..3  8166.557224: sched_switch: prev_comm=mali-renderer prev_pid=5735 prev_prio=110 prev_state=S ==> next_comm=swapper/0 next_pid=0 next_prio=120
    GLThread 217-5703  [003] d..4  8166.557376: sched_wakeup: comm=Binder:3036_5 pid=3741 prio=120 success=1 target_cpu=000
    GLThread 217-5703  [003] d..3  8166.557428: sched_switch: prev_comm=GLThread 217 prev_pid=5703 prev_prio=120 prev_state=D ==> next_comm=swapper/3 next_pid=0 next_prio=120
    GLThread 217-5703  [003] d..3  8166.557475: sched_switch: prev_comm=GLThread 217 prev_pid=5703 prev_prio=120 prev_state=S ==> next_comm=swapper/3 next_pid=0 next_prio=120
    GLThread 217-5703  [003] d..4  8166.558968: sched_wakeup: comm=Binder:3403_9 pid=4719 prio=120 success=1 target_cpu=000
    GLThread 217-5703  [003] d..3  8166.559008: sched_switch: prev_comm=GLThread 217 prev_pid=5703 prev_prio=120 prev_state=D ==> next_comm=swapper/3 next_pid=0 next_prio=120
    GLThread 217-5703  [003] d..3  8166.559075: sched_switch: prev_comm=GLThread 217 prev_pid=5703 prev_prio=120 prev_state=S ==> next_comm=swapper/3 next_pid=0 next_prio=120
    GLThread 217-5703  [003] d..4  8166.559463: sched_wakeup: comm=Binder:3036_4 pid=3545 prio=120 success=1 target_cpu=002
    GLThread 217-5703  [003] d..3  8166.559490: sched_switch: prev_comm=GLThread 217 prev_pid=5703 prev_prio=120 prev_state=S ==> next_comm=swapper/3 next_pid=0 next_prio=120
      CMEM Purge-5725  [001] d..3  8166.559868: sched_switch: prev_comm=CMEM Purge prev_pid=5725 prev_prio=110 prev_state=S ==> next_comm=swapper/1 next_pid=0 next_prio=120
  mali-event-hnd-5726  [002] d..4  8166.559902: sched_wakeup: comm=mali-renderer pid=5735 prio=110 success=1 target_cpu=000
  mali-event-hnd-5726  [002] d..3  8166.559938: sched_switch: prev_comm=mali-event-hnd prev_pid=5726 prev_prio=110 prev_state=S ==> next_comm=swapper/2 next_pid=0 next_prio=120
   mali-renderer-5735  [000] d.h4  8166.559941: sched_wakeup: comm=kworker/u17:1 pid=1430 prio=100 success=1 target_cpu=001
   mali-renderer-5735  [000] d..3  8166.560017: sched_switch: prev_comm=mali-renderer prev_pid=5735 prev_prio=110 prev_state=S ==> next_comm=swapper/0 next_pid=0 next_prio=120
   mali-renderer-5735  [000] d..3  8166.560098: sched_switch: prev_comm=mali-renderer prev_pid=5735 prev_prio=110 prev_state=S ==> next_comm=swapper/0 next_pid=0 next_prio=120
  mali-event-hnd-5726  [002] d..4  8166.561844: sched_wakeup: comm=mali-renderer pid=5735 prio=110 success=1 target_cpu=000
  mali-event-hnd-5726  [002] d..3  8166.561877: sched_switch: prev_comm=mali-event-hnd prev_pid=5726 prev_prio=110 prev_state=S ==> next_comm=swapper/2 next_pid=0 next_prio=120
   mali-renderer-5735  [000] d..3  8166.561944: sched_switch: prev_comm=mali-renderer prev_pid=5735 prev_prio=110 prev_state=S ==> next_comm=swapper/0 next_pid=0 next_prio=120
   mali-renderer-5735  [000] d..3  8166.562027: sched_switch: prev_comm=mali-renderer prev_pid=5735 prev_prio=110 prev_state=S ==> next_comm=swapper/0 next_pid=0 next_prio=120
  mali-event-hnd-5726  [002] d..4  8166.565235: sched_wakeup: comm=mali-renderer pid=5735 prio=110 success=1 target_cpu=000
  mali-event-hnd-5726  [002] d..3  8166.565274: sched_switch: prev_comm=mali-event-hnd prev_pid=5726 prev_prio=110 prev_state=S ==> next_comm=swapper/2 next_pid=0 next_prio=120
   mali-renderer-5735  [000] d..3  8166.565387: sched_switch: prev_comm=mali-renderer prev_pid=5735 prev_prio=110 prev_state=S ==> next_comm=swapper/0 next_pid=0 next_prio=120
   mali-renderer-5735  [000] d..3  8166.565470: sched_switch: prev_comm=mali-renderer prev_pid=5735 prev_prio=110 prev_state=S ==> next_comm=swapper/0 next_pid=0 next_prio=120
    GLThread 217-5703  [003] d..4  8166.566859: sched_wakeup: comm=mali-renderer pid=5735 prio=110 success=1 target_cpu=000
   mali-renderer-5735  [000] d..3  8166.566922: sched_switch: prev_comm=mali-renderer prev_pid=5735 prev_prio=110 prev_state=S ==> next_comm=swapper/0 next_pid=0 next_prio=120
   mali-renderer-5735  [000] d..3  8166.567040: sched_switch: prev_comm=mali-renderer prev_pid=5735 prev_prio=110 prev_state=S ==> next_comm=swapper/0 next_pid=0 next_prio=120
    GLThread 217-5703  [003] d..4  8166.573516: sched_wakeup: comm=mali-renderer pid=5735 prio=110 success=1 target_cpu=000
   mali-renderer-5735  [000] d..3  8166.573585: sched_switch: prev_comm=mali-renderer prev_pid=5735 prev_prio=110 prev_state=S ==> next_comm=swapper/0 next_pid=0 next_prio=120
    GLThread 217-5703  [003] d..4  8166.573600: sched_wakeup: comm=mali-renderer pid=5735 prio=110 success=1 target_cpu=000
    GLThread 217-5703  [003] d..3  8166.573622: sched_switch: prev_comm=GLThread 217 prev_pid=5703 prev_prio=120 prev_state=S ==> next_comm=swapper/3 next_pid=0 next_prio=120
   mali-renderer-5735  [000] d..3  8166.573662: sched_switch: prev_comm=mali-renderer prev_pid=5735 prev_prio=110 prev_state=S ==> next_comm=swapper/0 next_pid=0 next_prio=120
   mali-renderer-5735  [000] d..4  8166.573947: sched_wakeup: comm=GLThread 217 pid=5703 prio=120 success=1 target_cpu=003
   mali-renderer-5735  [000] d..3  8166.573976: sched_switch: prev_comm=mali-renderer prev_pid=5735 prev_prio=110 prev_state=S ==> next_comm=swapper/0 next_pid=0 next_prio=120
    GLThread 217-5703  [003] d..4  8166.574123: sched_wakeup: comm=Binder:3036_1 pid=3080 prio=120 success=1 target_cpu=001
    GLThread 217-5703  [003] d..3  8166.574164: sched_switch: prev_comm=GLThread 217 prev_pid=5703 prev_prio=120 prev_state=S ==> next_comm=swapper/3 next_pid=0 next_prio=120
    GLThread 217-5703  [003] d..4  8166.575723: sched_wakeup: comm=Binder:3403_5 pid=3687 prio=120 success=1 target_cpu=000
    GLThread 217-5703  [003] d..3  8166.575760: sched_switch: prev_comm=GLThread 217 prev_pid=5703 prev_prio=120 prev_state=D ==> next_comm=swapper/3 next_pid=0 next_prio=120
    GLThread 217-5703  [003] d..3  8166.575810: sched_switch: prev_comm=GLThread 217 prev_pid=5703 prev_prio=120 prev_state=S ==> next_comm=swapper/3 next_pid=0 next_prio=120
    GLThread 217-5703  [003] d..4  8166.576181: sched_wakeup: comm=Binder:3036_3 pid=3498 prio=120 success=1 target_cpu=001
    GLThread 217-5703  [003] d..3  8166.576212: sched_switch: prev_comm=GLThread 217 prev_pid=5703 prev_prio=120 prev_state=D ==> next_comm=swapper/3 next_pid=0 next_prio=120
    GLThread 217-5703  [003] d..3  8166.576249: sched_switch: prev_comm=GLThread 217 prev_pid=5703 prev_prio=120 prev_state=S ==> next_comm=swapper/3 next_pid=0 next_prio=120
  mali-event-hnd-5726  [002] d..4  8166.576715: sched_wakeup: comm=mali-renderer pid=5735 prio=110 success=1 target_cpu=000
  mali-event-hnd-5726  [002] d..3  8166.576754: sched_switch: prev_comm=mali-event-hnd prev_pid=5726 prev_prio=110 prev_state=S ==> next_comm=swapper/2 next_pid=0 next_prio=120
   mali-renderer-5735  [000] d..3  8166.576816: sched_switch: prev_comm=mali-renderer prev_pid=5735 prev_prio=110 prev_state=S ==> next_comm=swapper/0 next_pid=0 next_prio=120
  mali-event-hnd-5726  [002] d..4  8166.576865: sched_wakeup: comm=mali-renderer pid=5735 prio=110 success=1 target_cpu=000
  mali-event-hnd-5726  [002] d..3  8166.576894: sched_switch: prev_comm=mali-event-hnd prev_pid=5726 prev_prio=110 prev_state=S ==> next_comm=swapper/2 next_pid=0 next_prio=120
   mali-renderer-5735  [000] d..3  8166.576968: sched_switch: prev_comm=mali-renderer prev_pid=5735 prev_prio=110 prev_state=S ==> next_comm=swapper/0 next_pid=0 next_prio=120
   mali-renderer-5735  [000] d..3  8166.577051: sched_switch: prev_comm=mali-renderer prev_pid=5735 prev_prio=110 prev_state=S ==> next_comm=swapper/0 next_pid=0 next_prio=120
  mali-event-hnd-5726  [002] d..4  8166.580271: sched_wakeup: comm=mali-renderer pid=5735 prio=110 success=1 target_cpu=000
  mali-event-hnd-5726  [002] d..3  8166.580312: sched_switch: prev_comm=mali-event-hnd prev_pid=5726 prev_prio=110 prev_state=S ==> next_comm=swapper/2 next_pid=0 next_prio=120
   mali-renderer-5735  [000] d..3  8166.580455: sched_switch: prev_comm=mali-renderer prev_pid=5735 prev_prio=110 prev_state=S ==> next_comm=swapper/0 next_pid=0 next_prio=120
   mali-renderer-5735  [000] d..3  8166.580538: sched_switch: prev_comm=mali-renderer prev_pid=5735 prev_prio=110 prev_state=S ==> next_comm=swapper/0 next_pid=0 next_prio=120
    GLThread 217-5703  [003] d..3  8166.583284: sched_switch: prev_comm=GLThread 217 prev_pid=5703 prev_prio=120 prev_state=D ==> next_comm=swapper/3 next_pid=0 next_prio=120
    GLThread 217-5703  [003] d..4  8166.583477: sched_wakeup: comm=mali-renderer pid=5735 prio=110 success=1 target_cpu=000
   mali-renderer-5735  [000] d..3  8166.583531: sched_switch: prev_comm=mali-renderer prev_pid=5735 prev_prio=110 prev_state=S ==> next_comm=swapper/0 next_pid=0 next_prio=120
   mali-renderer-5735  [000] d..3  8166.583651: sched_switch: prev_comm=mali-renderer prev_pid=5735 prev_prio=110 prev_state=S ==> next_comm=swapper/0 next_pid=0 next_prio=120
    GLThread 217-5703  [003] d..4  8166.590117: sched_wakeup: comm=mali-renderer pid=5735 prio=110 success=1 target_cpu=000
   mali-renderer-5735  [000] d..3  8166.590184: sched_switch: prev_comm=mali-renderer prev_pid=5735 prev_prio=110 prev_state=S ==> next_comm=swapper/0 next_pid=0 next_prio=120
    GLThread 217-5703  [003] d..4  8166.590199: sched_wakeup: comm=mali-renderer pid=5735 prio=110 success=1 target_cpu=000
    GLThread 217-5703  [003] d..3  8166.590231: sched_switch: prev_comm=GLThread 217 prev_pid=5703 prev_prio=120 prev_state=S ==> next_comm=swapper/3 next_pid=0 next_prio=120
   mali-renderer-5735  [000] d..3  8166.590259: sched_switch: prev_comm=mali-renderer prev_pid=5735 prev_prio=110 prev_state=S ==> next_comm=swapper/0 next_pid=0 next_prio=120
   mali-renderer-5735  [000] d..4  8166.590549: sched_wakeup: comm=GLThread 217 pid=5703 prio=120 success=1 target_cpu=003
   mali-renderer-5735  [000] d..3  8166.590577: sched_switch: prev_comm=mali-renderer prev_pid=5735 prev_prio=110 prev_state=S ==> next_comm=swapper/0 next_pid=0 next_prio=120
    GLThread 217-5703  [003] d..4  8166.590723: sched_wakeup: comm=Binder:3036_2 pid=3082 prio=120 success=1 target_cpu=001
    GLThread 217-5703  [003] d..3  8166.590772: sched_switch: prev_comm=GLThread 217 prev_pid=5703 prev_prio=120 prev_state=S ==> next_comm=swapper/3 next_pid=0 next_prio=120
  mali-event-hnd-5726  [002] d..4  8166.591806: sched_wakeup: comm=mali-renderer pid=5735 prio=110 success=1 target_cpu=000
  mali-event-hnd-5726  [002] d..3  8166.591844: sched_switch: prev_comm=mali-event-hnd prev_pid=5726 prev_prio=110 prev_state=S ==> next_comm=swapper/2 next_pid=0 next_prio=120
   mali-renderer-5735  [000] d..3  8166.591901: sched_switch: prev_comm=mali-renderer prev_pid=5735 prev_prio=110 prev_state=S ==> next_comm=swapper/0 next_pid=0 next_prio=120
   mali-renderer-5735  [000] d..3  8166.591993: sched_switch: prev_comm=mali-renderer prev_pid=5735 prev_prio=110 prev_state=S ==> next_comm=swapper/0 next_pid=0 next_prio=120
    GLThread 217-5703  [003] d..4  8166.592354: sched_wakeup: comm=Binder:3403_B pid=4807 prio=120 success=1 target_cpu=000
    GLThread 217-5703  [003] d..3  8166.592391: sched_switch: prev_comm=GLThread 217 prev_pid=5703 prev_prio=120 prev_state=S ==> next_comm=swapper/3 next_pid=0 next_prio=120
    GLThread 217-5703  [003] d..4  8166.592796: sched_wakeup: comm=Binder:3036_5 pid=3741 prio=120 success=1 target_cpu=000
    GLThread 217-5703  [003] d..4  8166.592846: sched_wakeup: comm=Binder:3036_5 pid=3741 prio=120 success=1 target_cpu=000
    GLThread 217-5703  [003] d..3  8166.592859: sched_switch: prev_comm=GLThread 217 prev_pid=5703 prev_prio=120 prev_state=S ==> next_comm=swapper/3 next_pid=0 next_prio=120
  mali-event-hnd-5726  [002] d..4  8166.593318: sched_wakeup: comm=mali-renderer pid=5735 prio=110 success=1 target_cpu=000
  mali-event-hnd-5726  [002] d..3  8166.593352: sched_switch: prev_comm=mali-event-hnd prev_pid=5726 prev_prio=110 prev_state=S ==> next_comm=swapper/2 next_pid=0 next_prio=120
   mali-renderer-5735  [000] d..3  8166.593395: sched_switch: prev_comm=mali-renderer prev_pid=5735 prev_prio=110 prev_state=S ==> next_comm=swapper/0 next_pid=0 next_prio=120
   mali-renderer-5735  [000] d..3  8166.593472: sched_switch: prev_comm=mali-renderer prev_pid=5735 prev_prio=110 prev_state=S ==> next_comm=swapper/0 next_pid=0 next_prio=120
  mali-event-hnd-5726  [002] d..4  8166.596644: sched_wakeup: comm=mali-renderer pid=5735 prio=110 success=1 target_cpu=000
  mali-event-hnd-5726  [002] d..3  8166.596685: sched_switch: prev_comm=mali-event-hnd prev_pid=5726 prev_prio=110 prev_state=S ==> next_comm=swapper/2 next_pid=0 next_prio=120
   mali-renderer-5735  [000] d..3  8166.596800: sched_switch: prev_comm=mali-renderer prev_pid=5735 prev_prio=110 prev_state=S ==> next_comm=swapper/0 next_pid=0 next_prio=120
   mali-renderer-5735  [000] d..3  8166.596883: sched_switch: prev_comm=mali-renderer prev_pid=5735 prev_prio=110 prev_state=S ==> next_comm=swapper/0 next_pid=0 next_prio=120
    GLThread 217-5703  [003] d..4  8166.600079: sched_wakeup: comm=mali-renderer pid=5735 prio=110 success=1 target_cpu=000
   mali-renderer-5735  [000] d..3  8166.600130: sched_switch: prev_comm=mali-renderer prev_pid=5735 prev_prio=110 prev_state=S ==> next_comm=swapper/0 next_pid=0 next_prio=120
   mali-renderer-5735  [000] d..3  8166.600251: sched_switch: prev_comm=mali-renderer prev_pid=5735 prev_prio=110 prev_state=S ==> next_comm=swapper/0 next_pid=0 next_prio=120
    GLThread 217-5703  [003] d..4  8166.606750: sched_wakeup: comm=mali-renderer pid=5735 prio=110 success=1 target_cpu=000
   mali-renderer-5735  [000] d..3  8166.606808: sched_switch: prev_comm=mali-renderer prev_pid=5735 prev_prio=110 prev_state=S ==> next_comm=swapper/0 next_pid=0 next_prio=120
    GLThread 217-5703  [003] d..4  8166.606820: sched_wakeup: comm=mali-renderer pid=5735 prio=110 success=1 target_cpu=000
    GLThread 217-5703  [003] d..3  8166.606848: sched_switch: prev_comm=GLThread 217 prev_pid=5703 prev_prio=120 prev_state=S ==> next_comm=swapper/3 next_pid=0 next_prio=120
   mali-renderer-5735  [000] d..3  8166.606873: sched_switch: prev_comm=mali-renderer prev_pid=5735 prev_prio=110 prev_state=S ==> next_comm=swapper/0 next_pid=0 next_prio=120
   mali-renderer-5735  [000] d..4  8166.607147: sched_wakeup: comm=GLThread 217 pid=5703 prio=120 success=1 target_cpu=003
   mali-renderer-5735  [000] d..3  8166.607176: sched_switch: prev_comm=mali-renderer prev_pid=5735 prev_prio=110 prev_state=S ==> next_comm=swapper/0 next_pid=0 next_prio=120
    GLThread 217-5703  [003] d..4  8166.607320: sched_wakeup: comm=Binder:3036_4 pid=3545 prio=120 success=1 target_cpu=001
    GLThread 217-5703  [003] d..3  8166.607372: sched_switch: prev_comm=GLThread 217 prev_pid=5703 prev_prio=120 prev_state=D ==> next_comm=swapper/3 next_pid=0 next_prio=120
    GLThread 217-5703  [003] d..3  8166.607421: sched_switch: prev_comm=GLThread 217 prev_pid=5703 prev_prio=120 prev_state=S ==> next_comm=swapper/3 next_pid=0 next_prio=120
    GLThread 217-5703  [000] d..3  8166.608499: sched_switch: prev_comm=GLThread 217 prev_pid=5703 prev_prio=120 prev_state=D ==> next_comm=swapper/0 next_pid=0 next_prio=120
    GLThread 217-5703  [002] d..4  8166.608886: sched_wakeup: comm=Binder:3036_4 pid=3545 prio=120 success=1 target_cpu=003
    GLThread 217-5703  [002] dNh3  8166.609804: sched_wakeup: comm=mali-event-hnd pid=5726 prio=110 success=1 target_cpu=002
    GLThread 217-5703  [002] d..3  8166.609819: sched_switch: prev_comm=GLThread 217 prev_pid=5703 prev_prio=120 prev_state=R+ ==> next_comm=mali-event-hnd next_pid=5726 next_prio=110
  mali-event-hnd-5726  [002] d..4  8166.609870: sched_wakeup: comm=mali-renderer pid=5735 prio=110 success=1 target_cpu=000
  mali-event-hnd-5726  [002] d..3  8166.609900: sched_switch: prev_comm=mali-event-hnd prev_pid=5726 prev_prio=110 prev_state=S ==> next_comm=GLThread 217 next_pid=5703 next_prio=120
    GLThread 217-5703  [002] d..3  8166.609912: sched_switch: prev_comm=GLThread 217 prev_pid=5703 prev_prio=120 prev_state=D ==> next_comm=swapper/2 next_pid=0 next_prio=120
   mali-renderer-5735  [000] d..3  8166.609994: sched_switch: prev_comm=mali-renderer prev_pid=5735 prev_prio=110 prev_state=S ==> next_comm=swapper/0 next_pid=0 next_prio=120
    GLThread 217-5703  [002] d..4  8166.610012: sched_wakeup: comm=Binder:3403_7 pid=4197 prio=120 success=1 target_cpu=001
    GLThread 217-5703  [002] d..4  8166.610029: sched_wakeup: comm=Binder:3103_3 pid=3940 prio=120 success=1 target_cpu=000
    GLThread 217-5703  [002] d..3  8166.610046: sched_switch: prev_comm=GLThread 217 prev_pid=5703 prev_prio=120 prev_state=D ==> next_comm=swapper/2 next_pid=0 next_prio=120
    GLThread 217-5703  [003] d..4  8166.610195: sched_wakeup: comm=Binder:3106_1 pid=3153 prio=120 success=1 target_cpu=001
    GLThread 217-5703  [003] d..3  8166.610220: sched_switch: prev_comm=GLThread 217 prev_pid=5703 prev_prio=120 prev_state=D ==> next_comm=swapper/3 next_pid=0 next_prio=120
    GLThread 217-5703  [003] d..3  8166.610258: sched_switch: prev_comm=GLThread 217 prev_pid=5703 prev_prio=120 prev_state=D ==> next_comm=swapper/3 next_pid=0 next_prio=120
   mali-renderer-5735  [000] d..3  8166.610387: sched_switch: prev_comm=mali-renderer prev_pid=5735 prev_prio=110 prev_state=S ==> next_comm=swapper/0 next_pid=0 next_prio=120
    GLThread 217-5703  [000] dN.4  8166.610454: sched_wakeup: comm=Binder:3103_3 pid=3940 prio=120 success=1 target_cpu=000
    GLThread 217-5703  [000] d..3  8166.610462: sched_switch: prev_comm=GLThread 217 prev_pid=5703 prev_prio=120 prev_state=R+ ==> next_comm=Binder:3103_3 next_pid=3940 next_prio=120
    GLThread 217-5703  [000] d..3  8166.610486: sched_switch: prev_comm=GLThread 217 prev_pid=5703 prev_prio=120 prev_state=S ==> next_comm=swapper/0 next_pid=0 next_prio=120
    GLThread 217-5703  [002] d..3  8166.610604: sched_switch: prev_comm=GLThread 217 prev_pid=5703 prev_prio=120 prev_state=D ==> next_comm=swapper/2 next_pid=0 next_prio=120
    GLThread 217-5703  [002] d..4  8166.610698: sched_wakeup: comm=Binder:3403_7 pid=4197 prio=120 success=1 target_cpu=001
    GLThread 217-5703  [002] d..3  8166.610864: sched_switch: prev_comm=GLThread 217 prev_pid=5703 prev_prio=120 prev_state=D ==> next_comm=swapper/2 next_pid=0 next_prio=120
    GLThread 217-5703  [002] d..4  8166.611011: sched_wakeup: comm=Binder:3036_1 pid=3080 prio=120 success=1 target_cpu=001
    GLThread 217-5703  [002] d..3  8166.611045: sched_switch: prev_comm=GLThread 217 prev_pid=5703 prev_prio=120 prev_state=D ==> next_comm=swapper/2 next_pid=0 next_prio=120
    GLThread 217-5703  [002] d..4  8166.611101: sched_wakeup: comm=Binder:3036_1 pid=3080 prio=120 success=1 target_cpu=001
    GLThread 217-5703  [002] d..3  8166.611113: sched_switch: prev_comm=GLThread 217 prev_pid=5703 prev_prio=120 prev_state=S ==> next_comm=swapper/2 next_pid=0 next_prio=120
    GLThread 217-5703  [000] d..3  8166.616938: sched_switch: prev_comm=GLThread 217 prev_pid=5703 prev_prio=120 prev_state=D ==> next_comm=swapper/0 next_pid=0 next_prio=120
    GLThread 217-5703  [001] d..4  8166.617262: sched_wakeup: comm=Binder:3103_5 pid=3942 prio=120 success=1 target_cpu=000
    GLThread 217-5703  [001] d..4  8166.617436: sched_wakeup: comm=mali-renderer pid=5735 prio=110 success=1 target_cpu=000
    GLThread 217-5703  [001] d..3  8166.617459: sched_switch: prev_comm=GLThread 217 prev_pid=5703 prev_prio=120 prev_state=R ==> next_comm=NPDecoder-CL next_pid=9487 next_prio=104
    GLThread 217-5703  [001] d..3  8166.617514: sched_switch: prev_comm=GLThread 217 prev_pid=5703 prev_prio=120 prev_state=R ==> next_comm=NPDecoder-CL next_pid=9487 next_prio=104
   mali-renderer-5735  [000] d..3  8166.617515: sched_switch: prev_comm=mali-renderer prev_pid=5735 prev_prio=110 prev_state=S ==> next_comm=swapper/0 next_pid=0 next_prio=120
   mali-renderer-5735  [000] dNs7  8166.617807: sched_wakeup: comm=AudioOut_D pid=3155 prio=101 success=1 target_cpu=000
   mali-renderer-5735  [000] d..3  8166.617824: sched_switch: prev_comm=mali-renderer prev_pid=5735 prev_prio=110 prev_state=R+ ==> next_comm=AudioOut_D next_pid=3155 next_prio=101
   mali-renderer-5735  [000] d..3  8166.618303: sched_switch: prev_comm=mali-renderer prev_pid=5735 prev_prio=110 prev_state=S ==> next_comm=Binder:3036_1 next_pid=3080 next_prio=120
    GLThread 217-5703  [001] d..3  8166.618735: sched_switch: prev_comm=GLThread 217 prev_pid=5703 prev_prio=120 prev_state=R ==> next_comm=NPDecoder-CL next_pid=9487 next_prio=104
    GLThread 217-5703  [001] d..3  8166.619885: sched_switch: prev_comm=GLThread 217 prev_pid=5703 prev_prio=120 prev_state=R ==> next_comm=NuPlayerRendere next_pid=9484 next_prio=104
    GLThread 217-5703  [001] d..3  8166.620735: sched_switch: prev_comm=GLThread 217 prev_pid=5703 prev_prio=120 prev_state=R ==> next_comm=NuPlayerRendere next_pid=9484 next_prio=104
    GLThread 217-5703  [001] d..3  8166.621740: sched_switch: prev_comm=GLThread 217 prev_pid=5703 prev_prio=120 prev_state=R ==> next_comm=NuPlayerRendere next_pid=9484 next_prio=104
    GLThread 217-5703  [001] d..3  8166.622061: sched_switch: prev_comm=GLThread 217 prev_pid=5703 prev_prio=120 prev_state=R ==> next_comm=kworker/u16:1 next_pid=9177 next_prio=120
    GLThread 217-5703  [001] d..3  8166.622238: sched_switch: prev_comm=GLThread 217 prev_pid=5703 prev_prio=120 prev_state=R ==> next_comm=kworker/u16:1 next_pid=9177 next_prio=120
  mali-event-hnd-5726  [000] d..4  8166.622938: sched_wakeup: comm=mali-renderer pid=5735 prio=110 success=1 target_cpu=000
  mali-event-hnd-5726  [000] d..3  8166.622972: sched_switch: prev_comm=mali-event-hnd prev_pid=5726 prev_prio=110 prev_state=S ==> next_comm=NPDecoder-CL next_pid=9487 next_prio=104
   mali-renderer-5735  [000] d..3  8166.623299: sched_switch: prev_comm=mali-renderer prev_pid=5735 prev_prio=110 prev_state=S ==> next_comm=swapper/0 next_pid=0 next_prio=120
   mali-renderer-5735  [000] d..3  8166.623525: sched_switch: prev_comm=mali-renderer prev_pid=5735 prev_prio=110 prev_state=S ==> next_comm=swapper/0 next_pid=0 next_prio=120
    GLThread 217-5703  [001] d..3  8166.624489: sched_switch: prev_comm=GLThread 217 prev_pid=5703 prev_prio=120 prev_state=R ==> next_comm=NuPlayerRendere next_pid=9484 next_prio=104
  mali-event-hnd-5726  [000] d..4  8166.626298: sched_wakeup: comm=mali-renderer pid=5735 prio=110 success=1 target_cpu=002
  mali-event-hnd-5726  [000] d..3  8166.626338: sched_switch: prev_comm=mali-event-hnd prev_pid=5726 prev_prio=110 prev_state=S ==> next_comm=Binder:3106_1 next_pid=3153 next_prio=120
   mali-renderer-5735  [002] d.h4  8166.626392: sched_wakeup: comm=kworker/u17:1 pid=1430 prio=100 success=1 target_cpu=003
   mali-renderer-5735  [002] d..3  8166.626419: sched_switch: prev_comm=mali-renderer prev_pid=5735 prev_prio=110 prev_state=D ==> next_comm=swapper/2 next_pid=0 next_prio=120
    GLThread 217-5703  [001] d..3  8166.626439: sched_wakeup: comm=mali-renderer pid=5735 prio=110 success=1 target_cpu=002
    GLThread 217-5703  [001] d..3  8166.626518: sched_switch: prev_comm=GLThread 217 prev_pid=5703 prev_prio=120 prev_state=S ==> next_comm=swapper/1 next_pid=0 next_prio=120
   mali-renderer-5735  [002] d..4  8166.626535: sched_wakeup: comm=GLThread 217 pid=5703 prio=120 success=1 target_cpu=001
   mali-renderer-5735  [002] d..3  8166.626632: sched_switch: prev_comm=mali-renderer prev_pid=5735 prev_prio=110 prev_state=S ==> next_comm=swapper/2 next_pid=0 next_prio=120
