    GLThread 217-5703  [003] d.h4  7798.786952: sched_wakeup: comm=kworker/u17:1 pid=1430 prio=100 success=1 target_cpu=001
    GLThread 217-5703  [003] d.h4  7798.787338: sched_wakeup: comm=kworker/u17:1 pid=1430 prio=100 success=1 target_cpu=001
    GLThread 217-5703  [003] d.h3  7798.789362: sched_wakeup: comm=surfaceflinger pid=3178 prio=112 success=1 target_cpu=000
    GLThread 217-5703  [003] d..4  7798.790481: sched_wakeup: comm=mali-renderer pid=5735 prio=110 success=1 target_cpu=000
    GLThread 217-5703  [003] d..4  7798.790548: sched_wakeup: comm=mali-renderer pid=5735 prio=110 success=1 target_cpu=000
   mali-renderer-5735  [000] d..4  7798.790877: sched_wakeup: comm=GLThread 217 pid=5703 prio=120 success=1 target_cpu=003
    GLThread 217-5703  [003] d..4  7798.791054: sched_wakeup: comm=Binder:3036_1 pid=3080 prio=120 success=1 target_cpu=001
    GLThread 217-5703  [003] d..4  7798.791102: sched_wakeup: comm=Binder:3036_1 pid=3080 prio=120 success=1 target_cpu=001
    GLThread 217-5703  [003] d..4  7798.792721: sched_wakeup: comm=Binder:3403_A pid=4720 prio=120 success=1 target_cpu=002
    GLThread 217-5703  [003] d..4  7798.793176: sched_wakeup: comm=Binder:3036_4 pid=3545 prio=120 success=1 target_cpu=000
  mali-event-hnd-5726  [000] d..4  7798.793576: sched_wakeup: comm=mali-renderer pid=5735 prio=110 success=1 target_cpu=001
    GLThread 217-5703  [003] d..4  7798.800163: sched_wakeup: comm=mali-renderer pid=5735 prio=110 success=1 target_cpu=001
  mali-event-hnd-5726  [001] d..4  7798.801923: sched_wakeup: comm=mali-renderer pid=5735 prio=110 success=1 target_cpu=001
  mali-event-hnd-5726  [001] d.h6  7798.806616: sched_wakeup: comm=kworker/u17:1 pid=1430 prio=100 success=1 target_cpu=000
  mali-event-hnd-5726  [001] d..4  7798.806673: sched_wakeup: comm=mali-renderer pid=5735 prio=110 success=1 target_cpu=002
    GLThread 217-5703  [003] d..3  7798.806761: sched_wakeup: comm=mali-renderer pid=5735 prio=110 success=1 target_cpu=002
   mali-renderer-5735  [002] d..3  7798.806794: sched_wakeup: comm=GLThread 217 pid=5703 prio=120 success=1 target_cpu=003
    GLThread 217-5703  [003] d..4  7798.806998: sched_wakeup: comm=mali-renderer pid=5735 prio=110 success=1 target_cpu=002
   mali-renderer-5735  [002] d..4  7798.807304: sched_wakeup: comm=GLThread 217 pid=5703 prio=120 success=1 target_cpu=003
    GLThread 217-5703  [003] d..4  7798.807485: sched_wakeup: comm=Binder:3036_2 pid=3082 prio=120 success=1 target_cpu=000
    GLThread 217-5703  [003] d..4  7798.809022: sched_wakeup: comm=Binder:3403_5 pid=3687 prio=120 success=1 target_cpu=001
    GLThread 217-5703  [003] d..4  7798.809490: sched_wakeup: comm=Binder:3036_5 pid=3741 prio=120 success=1 target_cpu=001
  mali-event-hnd-5726  [001] d..4  7798.810001: sched_wakeup: comm=mali-renderer pid=5735 prio=110 success=1 target_cpu=002
   mali-renderer-5735  [002] d.h4  7798.810059: sched_wakeup: comm=kworker/u17:1 pid=1430 prio=100 success=1 target_cpu=001
  mali-event-hnd-5726  [001] d..4  7798.811820: sched_wakeup: comm=mali-renderer pid=5735 prio=110 success=1 target_cpu=002
  mali-event-hnd-5726  [001] d..4  7798.815240: sched_wakeup: comm=mali-renderer pid=5735 prio=110 success=1 target_cpu=002
    GLThread 217-5703  [000] d..4  7798.816799: sched_wakeup: comm=mali-renderer pid=5735 prio=110 success=1 target_cpu=003
    GLThread 217-5703  [000] d..4  7798.823427: sched_wakeup: comm=mali-renderer pid=5735 prio=110 success=1 target_cpu=003
    GLThread 217-5703  [000] d..4  7798.823502: sched_wakeup: comm=mali-renderer pid=5735 prio=110 success=1 target_cpu=003
   mali-renderer-5735  [003] d..4  7798.823834: sched_wakeup: comm=GLThread 217 pid=5703 prio=120 success=1 target_cpu=000
    GLThread 217-5703  [000] d..4  7798.824019: sched_wakeup: comm=Binder:3036_3 pid=3498 prio=120 success=1 target_cpu=001
    GLThread 217-5703  [000] d..4  7798.825599: sched_wakeup: comm=Binder:3403_4 pid=3684 prio=120 success=1 target_cpu=002
    GLThread 217-5703  [000] d..4  7798.826055: sched_wakeup: comm=Binder:3036_1 pid=3080 prio=120 success=1 target_cpu=001
  mali-event-hnd-5726  [001] d..4  7798.826540: sched_wakeup: comm=mali-renderer pid=5735 prio=110 success=1 target_cpu=003
  mali-event-hnd-5726  [001] d.s3  7798.826605: sched_wakeup: comm=rcu_preempt pid=8 prio=120 success=1 target_cpu=002
  mali-event-hnd-5726  [001] d.s3  7798.826623: sched_wakeup: comm=kworker/u16:3 pid=8206 prio=120 success=1 target_cpu=000
  mali-event-hnd-5726  [001] d..4  7798.826853: sched_wakeup: comm=mali-renderer pid=5735 prio=110 success=1 target_cpu=003
  mali-event-hnd-5726  [001] d..4  7798.830257: sched_wakeup: comm=mali-renderer pid=5735 prio=110 success=1 target_cpu=003
    GLThread 217-5703  [000] d..4  7798.833455: sched_wakeup: comm=mali-renderer pid=5735 prio=110 success=1 target_cpu=003
    GLThread 217-5703  [000] d.s4  7798.836621: sched_wakeup: comm=rcu_preempt pid=8 prio=120 success=1 target_cpu=002
    GLThread 217-5703  [000] d..4  7798.840155: sched_wakeup: comm=mali-renderer pid=5735 prio=110 success=1 target_cpu=003
    GLThread 217-5703  [000] d..4  7798.840232: sched_wakeup: comm=mali-renderer pid=5735 prio=110 success=1 target_cpu=003
   mali-renderer-5735  [003] d..4  7798.840565: sched_wakeup: comm=GLThread 217 pid=5703 prio=120 success=1 target_cpu=000
    GLThread 217-5703  [000] d..4  7798.840750: sched_wakeup: comm=Binder:3036_4 pid=3545 prio=120 success=1 target_cpu=001
    GLThread 217-5703  [000] d..4  7798.840797: sched_wakeup: comm=Binder:3036_4 pid=3545 prio=120 success=1 target_cpu=001
  mali-event-hnd-5726  [002] d..4  7798.841783: sched_wakeup: comm=mali-renderer pid=5735 prio=110 success=1 target_cpu=003
    GLThread 217-5703  [000] d.h5  7798.842372: sched_wakeup: comm=kworker/u16:2 pid=7430 prio=120 success=1 target_cpu=001
    GLThread 217-5703  [000] d..4  7798.842461: sched_wakeup: comm=Binder:3403_B pid=4807 prio=120 success=1 target_cpu=002
    GLThread 217-5703  [000] d..4  7798.842505: sched_wakeup: comm=Binder:3403_B pid=4807 prio=120 success=1 target_cpu=002
    GLThread 217-5703  [000] d..4  7798.842944: sched_wakeup: comm=Binder:3036_2 pid=3082 prio=120 success=1 target_cpu=001
  mali-event-hnd-5726  [002] d..4  7798.843339: sched_wakeup: comm=mali-renderer pid=5735 prio=110 success=1 target_cpu=003
  mali-event-hnd-5726  [002] d..4  7798.846646: sched_wakeup: comm=mali-renderer pid=5735 prio=110 success=1 target_cpu=003
    GLThread 217-5703  [000] d..4  7798.850142: sched_wakeup: comm=mali-renderer pid=5735 prio=110 success=1 target_cpu=003
    GLThread 217-5703  [000] d.s4  7798.856625: sched_wakeup: comm=rcu_preempt pid=8 prio=120 success=1 target_cpu=003
    GLThread 217-5703  [000] d..4  7798.856833: sched_wakeup: comm=mali-renderer pid=5735 prio=110 success=1 target_cpu=003
    GLThread 217-5703  [000] d..4  7798.856896: sched_wakeup: comm=mali-renderer pid=5735 prio=110 success=1 target_cpu=003
   mali-renderer-5735  [003] d..4  7798.857203: sched_wakeup: comm=GLThread 217 pid=5703 prio=120 success=1 target_cpu=000
    GLThread 217-5703  [000] d..4  7798.857391: sched_wakeup: comm=Binder:3036_5 pid=3741 prio=120 success=1 target_cpu=003
    GLThread 217-5703  [000] d..4  7798.858934: sched_wakeup: comm=Binder:3403_1 pid=3421 prio=120 success=1 target_cpu=002
    GLThread 217-5703  [000] d.h7  7798.859032: sched_wakeup: comm=kworker/u16:2 pid=7430 prio=120 success=1 target_cpu=001
    GLThread 217-5703  [000] d..4  7798.859493: sched_wakeup: comm=Binder:3036_3 pid=3498 prio=120 success=1 target_cpu=001
  mali-event-hnd-5726  [002] d..4  7798.859908: sched_wakeup: comm=mali-renderer pid=5735 prio=110 success=1 target_cpu=003
   mali-renderer-5735  [003] d.h4  7798.859959: sched_wakeup: comm=kworker/u17:1 pid=1430 prio=100 success=1 target_cpu=001
  mali-event-hnd-5726  [002] d..4  7798.861830: sched_wakeup: comm=mali-renderer pid=5735 prio=110 success=1 target_cpu=003
  mali-event-hnd-5726  [002] d..4  7798.865224: sched_wakeup: comm=mali-renderer pid=5735 prio=110 success=1 target_cpu=003
    GLThread 217-5703  [000] d..4  7798.866889: sched_wakeup: comm=mali-renderer pid=5735 prio=110 success=1 target_cpu=003
    GLThread 217-5703  [000] d..4  7798.873483: sched_wakeup: comm=mali-renderer pid=5735 prio=110 success=1 target_cpu=003
    GLThread 217-5703  [000] d..4  7798.873556: sched_wakeup: comm=mali-renderer pid=5735 prio=110 success=1 target_cpu=003
   mali-renderer-5735  [003] d..4  7798.873885: sched_wakeup: comm=GLThread 217 pid=5703 prio=120 success=1 target_cpu=000
    GLThread 217-5703  [000] d..4  7798.874062: sched_wakeup: comm=Binder:3036_1 pid=3080 prio=120 success=1 target_cpu=001
    GLThread 217-5703  [000] d..4  7798.874111: sched_wakeup: comm=Binder:3036_1 pid=3080 prio=120 success=1 target_cpu=001
    GLThread 217-5703  [000] d..4  7798.875650: sched_wakeup: comm=Binder:3403_E pid=4810 prio=120 success=1 target_cpu=002
    GLThread 217-5703  [000] d.h7  7798.875698: sched_wakeup: comm=kworker/u16:2 pid=7430 prio=120 success=1 target_cpu=001
    GLThread 217-5703  [000] d..4  7798.876116: sched_wakeup: comm=Binder:3036_4 pid=3545 prio=120 success=1 target_cpu=001
  mali-event-hnd-5726  [002] d..4  7798.876556: sched_wakeup: comm=mali-renderer pid=5735 prio=110 success=1 target_cpu=003
   mali-renderer-5735  [003] d.h4  7798.876640: sched_wakeup: comm=kworker/u17:1 pid=1430 prio=100 success=1 target_cpu=000
  mali-event-hnd-5726  [002] d..4  7798.876834: sched_wakeup: comm=mali-renderer pid=5735 prio=110 success=1 target_cpu=003
  mali-event-hnd-5726  [002] d..4  7798.880232: sched_wakeup: comm=mali-renderer pid=5735 prio=110 success=1 target_cpu=003
    GLThread 217-5703  [003] d..4  7798.883425: sched_wakeup: comm=mali-renderer pid=5735 prio=110 success=1 target_cpu=000
    GLThread 217-5703  [003] d.s3  7798.886613: sched_wakeup: comm=rcu_preempt pid=8 prio=120 success=1 target_cpu=000
    GLThread 217-5703  [003] d..4  7798.890109: sched_wakeup: comm=mali-renderer pid=5735 prio=110 success=1 target_cpu=000
    GLThread 217-5703  [003] d..4  7798.890173: sched_wakeup: comm=mali-renderer pid=5735 prio=110 success=1 target_cpu=000
   mali-renderer-5735  [000] d..4  7798.890498: sched_wakeup: comm=GLThread 217 pid=5703 prio=120 success=1 target_cpu=003
    GLThread 217-5703  [003] d..4  7798.890676: sched_wakeup: comm=Binder:3036_2 pid=3082 prio=120 success=1 target_cpu=001
    GLThread 217-5703  [003] d..4  7798.892260: sched_wakeup: comm=Binder:3403_6 pid=4187 prio=120 success=1 target_cpu=002
    GLThread 217-5703  [003] d..4  7798.892747: sched_wakeup: comm=Binder:3036_5 pid=3741 prio=120 success=1 target_cpu=000
  mali-event-hnd-5726  [002] d..4  7798.893198: sched_wakeup: comm=mali-renderer pid=5735 prio=110 success=1 target_cpu=000
   mali-renderer-5735  [000] d.h4  7798.893247: sched_wakeup: comm=kworker/u17:1 pid=1430 prio=100 success=1 target_cpu=002
    GLThread 217-5703  [003] d..4  7798.900084: sched_wakeup: comm=mali-renderer pid=5735 prio=110 success=1 target_cpu=000
  mali-event-hnd-5726  [002] d..4  7798.902442: sched_wakeup: comm=mali-renderer pid=5735 prio=110 success=1 target_cpu=000
  mali-event-hnd-5726  [002] d..4  7798.906523: sched_wakeup: comm=mali-renderer pid=5735 prio=110 success=1 target_cpu=000
   mali-renderer-5735  [000] d.s4  7798.906614: sched_wakeup: comm=thread_hotplug pid=1814 prio=120 success=1 target_cpu=000
   mali-renderer-5735  [000] d.s5  7798.906632: sched_wakeup: comm=kworker/0:1 pid=8628 prio=120 success=1 target_cpu=000
   mali-renderer-5735  [000] d.s7  7798.906691: sched_wakeup: comm=AudioOut_D pid=3155 prio=101 success=1 target_cpu=001
    GLThread 217-5703  [003] d..4  7798.906773: sched_wakeup: comm=mali-renderer pid=5735 prio=110 success=1 target_cpu=002
    GLThread 217-5703  [003] d..4  7798.906881: sched_wakeup: comm=mali-renderer pid=5735 prio=110 success=1 target_cpu=002
   mali-renderer-5735  [002] d..4  7798.907207: sched_wakeup: comm=GLThread 217 pid=5703 prio=120 success=1 target_cpu=003
    GLThread 217-5703  [003] d..4  7798.907388: sched_wakeup: comm=Binder:3036_3 pid=3498 prio=120 success=1 target_cpu=001
    GLThread 217-5703  [003] d..4  7798.908958: sched_wakeup: comm=Binder:3403_8 pid=4200 prio=120 success=1 target_cpu=002
    GLThread 217-5703  [003] d..4  7798.909413: sched_wakeup: comm=Binder:3036_1 pid=3080 prio=120 success=1 target_cpu=001
  mali-event-hnd-5726  [002] d..4  7798.909900: sched_wakeup: comm=mali-renderer pid=5735 prio=110 success=1 target_cpu=003
    GLThread 217-5703  [000] d..4  7798.916798: sched_wakeup: comm=mali-renderer pid=5735 prio=110 success=1 target_cpu=003
  mali-event-hnd-5726  [001] d..4  7798.921948: sched_wakeup: comm=mali-renderer pid=5735 prio=110 success=1 target_cpu=003
    GLThread 217-5703  [000] d.h3  7798.923161: sched_wakeup: comm=NuPlayerRendere pid=8409 prio=104 success=1 target_cpu=001
    GLThread 217-5703  [000] d..4  7798.923523: sched_wakeup: comm=mali-renderer pid=5735 prio=110 success=1 target_cpu=001
    GLThread 217-5703  [000] d..4  7798.923589: sched_wakeup: comm=mali-renderer pid=5735 prio=110 success=1 target_cpu=001
   mali-renderer-5735  [001] d..4  7798.923906: sched_wakeup: comm=GLThread 217 pid=5703 prio=120 success=1 target_cpu=001
    GLThread 217-5703  [001] d..4  7798.924066: sched_wakeup: comm=Binder:3036_4 pid=3545 prio=120 success=1 target_cpu=000
    GLThread 217-5703  [001] d..4  7798.924085: sched_wakeup: comm=NPDecoder-CL pid=8412 prio=104 success=1 target_cpu=002
    GLThread 217-5703  [000] d..4  7798.924453: sched_wakeup: comm=Binder:3103_7 pid=3944 prio=120 success=1 target_cpu=002
    GLThread 217-5703  [001] d..4  7798.924863: sched_wakeup: comm=Binder:3103_2 pid=3734 prio=120 success=1 target_cpu=000
  mali-event-hnd-5726  [001] d..4  7798.925280: sched_wakeup: comm=mali-renderer pid=5735 prio=110 success=1 target_cpu=000
    GLThread 217-5703  [001] d..4  7798.926436: sched_wakeup: comm=Binder:3036_4 pid=3545 prio=120 success=1 target_cpu=003
    GLThread 217-5703  [001] dNh2  7798.926639: sched_wakeup: comm=mali-event-hnd pid=5726 prio=110 success=1 target_cpu=001
  mali-event-hnd-5726  [001] d..4  7798.926724: sched_wakeup: comm=mali-renderer pid=5735 prio=110 success=1 target_cpu=000
    GLThread 217-5703  [001] d.h4  7798.926981: sched_wakeup: comm=kworker/u17:1 pid=1430 prio=100 success=1 target_cpu=002
    GLThread 217-5703  [001] d.h4  7798.927380: sched_wakeup: comm=kworker/u17:1 pid=1430 prio=100 success=1 target_cpu=003
    GLThread 217-5703  [001] dN.4  7798.927686: sched_wakeup: comm=Binder:3403_9 pid=4719 prio=120 success=1 target_cpu=001
    GLThread 217-5703  [001] d..4  7798.927731: sched_wakeup: comm=NPDecoder-CL pid=8412 prio=104 success=1 target_cpu=002
    GLThread 217-5703  [002] d..4  7798.928009: sched_wakeup: comm=Binder:3103_1 pid=3130 prio=120 success=1 target_cpu=003
    GLThread 217-5703  [002] d..4  7798.928134: sched_wakeup: comm=Binder:3403_9 pid=4719 prio=120 success=1 target_cpu=001
    GLThread 217-5703  [001] d..4  7798.928398: sched_wakeup: comm=NPDecoder-CL pid=8412 prio=104 success=1 target_cpu=002
    GLThread 217-5703  [002] d..4  7798.929168: sched_wakeup: comm=Binder:3036_2 pid=3082 prio=120 success=1 target_cpu=003
    GLThread 217-5703  [002] d..4  7798.929185: sched_wakeup: comm=mediaextractor pid=3105 prio=120 success=1 target_cpu=000
    GLThread 217-5703  [003] d..4  7798.929571: sched_wakeup: comm=generic pid=8378 prio=120 success=1 target_cpu=001
    GLThread 217-5703  [003] d..4  7798.929943: sched_wakeup: comm=Binder:3103_2 pid=3734 prio=120 success=1 target_cpu=001
  mali-event-hnd-5726  [003] d..4  7798.932277: sched_wakeup: comm=mali-renderer pid=5735 prio=110 success=1 target_cpu=000
    GLThread 217-5703  [000] dN.4  7798.935757: sched_wakeup: comm=Binder:3103_9 pid=3947 prio=120 success=1 target_cpu=000
  mali-event-hnd-5726  [003] d..4  7798.935767: sched_wakeup: comm=mali-renderer pid=5735 prio=110 success=1 target_cpu=000
    GLThread 217-5703  [000] d.h3  7798.936076: sched_wakeup: comm=mali-renderer pid=5735 prio=110 success=1 target_cpu=003
    GLThread 217-5703  [000] dNh2  7798.937284: sched_wakeup: comm=mali-event-hnd pid=3137 prio=112 success=1 target_cpu=000
    GLThread 217-5703  [000] d.s3  7798.941612: sched_wakeup: comm=rcu_preempt pid=8 prio=120 success=1 target_cpu=002
    GLThread 217-5703  [000] d.h5  7798.942371: sched_wakeup: comm=kworker/u16:2 pid=7430 prio=120 success=1 target_cpu=002
    GLThread 217-5703  [000] d..4  7798.944069: sched_wakeup: comm=mali-renderer pid=5735 prio=110 success=1 target_cpu=001
    GLThread 217-5703  [000] d..4  7798.944137: sched_wakeup: comm=mali-renderer pid=5735 prio=110 success=1 target_cpu=001
   mali-renderer-5735  [001] d..4  7798.944698: sched_wakeup: comm=GLThread 217 pid=5703 prio=120 success=1 target_cpu=001
    GLThread 217-5703  [001] d..4  7798.944953: sched_wakeup: comm=Binder:3036_5 pid=3741 prio=120 success=1 target_cpu=002
    GLThread 217-5703  [001] d..4  7798.944970: sched_wakeup: comm=Binder:3103_3 pid=3940 prio=120 success=1 target_cpu=003
    GLThread 217-5703  [001] d..4  7798.945189: sched_wakeup: comm=Binder:3103_9 pid=3947 prio=120 success=1 target_cpu=003
    GLThread 217-5703  [003] d..4  7798.947275: sched_wakeup: comm=Binder:3106_5 pid=3935 prio=120 success=1 target_cpu=001
    GLThread 217-5703  [003] dNh2  7798.947352: sched_wakeup: comm=mali-event-hnd pid=5726 prio=110 success=1 target_cpu=003
  mali-event-hnd-5726  [003] d..4  7798.947403: sched_wakeup: comm=mali-renderer pid=5735 prio=110 success=1 target_cpu=002
    GLThread 217-5703  [003] d..4  7798.948678: sched_wakeup: comm=Binder:3403_2 pid=3422 prio=120 success=1 target_cpu=002
    GLThread 217-5703  [003] d..4  7798.948697: sched_wakeup: comm=Binder:3103_5 pid=3942 prio=104 success=1 target_cpu=000
    GLThread 217-5703  [000] dN.4  7798.948822: sched_wakeup: comm=Binder:3103_5 pid=3942 prio=120 success=1 target_cpu=000
    GLThread 217-5703  [000] d..4  7798.949080: sched_wakeup: comm=Binder:3403_2 pid=3422 prio=120 success=1 target_cpu=003
    GLThread 217-5703  [000] d..4  7798.949320: sched_wakeup: comm=Binder:3036_3 pid=3498 prio=120 success=1 target_cpu=001
    GLThread 217-5703  [000] d..4  7798.949358: sched_wakeup: comm=Binder:3036_3 pid=3498 prio=120 success=1 target_cpu=003
    GLThread 217-5703  [001] d..4  7798.951433: sched_wakeup: comm=Binder:3036_3 pid=3498 prio=120 success=1 target_cpu=002
    GLThread 217-5703  [001] d..4  7798.951655: sched_wakeup: comm=mali-renderer pid=5735 prio=110 success=1 target_cpu=000
  mali-event-hnd-5726  [003] d..4  7798.952532: sched_wakeup: comm=mali-renderer pid=5735 prio=110 success=1 target_cpu=000
  mali-event-hnd-5726  [003] d..4  7798.956846: sched_wakeup: comm=mali-renderer pid=5735 prio=110 success=1 target_cpu=000
    GLThread 217-5703  [001] d..4  7798.959654: sched_wakeup: comm=mali-renderer pid=5735 prio=110 success=1 target_cpu=000
    GLThread 217-5703  [001] d..4  7798.959723: sched_wakeup: comm=mali-renderer pid=5735 prio=110 success=1 target_cpu=000
   mali-renderer-5735  [001] d..4  7798.960083: sched_wakeup: comm=GLThread 217 pid=5703 prio=120 success=1 target_cpu=001
    GLThread 217-5703  [001] d..4  7798.960250: sched_wakeup: comm=Binder:3036_1 pid=3080 prio=120 success=1 target_cpu=000
    GLThread 217-5703  [001] d..4  7798.960270: sched_wakeup: comm=Binder:3106_2 pid=3659 prio=120 success=1 target_cpu=000
    GLThread 217-5703  [001] d..4  7798.960459: sched_wakeup: comm=Binder:3103_1 pid=3130 prio=120 success=1 target_cpu=002
  mali-event-hnd-5726  [000] d..4  7798.961904: sched_wakeup: comm=mali-renderer pid=5735 prio=110 success=1 target_cpu=001
    GLThread 217-5703  [001] d..4  7798.962123: sched_wakeup: comm=Binder:3036_1 pid=3080 prio=120 success=1 target_cpu=002
  mali-event-hnd-5726  [000] d..4  7798.962962: sched_wakeup: comm=mali-renderer pid=5735 prio=110 success=1 target_cpu=003
    GLThread 217-5703  [001] d..4  7798.963299: sched_wakeup: comm=Binder:3403_C pid=4808 prio=120 success=1 target_cpu=000
    GLThread 217-5703  [001] d..4  7798.963376: sched_wakeup: comm=Binder:3106_3 pid=3706 prio=120 success=1 target_cpu=002
    GLThread 217-5703  [001] dN.4  7798.963763: sched_wakeup: comm=Binder:3036_4 pid=3545 prio=120 success=1 target_cpu=001
    GLThread 217-5703  [001] d..4  7798.963821: sched_wakeup: comm=OMXCallbackDisp pid=8415 prio=118 success=1 target_cpu=002
    GLThread 217-5703  [001] d..4  7798.964089: sched_wakeup: comm=NPDecoder-CL pid=8412 prio=104 success=1 target_cpu=000
  mali-event-hnd-5726  [000] d..4  7798.966160: sched_wakeup: comm=mali-renderer pid=5735 prio=110 success=1 target_cpu=001
    GLThread 217-5703  [003] d..4  7798.967096: sched_wakeup: comm=mali-renderer pid=5735 prio=110 success=1 target_cpu=001
    GLThread 217-5703  [003] d..4  7798.975432: sched_wakeup: comm=mali-renderer pid=5735 prio=110 success=1 target_cpu=002
    GLThread 217-5703  [003] d..4  7798.975499: sched_wakeup: comm=mali-renderer pid=5735 prio=110 success=1 target_cpu=000
   mali-renderer-5735  [001] d..4  7798.975845: sched_wakeup: comm=GLThread 217 pid=5703 prio=120 success=1 target_cpu=003
    GLThread 217-5703  [003] d..4  7798.976002: sched_wakeup: comm=Binder:3036_2 pid=3082 prio=120 success=1 target_cpu=001
  mali-event-hnd-5726  [001] d..4  7798.976823: sched_wakeup: comm=mali-renderer pid=5735 prio=110 success=1 target_cpu=001
    GLThread 217-5703  [003] d..4  7798.977954: sched_wakeup: comm=Binder:3403_D pid=4809 prio=120 success=1 target_cpu=002
    GLThread 217-5703  [003] d..4  7798.978391: sched_wakeup: comm=Binder:3036_5 pid=3741 prio=120 success=1 target_cpu=001
  mali-event-hnd-5726  [001] d..4  7798.978643: sched_wakeup: comm=mali-renderer pid=5735 prio=110 success=1 target_cpu=002
  mali-event-hnd-5726  [001] d..4  7798.981914: sched_wakeup: comm=mali-renderer pid=5735 prio=110 success=1 target_cpu=002
    GLThread 217-5703  [003] d..4  7798.983451: sched_wakeup: comm=mali-renderer pid=5735 prio=110 success=1 target_cpu=000
    GLThread 217-5703  [003] dNs4  7798.986610: sched_wakeup: comm=kworker/3:2 pid=8074 prio=120 success=1 target_cpu=003
    GLThread 217-5703  [003] d..4  7798.990197: sched_wakeup: comm=mali-renderer pid=5735 prio=110 success=1 target_cpu=000
    GLThread 217-5703  [003] d..4  7798.990261: sched_wakeup: comm=mali-renderer pid=5735 prio=110 success=1 target_cpu=000
   mali-renderer-5735  [000] d..4  7798.990581: sched_wakeup: comm=GLThread 217 pid=5703 prio=120 success=1 target_cpu=003
    GLThread 217-5703  [003] d..4  7798.990761: sched_wakeup: comm=Binder:3036_3 pid=3498 prio=120 success=1 target_cpu=002
    GLThread 217-5703  [003] d..4  7798.990809: sched_wakeup: comm=Binder:3036_3 pid=3498 prio=120 success=1 target_cpu=002
  mali-event-hnd-5726  [002] d..4  7798.991783: sched_wakeup: comm=mali-renderer pid=5735 prio=110 success=1 target_cpu=000
    GLThread 217-5703  [003] d..4  7798.992439: sched_wakeup: comm=Binder:3403_7 pid=4197 prio=120 success=1 target_cpu=001
    GLThread 217-5703  [003] d..4  7798.992484: sched_wakeup: comm=Binder:3403_7 pid=4197 prio=120 success=1 target_cpu=001
    GLThread 217-5703  [003] d..4  7798.992943: sched_wakeup: comm=Binder:3036_1 pid=3080 prio=120 success=1 target_cpu=002
  mali-event-hnd-5726  [002] d..4  7798.993354: sched_wakeup: comm=mali-renderer pid=5735 prio=110 success=1 target_cpu=000
  mali-event-hnd-5726  [002] d..4  7798.996683: sched_wakeup: comm=mali-renderer pid=5735 prio=110 success=1 target_cpu=000
   mali-renderer-5735  [000] d.h4  7798.996926: sched_wakeup: comm=kworker/u17:1 pid=1430 prio=100 success=1 target_cpu=001
    GLThread 217-5703  [003] d..4  7799.001396: sched_wakeup: comm=mali-renderer pid=5735 prio=110 success=1 target_cpu=000
    GLThread 217-5703  [003] d..4  7799.007988: sched_wakeup: comm=mali-renderer pid=5735 prio=110 success=1 target_cpu=000
    GLThread 217-5703  [003] d..4  7799.008061: sched_wakeup: comm=mali-renderer pid=5735 prio=110 success=1 target_cpu=000
   mali-renderer-5735  [000] d..4  7799.008388: sched_wakeup: comm=GLThread 217 pid=5703 prio=120 success=1 target_cpu=003
    GLThread 217-5703  [003] d..4  7799.008566: sched_wakeup: comm=Binder:3036_4 pid=3545 prio=120 success=1 target_cpu=001
    GLThread 217-5703  [003] d..4  7799.010184: sched_wakeup: comm=Binder:3403_3 pid=3598 prio=120 success=1 target_cpu=001
    GLThread 217-5703  [003] d..4  7799.010580: sched_wakeup: comm=Binder:3036_2 pid=3082 prio=120 success=1 target_cpu=002
  mali-event-hnd-5726  [002] d..4  7799.011087: sched_wakeup: comm=mali-renderer pid=5735 prio=110 success=1 target_cpu=000
   mali-renderer-5735  [000] d.h4  7799.011140: sched_wakeup: comm=kworker/u17:1 pid=1430 prio=100 success=1 target_cpu=001
  mali-event-hnd-5726  [002] d..4  7799.011837: sched_wakeup: comm=mali-renderer pid=5735 prio=110 success=1 target_cpu=000
  mali-event-hnd-5726  [002] d..4  7799.015238: sched_wakeup: comm=mali-renderer pid=5735 prio=110 success=1 target_cpu=000
    GLThread 217-5703  [003] d..4  7799.016858: sched_wakeup: comm=mali-renderer pid=5735 prio=110 success=1 target_cpu=000
    GLThread 217-5703  [003] d..4  7799.023496: sched_wakeup: comm=mali-renderer pid=5735 prio=110 success=1 target_cpu=000
    GLThread 217-5703  [003] d..4  7799.023577: sched_wakeup: comm=mali-renderer pid=5735 prio=110 success=1 target_cpu=000
   mali-renderer-5735  [000] d..4  7799.023908: sched_wakeup: comm=GLThread 217 pid=5703 prio=120 success=1 target_cpu=003
    GLThread 217-5703  [003] d..4  7799.024086: sched_wakeup: comm=Binder:3036_5 pid=3741 prio=120 success=1 target_cpu=000
    GLThread 217-5703  [003] d..4  7799.025611: sched_wakeup: comm=Binder:3403_A pid=4720 prio=120 success=1 target_cpu=002
    GLThread 217-5703  [003] d..4  7799.026049: sched_wakeup: comm=Binder:3036_3 pid=3498 prio=120 success=1 target_cpu=002
  mali-event-hnd-5726  [002] d..4  7799.026656: sched_wakeup: comm=mali-renderer pid=5735 prio=110 success=1 target_cpu=000
  mali-event-hnd-5726  [002] d..4  7799.030222: sched_wakeup: comm=mali-renderer pid=5735 prio=110 success=1 target_cpu=000
   mali-renderer-5735  [000] d.h4  7799.030252: sched_wakeup: comm=kworker/u17:1 pid=1430 prio=100 success=1 target_cpu=003
    GLThread 217-5703  [003] d..4  7799.033498: sched_wakeup: comm=mali-renderer pid=5735 prio=110 success=1 target_cpu=000
    GLThread 217-5703  [003] d..4  7799.040098: sched_wakeup: comm=mali-renderer pid=5735 prio=110 success=1 target_cpu=000
    GLThread 217-5703  [003] d..4  7799.040172: sched_wakeup: comm=mali-renderer pid=5735 prio=110 success=1 target_cpu=000
   mali-renderer-5735  [000] d..4  7799.040507: sched_wakeup: comm=GLThread 217 pid=5703 prio=120 success=1 target_cpu=003
    GLThread 217-5703  [003] d..4  7799.040681: sched_wakeup: comm=Binder:3036_1 pid=3080 prio=120 success=1 target_cpu=002
  mali-event-hnd-5726  [002] d..4  7799.041785: sched_wakeup: comm=mali-renderer pid=5735 prio=110 success=1 target_cpu=001
    GLThread 217-5703  [003] d..4  7799.042262: sched_wakeup: comm=Binder:3403_5 pid=3687 prio=120 success=1 target_cpu=001
    GLThread 217-5703  [003] d..4  7799.042304: sched_wakeup: comm=Binder:3403_5 pid=3687 prio=120 success=1 target_cpu=001
    GLThread 217-5703  [003] d..4  7799.042751: sched_wakeup: comm=Binder:3036_4 pid=3545 prio=120 success=1 target_cpu=001
  mali-event-hnd-5726  [002] d..4  7799.043263: sched_wakeup: comm=mali-renderer pid=5735 prio=110 success=1 target_cpu=001
  mali-event-hnd-5726  [002] d..4  7799.046556: sched_wakeup: comm=mali-renderer pid=5735 prio=110 success=1 target_cpu=001
  mali-event-hnd-5726  [002] d.s5  7799.046618: sched_wakeup: comm=rcu_preempt pid=8 prio=120 success=1 target_cpu=003
    GLThread 217-5703  [003] d..4  7799.050171: sched_wakeup: comm=mali-renderer pid=5735 prio=110 success=1 target_cpu=001
    GLThread 217-5703  [003] d..4  7799.056826: sched_wakeup: comm=mali-renderer pid=5735 prio=110 success=1 target_cpu=001
    GLThread 217-5703  [003] d..4  7799.056900: sched_wakeup: comm=mali-renderer pid=5735 prio=110 success=1 target_cpu=001
   mali-renderer-5735  [001] d..4  7799.057226: sched_wakeup: comm=GLThread 217 pid=5703 prio=120 success=1 target_cpu=003
    GLThread 217-5703  [003] d..4  7799.057405: sched_wakeup: comm=Binder:3036_2 pid=3082 prio=120 success=1 target_cpu=001
    GLThread 217-5703  [003] d..4  7799.058964: sched_wakeup: comm=Binder:3403_4 pid=3684 prio=120 success=1 target_cpu=002
    GLThread 217-5703  [003] d..4  7799.059444: sched_wakeup: comm=Binder:3036_5 pid=3741 prio=120 success=1 target_cpu=000
    GLThread 217-5703  [003] d..4  7799.059481: sched_wakeup: comm=Binder:3036_5 pid=3741 prio=120 success=1 target_cpu=000
  mali-event-hnd-5726  [002] d..4  7799.059931: sched_wakeup: comm=mali-renderer pid=5735 prio=110 success=1 target_cpu=001
   mali-renderer-5735  [001] d.h4  7799.059981: sched_wakeup: comm=kworker/u17:1 pid=1430 prio=100 success=1 target_cpu=002
    GLThread 217-5703  [003] d..4  7799.066862: sched_wakeup: comm=mali-renderer pid=5735 prio=110 success=1 target_cpu=001
  mali-event-hnd-5726  [002] d..4  7799.072498: sched_wakeup: comm=mali-renderer pid=5735 prio=110 success=1 target_cpu=001
    GLThread 217-5703  [003] d..4  7799.073479: sched_wakeup: comm=mali-renderer pid=5735 prio=110 success=1 target_cpu=001
    GLThread 217-5703  [003] d..4  7799.073543: sched_wakeup: comm=mali-renderer pid=5735 prio=110 success=1 target_cpu=001
   mali-renderer-5735  [001] d..4  7799.073814: sched_wakeup: comm=GLThread 217 pid=5703 prio=120 success=1 target_cpu=003
    GLThread 217-5703  [003] d..4  7799.073987: sched_wakeup: comm=Binder:3036_3 pid=3498 prio=120 success=1 target_cpu=001
    GLThread 217-5703  [003] d..4  7799.074032: sched_wakeup: comm=Binder:3036_3 pid=3498 prio=120 success=1 target_cpu=001
  mali-event-hnd-5726  [002] d..4  7799.075247: sched_wakeup: comm=mali-renderer pid=5735 prio=110 success=1 target_cpu=000
    GLThread 217-5703  [003] d..4  7799.076111: sched_wakeup: comm=Binder:3403_B pid=4807 prio=120 success=1 target_cpu=002
    GLThread 217-5703  [003] d.s3  7799.076607: sched_wakeup: comm=rcu_preempt pid=8 prio=120 success=1 target_cpu=000
  mali-event-hnd-5726  [002] d..4  7799.076673: sched_wakeup: comm=mali-renderer pid=5735 prio=110 success=1 target_cpu=000
    GLThread 217-5703  [003] d..4  7799.076685: sched_wakeup: comm=Binder:3036_1 pid=3080 prio=120 success=1 target_cpu=000
  mali-event-hnd-5726  [002] d..4  7799.081837: sched_wakeup: comm=mali-renderer pid=5735 prio=110 success=1 target_cpu=001
    GLThread 217-5703  [000] d..4  7799.083303: sched_wakeup: comm=mali-renderer pid=5735 prio=110 success=1 target_cpu=001
  mali-event-hnd-5726  [003] d..4  7799.085371: sched_wakeup: comm=mali-renderer pid=5735 prio=110 success=1 target_cpu=001
    GLThread 217-5703  [000] d.h4  7799.086959: sched_wakeup: comm=kworker/u17:1 pid=1430 prio=100 success=1 target_cpu=003
    GLThread 217-5703  [000] d.h4  7799.087348: sched_wakeup: comm=kworker/u17:1 pid=1430 prio=100 success=1 target_cpu=003
    GLThread 217-5703  [000] d.h3  7799.089728: sched_wakeup: comm=surfaceflinger pid=3178 prio=112 success=1 target_cpu=001
    GLThread 217-5703  [000] d..4  7799.090343: sched_wakeup: comm=mali-renderer pid=5735 prio=110 success=1 target_cpu=001
    GLThread 217-5703  [000] d..4  7799.090408: sched_wakeup: comm=mali-renderer pid=5735 prio=110 success=1 target_cpu=001
   mali-renderer-5735  [001] d..4  7799.090728: sched_wakeup: comm=GLThread 217 pid=5703 prio=120 success=1 target_cpu=000
    GLThread 217-5703  [000] d..4  7799.090908: sched_wakeup: comm=Binder:3036_4 pid=3545 prio=120 success=1 target_cpu=001
    GLThread 217-5703  [000] d..4  7799.090952: sched_wakeup: comm=Binder:3036_4 pid=3545 prio=120 success=1 target_cpu=001
    GLThread 217-5703  [000] d.H5  7799.092374: sched_wakeup: comm=kworker/u16:2 pid=7430 prio=120 success=1 target_cpu=001
    GLThread 217-5703  [000] d.s6  7799.092421: sched_wakeup: comm=AudioOut_D pid=3155 prio=101 success=1 target_cpu=002
    GLThread 217-5703  [000] d..4  7799.092717: sched_wakeup: comm=Binder:3403_1 pid=3421 prio=120 success=1 target_cpu=001
    GLThread 217-5703  [000] d..4  7799.092741: sched_wakeup: comm=Binder:3403_1 pid=3421 prio=120 success=1 target_cpu=001
    GLThread 217-5703  [000] d..4  7799.093189: sched_wakeup: comm=Binder:3036_2 pid=3082 prio=120 success=1 target_cpu=001
  mali-event-hnd-5726  [003] d..4  7799.093425: sched_wakeup: comm=mali-renderer pid=5735 prio=110 success=1 target_cpu=001
   mali-renderer-5735  [001] d.h4  7799.093477: sched_wakeup: comm=kworker/u17:1 pid=1430 prio=100 success=1 target_cpu=003
    GLThread 217-5703  [001] d..4  7799.100138: sched_wakeup: comm=mali-renderer pid=5735 prio=110 success=1 target_cpu=003
    GLThread 217-5703  [001] d.h4  7799.101584: sched_wakeup: comm=rcu_preempt pid=8 prio=120 success=1 target_cpu=000
    GLThread 217-5703  [001] d.h5  7799.101826: sched_wakeup: comm=kworker/u16:3 pid=8206 prio=120 success=1 target_cpu=000
  mali-event-hnd-5726  [000] d..4  7799.101884: sched_wakeup: comm=mali-renderer pid=5735 prio=110 success=1 target_cpu=003
  mali-event-hnd-5726  [000] d..4  7799.106777: sched_wakeup: comm=mali-renderer pid=5735 prio=110 success=1 target_cpu=002
    GLThread 217-5703  [001] d..3  7799.106856: sched_wakeup: comm=mali-renderer pid=5735 prio=110 success=1 target_cpu=002
   mali-renderer-5735  [002] d..3  7799.106897: sched_wakeup: comm=GLThread 217 pid=5703 prio=120 success=1 target_cpu=001
    GLThread 217-5703  [001] d..4  7799.107025: sched_wakeup: comm=mali-renderer pid=5735 prio=110 success=1 target_cpu=003
    GLThread 217-5703  [001] d..4  7799.107084: sched_wakeup: comm=mali-renderer pid=5735 prio=110 success=1 target_cpu=003
   mali-renderer-5735  [003] d..4  7799.107392: sched_wakeup: comm=GLThread 217 pid=5703 prio=120 success=1 target_cpu=001
    GLThread 217-5703  [001] d..4  7799.107568: sched_wakeup: comm=Binder:3036_5 pid=3741 prio=120 success=1 target_cpu=002
    GLThread 217-5703  [001] d..4  7799.107615: sched_wakeup: comm=Binder:3036_5 pid=3741 prio=120 success=1 target_cpu=002
    GLThread 217-5703  [001] d..4  7799.109186: sched_wakeup: comm=Binder:3403_E pid=4810 prio=120 success=1 target_cpu=002
    GLThread 217-5703  [001] d..4  7799.109224: sched_wakeup: comm=Binder:3403_E pid=4810 prio=120 success=1 target_cpu=002
    GLThread 217-5703  [001] d..4  7799.109667: sched_wakeup: comm=Binder:3036_3 pid=3498 prio=120 success=1 target_cpu=002
  mali-event-hnd-5726  [000] d..4  7799.110092: sched_wakeup: comm=mali-renderer pid=5735 prio=110 success=1 target_cpu=003
   mali-renderer-5735  [003] d.h4  7799.110150: sched_wakeup: comm=kworker/u17:1 pid=1430 prio=100 success=1 target_cpu=002
  mali-event-hnd-5726  [001] d..4  7799.111822: sched_wakeup: comm=mali-renderer pid=5735 prio=110 success=1 target_cpu=003
  mali-event-hnd-5726  [001] d..4  7799.115223: sched_wakeup: comm=mali-renderer pid=5735 prio=110 success=1 target_cpu=003
    GLThread 217-5703  [000] d..4  7799.116836: sched_wakeup: comm=mali-renderer pid=5735 prio=110 success=1 target_cpu=003
    GLThread 217-5703  [000] d..4  7799.123458: sched_wakeup: comm=mali-renderer pid=5735 prio=110 success=1 target_cpu=003
    GLThread 217-5703  [000] d..4  7799.123534: sched_wakeup: comm=mali-renderer pid=5735 prio=110 success=1 target_cpu=003
   mali-renderer-5735  [003] d..4  7799.123864: sched_wakeup: comm=GLThread 217 pid=5703 prio=120 success=1 target_cpu=000
    GLThread 217-5703  [000] d..4  7799.124048: sched_wakeup: comm=Binder:3036_1 pid=3080 prio=120 success=1 target_cpu=003
    GLThread 217-5703  [000] d..4  7799.124095: sched_wakeup: comm=Binder:3036_1 pid=3080 prio=120 success=1 target_cpu=003
    GLThread 217-5703  [000] d..4  7799.125693: sched_wakeup: comm=Binder:3403_6 pid=4187 prio=120 success=1 target_cpu=002
    GLThread 217-5703  [000] d.h6  7799.125727: sched_wakeup: comm=kworker/u16:2 pid=7430 prio=120 success=1 target_cpu=001
    GLThread 217-5703  [000] d..4  7799.125751: sched_wakeup: comm=Binder:3403_6 pid=4187 prio=120 success=1 target_cpu=002
    GLThread 217-5703  [000] d..4  7799.126171: sched_wakeup: comm=Binder:3036_4 pid=3545 prio=120 success=1 target_cpu=001
  mali-event-hnd-5726  [001] d.s3  7799.126607: sched_wakeup: comm=kworker/u16:3 pid=8206 prio=120 success=1 target_cpu=002
  mali-event-hnd-5726  [001] d..4  7799.126640: sched_wakeup: comm=mali-renderer pid=5735 prio=110 success=1 target_cpu=000
  mali-event-hnd-5726  [001] d..4  7799.126832: sched_wakeup: comm=mali-renderer pid=5735 prio=110 success=1 target_cpu=000
  mali-event-hnd-5726  [001] d..4  7799.130229: sched_wakeup: comm=mali-renderer pid=5735 prio=110 success=1 target_cpu=000
    GLThread 217-5703  [003] d..4  7799.133424: sched_wakeup: comm=mali-renderer pid=5735 prio=110 success=1 target_cpu=000
    GLThread 217-5703  [003] d..4  7799.140109: sched_wakeup: comm=mali-renderer pid=5735 prio=110 success=1 target_cpu=000
    GLThread 217-5703  [003] d..4  7799.140183: sched_wakeup: comm=mali-renderer pid=5735 prio=110 success=1 target_cpu=000
   mali-renderer-5735  [000] d..4  7799.140518: sched_wakeup: comm=GLThread 217 pid=5703 prio=120 success=1 target_cpu=003
    GLThread 217-5703  [003] d..4  7799.140706: sched_wakeup: comm=Binder:3036_2 pid=3082 prio=120 success=1 target_cpu=000
  mali-event-hnd-5726  [001] d..4  7799.141790: sched_wakeup: comm=mali-renderer pid=5735 prio=110 success=1 target_cpu=000
    GLThread 217-5703  [003] d..4  7799.142339: sched_wakeup: comm=Binder:3403_8 pid=4200 prio=120 success=1 target_cpu=002
    GLThread 217-5703  [003] d..4  7799.142789: sched_wakeup: comm=Binder:3036_5 pid=3741 prio=120 success=1 target_cpu=002
  mali-event-hnd-5726  [001] d..4  7799.143288: sched_wakeup: comm=mali-renderer pid=5735 prio=110 success=1 target_cpu=000
  mali-event-hnd-5726  [001] d.s5  7799.146595: sched_wakeup: comm=rcu_preempt pid=8 prio=120 success=1 target_cpu=002
  mali-event-hnd-5726  [001] d..4  7799.146654: sched_wakeup: comm=mali-renderer pid=5735 prio=110 success=1 target_cpu=000
    GLThread 217-5703  [003] d..4  7799.150239: sched_wakeup: comm=mali-renderer pid=5735 prio=110 success=1 target_cpu=001
    GLThread 217-5703  [003] d..4  7799.156933: sched_wakeup: comm=mali-renderer pid=5735 prio=110 success=1 target_cpu=001
    GLThread 217-5703  [003] d..4  7799.157007: sched_wakeup: comm=mali-renderer pid=5735 prio=110 success=1 target_cpu=001
   mali-renderer-5735  [001] d..4  7799.157332: sched_wakeup: comm=GLThread 217 pid=5703 prio=120 success=1 target_cpu=003
    GLThread 217-5703  [003] d..4  7799.157520: sched_wakeup: comm=Binder:3036_3 pid=3498 prio=120 success=1 target_cpu=001
    GLThread 217-5703  [003] d..4  7799.159075: sched_wakeup: comm=Binder:3403_9 pid=4719 prio=120 success=1 target_cpu=001
    GLThread 217-5703  [003] d..4  7799.159499: sched_wakeup: comm=Binder:3036_1 pid=3080 prio=120 success=1 target_cpu=000
  mali-event-hnd-5726  [001] d..4  7799.160031: sched_wakeup: comm=mali-renderer pid=5735 prio=110 success=1 target_cpu=002
  mali-event-hnd-5726  [001] d..4  7799.161839: sched_wakeup: comm=mali-renderer pid=5735 prio=110 success=1 target_cpu=002
  mali-event-hnd-5726  [001] d..4  7799.165248: sched_wakeup: comm=mali-renderer pid=5735 prio=110 success=1 target_cpu=002
    GLThread 217-5703  [003] d..4  7799.166897: sched_wakeup: comm=mali-renderer pid=5735 prio=110 success=1 target_cpu=000
    GLThread 217-5703  [003] d..4  7799.173540: sched_wakeup: comm=mali-renderer pid=5735 prio=110 success=1 target_cpu=000
    GLThread 217-5703  [003] d..4  7799.173620: sched_wakeup: comm=mali-renderer pid=5735 prio=110 success=1 target_cpu=000
   mali-renderer-5735  [000] d..4  7799.173948: sched_wakeup: comm=GLThread 217 pid=5703 prio=120 success=1 target_cpu=003
    GLThread 217-5703  [003] d..4  7799.174134: sched_wakeup: comm=Binder:3036_4 pid=3545 prio=120 success=1 target_cpu=000
    GLThread 217-5703  [003] d..4  7799.175650: sched_wakeup: comm=Binder:3403_2 pid=3422 prio=120 success=1 target_cpu=000
    GLThread 217-5703  [003] d..4  7799.176126: sched_wakeup: comm=Binder:3036_2 pid=3082 prio=120 success=1 target_cpu=000
  mali-event-hnd-5726  [002] d..4  7799.176707: sched_wakeup: comm=mali-renderer pid=5735 prio=110 success=1 target_cpu=003
  mali-event-hnd-5726  [002] d..4  7799.176906: sched_wakeup: comm=mali-renderer pid=5735 prio=110 success=1 target_cpu=003
  mali-event-hnd-5726  [002] d..4  7799.180311: sched_wakeup: comm=mali-renderer pid=5735 prio=110 success=1 target_cpu=003
    GLThread 217-5703  [003] d..4  7799.183571: sched_wakeup: comm=mali-renderer pid=5735 prio=110 success=1 target_cpu=000
    GLThread 217-5703  [003] d..4  7799.190268: sched_wakeup: comm=mali-renderer pid=5735 prio=110 success=1 target_cpu=000
    GLThread 217-5703  [003] d..4  7799.190331: sched_wakeup: comm=mali-renderer pid=5735 prio=110 success=1 target_cpu=000
   mali-renderer-5735  [000] d..4  7799.190694: sched_wakeup: comm=GLThread 217 pid=5703 prio=120 success=1 target_cpu=003
    GLThread 217-5703  [003] d..4  7799.190872: sched_wakeup: comm=Binder:3036_5 pid=3741 prio=120 success=1 target_cpu=000
  mali-event-hnd-5726  [002] d..4  7799.191786: sched_wakeup: comm=mali-renderer pid=5735 prio=110 success=1 target_cpu=000
    GLThread 217-5703  [003] d..4  7799.192535: sched_wakeup: comm=Binder:3403_C pid=4808 prio=120 success=1 target_cpu=000
    GLThread 217-5703  [003] d..4  7799.192569: sched_wakeup: comm=Binder:3403_C pid=4808 prio=120 success=1 target_cpu=000
    GLThread 217-5703  [003] d..4  7799.193105: sched_wakeup: comm=Binder:3036_3 pid=3498 prio=120 success=1 target_cpu=001
  mali-event-hnd-5726  [002] d..4  7799.193464: sched_wakeup: comm=mali-renderer pid=5735 prio=110 success=1 target_cpu=000
  mali-event-hnd-5726  [002] d..4  7799.196761: sched_wakeup: comm=mali-renderer pid=5735 prio=110 success=1 target_cpu=000
    GLThread 217-5703  [003] d..4  7799.200246: sched_wakeup: comm=mali-renderer pid=5735 prio=110 success=1 target_cpu=000
    GLThread 217-5703  [003] d..4  7799.206914: sched_wakeup: comm=mali-renderer pid=5735 prio=110 success=1 target_cpu=000
    GLThread 217-5703  [003] d..4  7799.206980: sched_wakeup: comm=mali-renderer pid=5735 prio=110 success=1 target_cpu=000
   mali-renderer-5735  [000] d..4  7799.207294: sched_wakeup: comm=GLThread 217 pid=5703 prio=120 success=1 target_cpu=003
    GLThread 217-5703  [003] d..4  7799.207472: sched_wakeup: comm=Binder:3036_1 pid=3080 prio=120 success=1 target_cpu=000
    GLThread 217-5703  [003] d..4  7799.208995: sched_wakeup: comm=Binder:3403_D pid=4809 prio=120 success=1 target_cpu=002
    GLThread 217-5703  [003] d..4  7799.209397: sched_wakeup: comm=Binder:3036_4 pid=3545 prio=120 success=1 target_cpu=000
  mali-event-hnd-5726  [002] d..4  7799.209994: sched_wakeup: comm=mali-renderer pid=5735 prio=110 success=1 target_cpu=000
   mali-renderer-5735  [000] d.h4  7799.210048: sched_wakeup: comm=kworker/u17:1 pid=1430 prio=100 success=1 target_cpu=001
    GLThread 217-5703  [000] d..4  7799.216932: sched_wakeup: comm=mali-renderer pid=5735 prio=110 success=1 target_cpu=001
  mali-event-hnd-5726  [003] d..4  7799.222523: sched_wakeup: comm=mali-renderer pid=5735 prio=110 success=1 target_cpu=001
    GLThread 217-5703  [000] d..4  7799.223562: sched_wakeup: comm=mali-renderer pid=5735 prio=110 success=1 target_cpu=001
    GLThread 217-5703  [000] d..4  7799.223623: sched_wakeup: comm=mali-renderer pid=5735 prio=110 success=1 target_cpu=001
   mali-renderer-5735  [001] d..4  7799.223887: sched_wakeup: comm=GLThread 217 pid=5703 prio=120 success=1 target_cpu=000
    GLThread 217-5703  [000] d..4  7799.224069: sched_wakeup: comm=Binder:3036_2 pid=3082 prio=120 success=1 target_cpu=001
    GLThread 217-5703  [000] d..4  7799.224115: sched_wakeup: comm=Binder:3036_2 pid=3082 prio=120 success=1 target_cpu=001
  mali-event-hnd-5726  [003] d..4  7799.225884: sched_wakeup: comm=mali-renderer pid=5735 prio=110 success=1 target_cpu=002
    GLThread 217-5703  [000] d..4  7799.226809: sched_wakeup: comm=Binder:3403_7 pid=4197 prio=120 success=1 target_cpu=001
  mali-event-hnd-5726  [003] d..4  7799.226819: sched_wakeup: comm=mali-renderer pid=5735 prio=110 success=1 target_cpu=003
    GLThread 217-5703  [000] d..4  7799.227255: sched_wakeup: comm=Binder:3036_5 pid=3741 prio=120 success=1 target_cpu=001
  mali-event-hnd-5726  [003] d..4  7799.232004: sched_wakeup: comm=mali-renderer pid=5735 prio=110 success=1 target_cpu=001
    GLThread 217-5703  [000] d..4  7799.233943: sched_wakeup: comm=mali-renderer pid=5735 prio=110 success=1 target_cpu=001
  mali-event-hnd-5726  [003] d..4  7799.235436: sched_wakeup: comm=mali-renderer pid=5735 prio=110 success=1 target_cpu=002
    GLThread 217-5703  [000] d..4  7799.241089: sched_wakeup: comm=mali-renderer pid=5735 prio=110 success=1 target_cpu=001
   mali-renderer-5735  [001] d..4  7799.241552: sched_wakeup: comm=GLThread 217 pid=5703 prio=120 success=1 target_cpu=000
    GLThread 217-5703  [000] d..4  7799.241849: sched_wakeup: comm=Binder:3036_3 pid=3498 prio=120 success=1 target_cpu=002
    GLThread 217-5703  [000] d..4  7799.241869: sched_wakeup: comm=NPDecoder-CL pid=8412 prio=104 success=1 target_cpu=002
    GLThread 217-5703  [001] d..4  7799.242006: sched_wakeup: comm=Binder:3036_3 pid=3498 prio=120 success=1 target_cpu=002
    GLThread 217-5703  [000] dN.4  7799.242140: sched_wakeup: comm=Binder:3103_5 pid=3942 prio=120 success=1 target_cpu=000
    GLThread 217-5703  [003] d..4  7799.243889: sched_wakeup: comm=Binder:3036_3 pid=3498 prio=120 success=1 target_cpu=000
    GLThread 217-5703  [003] dNh2  7799.244215: sched_wakeup: comm=mali-event-hnd pid=5726 prio=110 success=1 target_cpu=003
  mali-event-hnd-5726  [003] d..4  7799.244267: sched_wakeup: comm=mali-renderer pid=5735 prio=110 success=1 target_cpu=001
   mali-renderer-5735  [001] d.h4  7799.244696: sched_wakeup: comm=kworker/u17:1 pid=1430 prio=100 success=1 target_cpu=003
   mali-renderer-5735  [001] d..3  7799.244736: sched_wakeup: comm=ksoftirqd/1 pid=14 prio=120 success=1 target_cpu=001
    GLThread 217-5703  [000] d..4  7799.245346: sched_wakeup: comm=Binder:3403_3 pid=3598 prio=120 success=1 target_cpu=001
    GLThread 217-5703  [000] d..4  7799.245363: sched_wakeup: comm=Binder:3103_6 pid=3943 prio=120 success=1 target_cpu=001
    GLThread 217-5703  [002] d..4  7799.245593: sched_wakeup: comm=Binder:3103_6 pid=3943 prio=120 success=1 target_cpu=003
    GLThread 217-5703  [003] d..4  7799.245734: sched_wakeup: comm=Binder:3103_6 pid=3943 prio=120 success=1 target_cpu=002
    GLThread 217-5703  [000] d..4  7799.246245: sched_wakeup: comm=Binder:3036_1 pid=3080 prio=120 success=1 target_cpu=003
    GLThread 217-5703  [000] d..4  7799.246271: sched_wakeup: comm=Binder:3103_5 pid=3942 prio=104 success=1 target_cpu=001
    GLThread 217-5703  [001] dN.4  7799.246395: sched_wakeup: comm=Binder:3103_5 pid=3942 prio=120 success=1 target_cpu=001
    GLThread 217-5703  [003] d..4  7799.250343: sched_wakeup: comm=mali-renderer pid=5735 prio=110 success=1 target_cpu=001
  mali-event-hnd-5726  [000] d..4  7799.252153: sched_wakeup: comm=mali-renderer pid=5735 prio=110 success=1 target_cpu=001
    GLThread 217-5703  [003] d.s3  7799.256618: sched_wakeup: comm=rcu_preempt pid=8 prio=120 success=1 target_cpu=000
  mali-event-hnd-5726  [000] d..4  7799.256924: sched_wakeup: comm=mali-renderer pid=5735 prio=110 success=1 target_cpu=002
    GLThread 217-5703  [003] d..4  7799.257457: sched_wakeup: comm=mali-renderer pid=5735 prio=110 success=1 target_cpu=002
    GLThread 217-5703  [003] d..4  7799.257510: sched_wakeup: comm=mali-renderer pid=5735 prio=110 success=1 target_cpu=002
   mali-renderer-5735  [002] d..4  7799.257824: sched_wakeup: comm=GLThread 217 pid=5703 prio=120 success=1 target_cpu=003
    GLThread 217-5703  [003] d..4  7799.257997: sched_wakeup: comm=Binder:3036_4 pid=3545 prio=120 success=1 target_cpu=000
    GLThread 217-5703  [003] d..4  7799.259576: sched_wakeup: comm=Binder:3403_A pid=4720 prio=120 success=1 target_cpu=002
    GLThread 217-5703  [003] d..4  7799.260056: sched_wakeup: comm=Binder:3036_2 pid=3082 prio=120 success=1 target_cpu=001
  mali-event-hnd-5726  [000] d..4  7799.260538: sched_wakeup: comm=mali-renderer pid=5735 prio=110 success=1 target_cpu=002
   mali-renderer-5735  [002] d.h4  7799.260577: sched_wakeup: comm=kworker/u17:1 pid=1430 prio=100 success=1 target_cpu=001
  mali-event-hnd-5726  [000] d..4  7799.261823: sched_wakeup: comm=mali-renderer pid=5735 prio=110 success=1 target_cpu=002
  mali-event-hnd-5726  [000] d..4  7799.265214: sched_wakeup: comm=mali-renderer pid=5735 prio=110 success=1 target_cpu=002
    GLThread 217-5703  [003] d..4  7799.267018: sched_wakeup: comm=mali-renderer pid=5735 prio=110 success=1 target_cpu=000
    GLThread 217-5703  [003] d..4  7799.273637: sched_wakeup: comm=mali-renderer pid=5735 prio=110 success=1 target_cpu=000
   mali-renderer-5735  [000] d..4  7799.274004: sched_wakeup: comm=GLThread 217 pid=5703 prio=120 success=1 target_cpu=003
    GLThread 217-5703  [003] d..4  7799.274181: sched_wakeup: comm=Binder:3036_5 pid=3741 prio=120 success=1 target_cpu=001
    GLThread 217-5703  [003] d..4  7799.275731: sched_wakeup: comm=Binder:3403_5 pid=3687 prio=120 success=1 target_cpu=001
    GLThread 217-5703  [003] d..4  7799.276162: sched_wakeup: comm=Binder:3036_3 pid=3498 prio=120 success=1 target_cpu=000
  mali-event-hnd-5726  [000] d..4  7799.276722: sched_wakeup: comm=mali-renderer pid=5735 prio=110 success=1 target_cpu=002
  mali-event-hnd-5726  [000] d..4  7799.276843: sched_wakeup: comm=mali-renderer pid=5735 prio=110 success=1 target_cpu=002
  mali-event-hnd-5726  [000] d..4  7799.280259: sched_wakeup: comm=mali-renderer pid=5735 prio=110 success=1 target_cpu=002
