  mali-event-hnd-5726  [003] d..4  7776.461957: sched_wakeup: comm=mali-renderer pid=5735 prio=110 success=1 target_cpu=001
    GLThread 217-5703  [002] d..4  7776.464273: sched_wakeup: comm=mali-renderer pid=5735 prio=110 success=1 target_cpu=001
    GLThread 217-5703  [002] d..4  7776.464341: sched_wakeup: comm=mali-renderer pid=5735 prio=110 success=1 target_cpu=001
   mali-renderer-5735  [001] d..4  7776.464624: sched_wakeup: comm=GLThread 217 pid=5703 prio=120 success=1 target_cpu=002
    GLThread 217-5703  [002] d..4  7776.464787: sched_wakeup: comm=Binder:3036_1 pid=3080 prio=120 success=1 target_cpu=000
    GLThread 217-5703  [002] d..4  7776.464830: sched_wakeup: comm=Binder:3036_1 pid=3080 prio=120 success=1 target_cpu=000
  mali-event-hnd-5726  [003] d..4  7776.465288: sched_wakeup: comm=mali-renderer pid=5735 prio=110 success=1 target_cpu=002
    GLThread 217-5703  [001] d..4  7776.466721: sched_wakeup: comm=Binder:3403_3 pid=3598 prio=120 success=1 target_cpu=003
    GLThread 217-5703  [001] d..4  7776.466771: sched_wakeup: comm=Binder:3403_3 pid=3598 prio=120 success=1 target_cpu=003
    GLThread 217-5703  [001] dN.4  7776.467279: sched_wakeup: comm=Binder:3036_4 pid=3545 prio=120 success=1 target_cpu=001
  mali-event-hnd-5726  [003] d..4  7776.467294: sched_wakeup: comm=mali-renderer pid=5735 prio=110 success=1 target_cpu=002
    GLThread 217-5703  [001] dN.4  7776.467329: sched_wakeup: comm=Binder:3036_4 pid=3545 prio=120 success=1 target_cpu=001
    GLThread 217-5703  [001] d..4  7776.467641: sched_wakeup: comm=mali-renderer pid=5735 prio=110 success=1 target_cpu=003
    GLThread 217-5703  [001] d.s3  7776.471614: sched_wakeup: comm=kworker/u16:0 pid=5645 prio=120 success=1 target_cpu=002
    GLThread 217-5703  [001] d..4  7776.474135: sched_wakeup: comm=mali-renderer pid=5735 prio=110 success=1 target_cpu=003
    GLThread 217-5703  [001] d..4  7776.474209: sched_wakeup: comm=mali-renderer pid=5735 prio=110 success=1 target_cpu=003
   mali-renderer-5735  [003] d..4  7776.474546: sched_wakeup: comm=GLThread 217 pid=5703 prio=120 success=1 target_cpu=001
    GLThread 217-5703  [001] d..4  7776.474715: sched_wakeup: comm=Binder:3036_2 pid=3082 prio=120 success=1 target_cpu=002
  mali-event-hnd-5726  [003] d..4  7776.477244: sched_wakeup: comm=mali-renderer pid=5735 prio=110 success=1 target_cpu=000
  mali-event-hnd-5726  [003] d..4  7776.482748: sched_wakeup: comm=mali-renderer pid=5735 prio=110 success=1 target_cpu=000
  mali-event-hnd-5726  [003] d..4  7776.485929: sched_wakeup: comm=mali-renderer pid=5735 prio=110 success=1 target_cpu=000
    GLThread 217-5703  [001] d..4  7776.486888: sched_wakeup: comm=Binder:3403_C pid=4808 prio=120 success=1 target_cpu=002
    GLThread 217-5703  [001] d..4  7776.487401: sched_wakeup: comm=Binder:3036_5 pid=3741 prio=120 success=1 target_cpu=002
    GLThread 217-5703  [001] d..4  7776.487737: sched_wakeup: comm=mali-renderer pid=5735 prio=110 success=1 target_cpu=000
    GLThread 217-5703  [001] d.s3  7776.491609: sched_wakeup: comm=rcu_preempt pid=8 prio=120 success=1 target_cpu=002
  mali-event-hnd-5726  [003] d..4  7776.491964: sched_wakeup: comm=mali-renderer pid=5735 prio=110 success=1 target_cpu=000
    GLThread 217-5703  [001] d.h5  7776.492789: sched_wakeup: comm=kworker/u16:2 pid=7430 prio=120 success=1 target_cpu=003
    GLThread 217-5703  [001] d..4  7776.494336: sched_wakeup: comm=mali-renderer pid=5735 prio=110 success=1 target_cpu=000
    GLThread 217-5703  [001] d..4  7776.494404: sched_wakeup: comm=mali-renderer pid=5735 prio=110 success=1 target_cpu=000
   mali-renderer-5735  [000] d..4  7776.494703: sched_wakeup: comm=GLThread 217 pid=5703 prio=120 success=1 target_cpu=001
    GLThread 217-5703  [001] d..4  7776.494869: sched_wakeup: comm=Binder:3036_3 pid=3498 prio=120 success=1 target_cpu=000
  mali-event-hnd-5726  [003] d..4  7776.495329: sched_wakeup: comm=mali-renderer pid=5735 prio=110 success=1 target_cpu=003
    GLThread 217-5703  [003] d..4  7776.496923: sched_wakeup: comm=Binder:3036_3 pid=3498 prio=120 success=1 target_cpu=001
    GLThread 217-5703  [003] dNh2  7776.497289: sched_wakeup: comm=mali-event-hnd pid=5726 prio=110 success=1 target_cpu=003
  mali-event-hnd-5726  [003] d..4  7776.497343: sched_wakeup: comm=mali-renderer pid=5735 prio=110 success=1 target_cpu=001
    GLThread 217-5703  [003] d..4  7776.498454: sched_wakeup: comm=Binder:3403_7 pid=4197 prio=120 success=1 target_cpu=000
    GLThread 217-5703  [003] d..4  7776.498476: sched_wakeup: comm=Binder:3103_1 pid=3130 prio=120 success=1 target_cpu=000
    GLThread 217-5703  [003] d..4  7776.498787: sched_wakeup: comm=Binder:3103_1 pid=3130 prio=120 success=1 target_cpu=000
    GLThread 217-5703  [002] dN.4  7776.499694: sched_wakeup: comm=OMXCallbackDisp pid=8415 prio=118 success=1 target_cpu=000
    GLThread 217-5703  [003] d..4  7776.502290: sched_wakeup: comm=NPDecoder-CL pid=8412 prio=104 success=1 target_cpu=000
    GLThread 217-5703  [003] d..4  7776.502574: sched_wakeup: comm=Binder:3036_1 pid=3080 prio=120 success=1 target_cpu=002
    GLThread 217-5703  [003] d..4  7776.502593: sched_wakeup: comm=Binder:3103_5 pid=3942 prio=120 success=1 target_cpu=002
    GLThread 217-5703  [002] d..4  7776.502854: sched_wakeup: comm=NPDecoder-CL pid=8412 prio=104 success=1 target_cpu=001
    GLThread 217-5703  [002] d..4  7776.503438: sched_wakeup: comm=mali-renderer pid=5735 prio=110 success=1 target_cpu=003
    GLThread 217-5703  [002] d.s3  7776.506603: sched_wakeup: comm=rcu_preempt pid=8 prio=120 success=1 target_cpu=003
    GLThread 217-5703  [002] d..4  7776.510761: sched_wakeup: comm=mali-renderer pid=5735 prio=110 success=1 target_cpu=003
   mali-renderer-5735  [003] d..4  7776.511231: sched_wakeup: comm=GLThread 217 pid=5703 prio=120 success=1 target_cpu=003
    GLThread 217-5703  [003] d..4  7776.511402: sched_wakeup: comm=Binder:3036_4 pid=3545 prio=120 success=1 target_cpu=001
    GLThread 217-5703  [003] d..4  7776.511427: sched_wakeup: comm=NPDecoder-CL pid=8412 prio=104 success=1 target_cpu=002
    GLThread 217-5703  [000] d..4  7776.511753: sched_wakeup: comm=Binder:3103_4 pid=3941 prio=120 success=1 target_cpu=002
  mali-event-hnd-5726  [003] d..4  7776.511921: sched_wakeup: comm=mali-renderer pid=5735 prio=110 success=1 target_cpu=000
  mali-event-hnd-5726  [003] d..4  7776.514402: sched_wakeup: comm=mali-renderer pid=5735 prio=110 success=1 target_cpu=002
  mali-event-hnd-5726  [003] d..4  7776.515382: sched_wakeup: comm=mali-renderer pid=5735 prio=110 success=1 target_cpu=002
    GLThread 217-5703  [003] d..4  7776.516346: sched_wakeup: comm=Binder:3036_4 pid=3545 prio=120 success=1 target_cpu=001
    GLThread 217-5703  [003] dNh5  7776.516369: sched_wakeup: comm=mali-renderer pid=3147 prio=112 success=1 target_cpu=003
    GLThread 217-5703  [003] d..4  7776.517430: sched_wakeup: comm=Binder:3403_4 pid=3684 prio=120 success=1 target_cpu=000
    GLThread 217-5703  [003] dN.4  7776.517829: sched_wakeup: comm=Binder:3103_6 pid=3943 prio=120 success=1 target_cpu=003
    GLThread 217-5703  [003] d.h3  7776.518085: sched_wakeup: comm=mali-renderer pid=3147 prio=112 success=1 target_cpu=000
    GLThread 217-5703  [003] dN.4  7776.518195: sched_wakeup: comm=Binder:3036_2 pid=3082 prio=120 success=1 target_cpu=003
    GLThread 217-5703  [003] dN.4  7776.518240: sched_wakeup: comm=NPDecoder-CL pid=8412 prio=104 success=1 target_cpu=003
    GLThread 217-5703  [003] d..4  7776.519425: sched_wakeup: comm=mali-renderer pid=5735 prio=110 success=1 target_cpu=002
  mali-event-hnd-5726  [000] d..4  7776.522720: sched_wakeup: comm=mali-renderer pid=5735 prio=110 success=1 target_cpu=000
   mali-renderer-5735  [000] d.h5  7776.522864: sched_wakeup: comm=RTW_CMD_THREAD pid=3800 prio=120 success=1 target_cpu=000
  mali-event-hnd-5726  [000] d..4  7776.525936: sched_wakeup: comm=mali-renderer pid=5735 prio=110 success=1 target_cpu=001
   mali-renderer-5735  [001] d..4  7776.526089: sched_wakeup: comm=GLThread 217 pid=5703 prio=120 success=1 target_cpu=003
    GLThread 217-5703  [003] d..4  7776.526841: sched_wakeup: comm=mali-renderer pid=5735 prio=110 success=1 target_cpu=001
    GLThread 217-5703  [003] d..4  7776.526898: sched_wakeup: comm=mali-renderer pid=5735 prio=110 success=1 target_cpu=001
   mali-renderer-5735  [001] d..4  7776.527214: sched_wakeup: comm=GLThread 217 pid=5703 prio=120 success=1 target_cpu=003
    GLThread 217-5703  [003] d..4  7776.527388: sched_wakeup: comm=Binder:3036_5 pid=3741 prio=120 success=1 target_cpu=002
    GLThread 217-5703  [003] d..4  7776.528967: sched_wakeup: comm=Binder:3403_A pid=4720 prio=120 success=1 target_cpu=002
    GLThread 217-5703  [003] d..4  7776.529403: sched_wakeup: comm=Binder:3036_3 pid=3498 prio=120 success=1 target_cpu=001
  mali-event-hnd-5726  [000] d..4  7776.529920: sched_wakeup: comm=mali-renderer pid=5735 prio=110 success=1 target_cpu=001
   mali-renderer-5735  [001] d.h4  7776.529965: sched_wakeup: comm=kworker/u17:1 pid=1430 prio=100 success=1 target_cpu=002
    GLThread 217-5703  [003] d..4  7776.533521: sched_wakeup: comm=mali-renderer pid=5735 prio=110 success=1 target_cpu=001
    GLThread 217-5703  [003] d..4  7776.540062: sched_wakeup: comm=mali-renderer pid=5735 prio=110 success=1 target_cpu=001
    GLThread 217-5703  [003] d..4  7776.540137: sched_wakeup: comm=mali-renderer pid=5735 prio=110 success=1 target_cpu=001
   mali-renderer-5735  [001] d..4  7776.540472: sched_wakeup: comm=GLThread 217 pid=5703 prio=120 success=1 target_cpu=003
    GLThread 217-5703  [003] d..4  7776.540651: sched_wakeup: comm=Binder:3036_1 pid=3080 prio=120 success=1 target_cpu=000
    GLThread 217-5703  [003] d..4  7776.540700: sched_wakeup: comm=Binder:3036_1 pid=3080 prio=120 success=1 target_cpu=000
  mali-event-hnd-5726  [001] d..4  7776.541837: sched_wakeup: comm=mali-renderer pid=5735 prio=110 success=1 target_cpu=003
  mali-event-hnd-5726  [001] d..4  7776.543404: sched_wakeup: comm=mali-renderer pid=5735 prio=110 success=1 target_cpu=003
  mali-event-hnd-5726  [001] d..4  7776.545295: sched_wakeup: comm=mali-renderer pid=5735 prio=110 success=1 target_cpu=002
    GLThread 217-5703  [003] d..4  7776.546170: sched_wakeup: comm=Binder:3403_B pid=4807 prio=120 success=1 target_cpu=000
    GLThread 217-5703  [003] d..4  7776.546624: sched_wakeup: comm=Binder:3036_4 pid=3545 prio=120 success=1 target_cpu=001
    GLThread 217-5703  [003] d..4  7776.550063: sched_wakeup: comm=Binder:3036_4 pid=3545 prio=120 success=1 target_cpu=001
    GLThread 217-5703  [003] d..4  7776.550216: sched_wakeup: comm=mali-renderer pid=5735 prio=110 success=1 target_cpu=002
  mali-event-hnd-5726  [001] d..4  7776.551919: sched_wakeup: comm=mali-renderer pid=5735 prio=110 success=1 target_cpu=002
  mali-event-hnd-5726  [001] d..4  7776.555296: sched_wakeup: comm=mali-renderer pid=5735 prio=110 success=1 target_cpu=002
    GLThread 217-5703  [003] d..4  7776.556990: sched_wakeup: comm=mali-renderer pid=5735 prio=110 success=1 target_cpu=002
    GLThread 217-5703  [003] d..4  7776.557049: sched_wakeup: comm=mali-renderer pid=5735 prio=110 success=1 target_cpu=002
   mali-renderer-5735  [002] d..4  7776.557338: sched_wakeup: comm=GLThread 217 pid=5703 prio=120 success=1 target_cpu=003
    GLThread 217-5703  [003] d..4  7776.557511: sched_wakeup: comm=Binder:3036_2 pid=3082 prio=120 success=1 target_cpu=000
    GLThread 217-5703  [003] d..4  7776.557553: sched_wakeup: comm=Binder:3036_2 pid=3082 prio=120 success=1 target_cpu=000
    GLThread 217-5703  [003] d..4  7776.559139: sched_wakeup: comm=Binder:3403_1 pid=3421 prio=120 success=1 target_cpu=001
    GLThread 217-5703  [003] d..4  7776.559181: sched_wakeup: comm=Binder:3403_1 pid=3421 prio=120 success=1 target_cpu=001
    GLThread 217-5703  [003] d..4  7776.559597: sched_wakeup: comm=Binder:3036_5 pid=3741 prio=120 success=1 target_cpu=002
    GLThread 217-5703  [003] d..4  7776.559643: sched_wakeup: comm=Binder:3036_5 pid=3741 prio=120 success=1 target_cpu=002
  mali-event-hnd-5726  [001] d..4  7776.559955: sched_wakeup: comm=mali-renderer pid=5735 prio=110 success=1 target_cpu=002
    GLThread 217-5703  [000] d..4  7776.566951: sched_wakeup: comm=mali-renderer pid=5735 prio=110 success=1 target_cpu=003
    GLThread 217-5703  [000] d.s6  7776.569026: sched_wakeup: comm=AudioOut_D pid=3155 prio=101 success=1 target_cpu=001
    GLThread 217-5703  [000] d.s3  7776.571610: sched_wakeup: comm=kworker/u16:0 pid=5645 prio=120 success=1 target_cpu=001
  mali-event-hnd-5726  [003] d..4  7776.571950: sched_wakeup: comm=mali-renderer pid=5735 prio=110 success=1 target_cpu=001
    GLThread 217-5703  [000] d..4  7776.573747: sched_wakeup: comm=mali-renderer pid=5735 prio=110 success=1 target_cpu=001
    GLThread 217-5703  [000] d..4  7776.573815: sched_wakeup: comm=mali-renderer pid=5735 prio=110 success=1 target_cpu=001
   mali-renderer-5735  [001] d..4  7776.574086: sched_wakeup: comm=GLThread 217 pid=5703 prio=120 success=1 target_cpu=000
    GLThread 217-5703  [000] d..4  7776.574259: sched_wakeup: comm=Binder:3036_3 pid=3498 prio=120 success=1 target_cpu=001
    GLThread 217-5703  [000] d..4  7776.574303: sched_wakeup: comm=Binder:3036_3 pid=3498 prio=120 success=1 target_cpu=001
  mali-event-hnd-5726  [003] d..4  7776.575286: sched_wakeup: comm=mali-renderer pid=5735 prio=110 success=1 target_cpu=002
    GLThread 217-5703  [000] d.h5  7776.575703: sched_wakeup: comm=kworker/u16:3 pid=8206 prio=120 success=1 target_cpu=001
    GLThread 217-5703  [000] d..4  7776.576193: sched_wakeup: comm=Binder:3403_6 pid=4187 prio=120 success=1 target_cpu=001
    GLThread 217-5703  [000] d..4  7776.576662: sched_wakeup: comm=Binder:3036_1 pid=3080 prio=120 success=1 target_cpu=001
  mali-event-hnd-5726  [003] d..4  7776.576846: sched_wakeup: comm=mali-renderer pid=5735 prio=110 success=1 target_cpu=002
  mali-event-hnd-5726  [000] d..4  7776.581825: sched_wakeup: comm=mali-renderer pid=5735 prio=110 success=1 target_cpu=002
    GLThread 217-5703  [000] d..4  7776.583395: sched_wakeup: comm=mali-renderer pid=5735 prio=110 success=1 target_cpu=003
    GLThread 217-5703  [000] dNh2  7776.585206: sched_wakeup: comm=mali-event-hnd pid=5726 prio=110 success=1 target_cpu=000
  mali-event-hnd-5726  [000] d..4  7776.585267: sched_wakeup: comm=mali-renderer pid=5735 prio=110 success=1 target_cpu=003
    GLThread 217-5703  [000] d..4  7776.590186: sched_wakeup: comm=mali-renderer pid=5735 prio=110 success=1 target_cpu=003
    GLThread 217-5703  [000] d..4  7776.590258: sched_wakeup: comm=mali-renderer pid=5735 prio=110 success=1 target_cpu=003
   mali-renderer-5735  [003] d..4  7776.590593: sched_wakeup: comm=GLThread 217 pid=5703 prio=120 success=1 target_cpu=000
    GLThread 217-5703  [000] d..4  7776.590770: sched_wakeup: comm=Binder:3036_4 pid=3545 prio=120 success=1 target_cpu=001
    GLThread 217-5703  [000] d.h5  7776.592376: sched_wakeup: comm=kworker/u16:3 pid=8206 prio=120 success=1 target_cpu=001
    GLThread 217-5703  [000] d..4  7776.592410: sched_wakeup: comm=Binder:3403_5 pid=3687 prio=120 success=1 target_cpu=002
    GLThread 217-5703  [000] d..4  7776.592885: sched_wakeup: comm=Binder:3036_2 pid=3082 prio=120 success=1 target_cpu=002
  mali-event-hnd-5726  [000] d..4  7776.593293: sched_wakeup: comm=mali-renderer pid=5735 prio=110 success=1 target_cpu=003
   mali-renderer-5735  [003] d.h4  7776.593343: sched_wakeup: comm=kworker/u17:1 pid=1430 prio=100 success=1 target_cpu=000
    GLThread 217-5703  [001] d..4  7776.600237: sched_wakeup: comm=mali-renderer pid=5735 prio=110 success=1 target_cpu=003
    GLThread 217-5703  [001] d.s3  7776.601613: sched_wakeup: comm=rcu_preempt pid=8 prio=120 success=1 target_cpu=000
    GLThread 217-5703  [001] dNs3  7776.601636: sched_wakeup: comm=kworker/u16:2 pid=7430 prio=120 success=1 target_cpu=001
  mali-event-hnd-5726  [000] d..4  7776.601906: sched_wakeup: comm=mali-renderer pid=5735 prio=110 success=1 target_cpu=003
   mali-renderer-5735  [003] d.h3  7776.601954: sched_wakeup: comm=mali-renderer pid=3147 prio=112 success=1 target_cpu=003
  mali-event-hnd-5726  [000] d..4  7776.606783: sched_wakeup: comm=mali-renderer pid=5735 prio=110 success=1 target_cpu=003
    GLThread 217-5703  [001] d..4  7776.607219: sched_wakeup: comm=mali-renderer pid=5735 prio=110 success=1 target_cpu=003
    GLThread 217-5703  [001] d..4  7776.607272: sched_wakeup: comm=mali-renderer pid=5735 prio=110 success=1 target_cpu=003
   mali-renderer-5735  [003] d.h4  7776.607476: sched_wakeup: comm=kworker/u17:1 pid=1430 prio=100 success=1 target_cpu=000
   mali-renderer-5735  [003] d..4  7776.607646: sched_wakeup: comm=GLThread 217 pid=5703 prio=120 success=1 target_cpu=001
    GLThread 217-5703  [001] d..4  7776.607817: sched_wakeup: comm=Binder:3036_5 pid=3741 prio=120 success=1 target_cpu=003
    GLThread 217-5703  [001] d..4  7776.607857: sched_wakeup: comm=Binder:3036_5 pid=3741 prio=120 success=1 target_cpu=003
    GLThread 217-5703  [001] d..4  7776.609421: sched_wakeup: comm=Binder:3403_E pid=4810 prio=120 success=1 target_cpu=000
    GLThread 217-5703  [001] d..4  7776.609854: sched_wakeup: comm=Binder:3036_3 pid=3498 prio=120 success=1 target_cpu=002
  mali-event-hnd-5726  [000] d..4  7776.610364: sched_wakeup: comm=mali-renderer pid=5735 prio=110 success=1 target_cpu=003
   mali-renderer-5735  [003] d.h4  7776.610404: sched_wakeup: comm=kworker/u17:1 pid=1430 prio=100 success=1 target_cpu=001
  mali-event-hnd-5726  [000] d..4  7776.611826: sched_wakeup: comm=mali-renderer pid=5735 prio=110 success=1 target_cpu=003
  mali-event-hnd-5726  [000] d..4  7776.615240: sched_wakeup: comm=mali-renderer pid=5735 prio=110 success=1 target_cpu=003
    GLThread 217-5703  [001] d..4  7776.616950: sched_wakeup: comm=mali-renderer pid=5735 prio=110 success=1 target_cpu=003
    GLThread 217-5703  [001] d..4  7776.623588: sched_wakeup: comm=mali-renderer pid=5735 prio=110 success=1 target_cpu=003
    GLThread 217-5703  [001] d..4  7776.623666: sched_wakeup: comm=mali-renderer pid=5735 prio=110 success=1 target_cpu=003
   mali-renderer-5735  [003] d..4  7776.623998: sched_wakeup: comm=GLThread 217 pid=5703 prio=120 success=1 target_cpu=001
    GLThread 217-5703  [001] d..4  7776.624169: sched_wakeup: comm=Binder:3036_1 pid=3080 prio=120 success=1 target_cpu=003
    GLThread 217-5703  [001] d..4  7776.624217: sched_wakeup: comm=Binder:3036_1 pid=3080 prio=120 success=1 target_cpu=003
    GLThread 217-5703  [001] d..4  7776.625780: sched_wakeup: comm=Binder:3403_8 pid=4200 prio=120 success=1 target_cpu=002
    GLThread 217-5703  [001] d..4  7776.625823: sched_wakeup: comm=Binder:3403_8 pid=4200 prio=120 success=1 target_cpu=002
    GLThread 217-5703  [001] d..4  7776.626245: sched_wakeup: comm=Binder:3036_4 pid=3545 prio=120 success=1 target_cpu=002
  mali-event-hnd-5726  [000] d..4  7776.626725: sched_wakeup: comm=mali-renderer pid=5735 prio=110 success=1 target_cpu=003
  mali-event-hnd-5726  [001] d..4  7776.630331: sched_wakeup: comm=mali-renderer pid=5735 prio=110 success=1 target_cpu=003
    GLThread 217-5703  [001] d..4  7776.633560: sched_wakeup: comm=mali-renderer pid=5735 prio=110 success=1 target_cpu=003
    GLThread 217-5703  [001] d..4  7776.640218: sched_wakeup: comm=mali-renderer pid=5735 prio=110 success=1 target_cpu=003
    GLThread 217-5703  [001] d..4  7776.640292: sched_wakeup: comm=mali-renderer pid=5735 prio=110 success=1 target_cpu=003
   mali-renderer-5735  [003] d..4  7776.640622: sched_wakeup: comm=GLThread 217 pid=5703 prio=120 success=1 target_cpu=001
    GLThread 217-5703  [001] d..4  7776.640797: sched_wakeup: comm=Binder:3036_2 pid=3082 prio=120 success=1 target_cpu=000
    GLThread 217-5703  [001] d..4  7776.640844: sched_wakeup: comm=Binder:3036_2 pid=3082 prio=120 success=1 target_cpu=000
  mali-event-hnd-5726  [003] d..4  7776.641809: sched_wakeup: comm=mali-renderer pid=5735 prio=110 success=1 target_cpu=000
    GLThread 217-5703  [002] d..4  7776.642503: sched_wakeup: comm=Binder:3403_9 pid=4719 prio=120 success=1 target_cpu=003
    GLThread 217-5703  [002] d..4  7776.642912: sched_wakeup: comm=Binder:3036_5 pid=3741 prio=120 success=1 target_cpu=003
  mali-event-hnd-5726  [003] d..4  7776.643416: sched_wakeup: comm=mali-renderer pid=5735 prio=110 success=1 target_cpu=000
  mali-event-hnd-5726  [003] d..4  7776.646762: sched_wakeup: comm=mali-renderer pid=5735 prio=110 success=1 target_cpu=000
    GLThread 217-5703  [000] d..4  7776.650239: sched_wakeup: comm=mali-renderer pid=5735 prio=110 success=1 target_cpu=001
    GLThread 217-5703  [000] d.h4  7776.651585: sched_wakeup: comm=rcu_preempt pid=8 prio=120 success=1 target_cpu=001
    GLThread 217-5703  [000] d..4  7776.656941: sched_wakeup: comm=mali-renderer pid=5735 prio=110 success=1 target_cpu=001
    GLThread 217-5703  [000] d..4  7776.656995: sched_wakeup: comm=mali-renderer pid=5735 prio=110 success=1 target_cpu=001
   mali-renderer-5735  [001] d..4  7776.657298: sched_wakeup: comm=GLThread 217 pid=5703 prio=120 success=1 target_cpu=000
    GLThread 217-5703  [000] d..4  7776.657472: sched_wakeup: comm=Binder:3036_3 pid=3498 prio=120 success=1 target_cpu=003
    GLThread 217-5703  [000] d.h5  7776.659045: sched_wakeup: comm=kworker/u16:3 pid=8206 prio=120 success=1 target_cpu=001
    GLThread 217-5703  [000] d..4  7776.659138: sched_wakeup: comm=Binder:3403_2 pid=3422 prio=120 success=1 target_cpu=002
    GLThread 217-5703  [000] d..4  7776.659178: sched_wakeup: comm=Binder:3403_2 pid=3422 prio=120 success=1 target_cpu=002
    GLThread 217-5703  [000] d..4  7776.659620: sched_wakeup: comm=Binder:3036_1 pid=3080 prio=120 success=1 target_cpu=003
  mali-event-hnd-5726  [003] d..4  7776.660006: sched_wakeup: comm=mali-renderer pid=5735 prio=110 success=1 target_cpu=001
   mali-renderer-5735  [001] d.h4  7776.660054: sched_wakeup: comm=kworker/u17:1 pid=1430 prio=100 success=1 target_cpu=000
  mali-event-hnd-5726  [003] d..4  7776.661817: sched_wakeup: comm=mali-renderer pid=5735 prio=110 success=1 target_cpu=001
  mali-event-hnd-5726  [003] d..4  7776.665231: sched_wakeup: comm=mali-renderer pid=5735 prio=110 success=1 target_cpu=001
   mali-renderer-5735  [001] d.h4  7776.665339: sched_wakeup: comm=kworker/u17:1 pid=1430 prio=100 success=1 target_cpu=002
    GLThread 217-5703  [000] d..4  7776.666952: sched_wakeup: comm=mali-renderer pid=5735 prio=110 success=1 target_cpu=001
    GLThread 217-5703  [000] d..4  7776.673588: sched_wakeup: comm=mali-renderer pid=5735 prio=110 success=1 target_cpu=001
    GLThread 217-5703  [000] d..4  7776.673669: sched_wakeup: comm=mali-renderer pid=5735 prio=110 success=1 target_cpu=001
   mali-renderer-5735  [001] d..4  7776.674006: sched_wakeup: comm=GLThread 217 pid=5703 prio=120 success=1 target_cpu=000
    GLThread 217-5703  [000] d..4  7776.674188: sched_wakeup: comm=Binder:3036_4 pid=3545 prio=120 success=1 target_cpu=003
    GLThread 217-5703  [000] d.h5  7776.675708: sched_wakeup: comm=kworker/u16:3 pid=8206 prio=120 success=1 target_cpu=001
    GLThread 217-5703  [000] d..4  7776.675834: sched_wakeup: comm=Binder:3403_D pid=4809 prio=120 success=1 target_cpu=001
    GLThread 217-5703  [000] d..4  7776.676274: sched_wakeup: comm=Binder:3036_2 pid=3082 prio=120 success=1 target_cpu=001
  mali-event-hnd-5726  [003] d..4  7776.676732: sched_wakeup: comm=mali-renderer pid=5735 prio=110 success=1 target_cpu=001
    GLThread 217-5703  [000] d..4  7776.683560: sched_wakeup: comm=mali-renderer pid=5735 prio=110 success=1 target_cpu=001
  mali-event-hnd-5726  [003] d..4  7776.687418: sched_wakeup: comm=mali-renderer pid=5735 prio=110 success=1 target_cpu=001
    GLThread 217-5703  [000] d..4  7776.690203: sched_wakeup: comm=mali-renderer pid=5735 prio=110 success=1 target_cpu=001
    GLThread 217-5703  [000] d..4  7776.690270: sched_wakeup: comm=mali-renderer pid=5735 prio=110 success=1 target_cpu=001
   mali-renderer-5735  [001] d..4  7776.690564: sched_wakeup: comm=GLThread 217 pid=5703 prio=120 success=1 target_cpu=000
  mali-event-hnd-5726  [003] d..4  7776.690747: sched_wakeup: comm=mali-renderer pid=5735 prio=110 success=1 target_cpu=001
    GLThread 217-5703  [000] d..4  7776.690759: sched_wakeup: comm=Binder:3036_5 pid=3741 prio=120 success=1 target_cpu=001
    GLThread 217-5703  [000] d..4  7776.690801: sched_wakeup: comm=Binder:3036_5 pid=3741 prio=120 success=1 target_cpu=002
    GLThread 217-5703  [000] d..4  7776.691598: sched_wakeup: comm=Binder:3036_5 pid=3741 prio=120 success=1 target_cpu=002
    GLThread 217-5703  [000] d.h5  7776.692374: sched_wakeup: comm=kworker/u16:3 pid=8206 prio=120 success=1 target_cpu=001
    GLThread 217-5703  [000] d..4  7776.692500: sched_wakeup: comm=Binder:3403_3 pid=3598 prio=120 success=1 target_cpu=003
    GLThread 217-5703  [000] d..4  7776.692785: sched_wakeup: comm=Binder:3403_3 pid=3598 prio=120 success=1 target_cpu=003
    GLThread 217-5703  [000] d..4  7776.692944: sched_wakeup: comm=Binder:3036_3 pid=3498 prio=120 success=1 target_cpu=003
  mali-event-hnd-5726  [003] d..4  7776.693131: sched_wakeup: comm=mali-renderer pid=5735 prio=110 success=1 target_cpu=001
    GLThread 217-5703  [000] d..4  7776.700098: sched_wakeup: comm=mali-renderer pid=5735 prio=110 success=1 target_cpu=003
    GLThread 217-5703  [000] dNs3  7776.706605: sched_wakeup: comm=thread_hotplug pid=1814 prio=120 success=1 target_cpu=000
    GLThread 217-5703  [000] dNs4  7776.706621: sched_wakeup: comm=kworker/0:2 pid=7985 prio=120 success=1 target_cpu=000
    GLThread 217-5703  [000] d..4  7776.706802: sched_wakeup: comm=mali-renderer pid=5735 prio=110 success=1 target_cpu=003
  mali-event-hnd-5726  [001] d..4  7776.706928: sched_wakeup: comm=mali-renderer pid=5735 prio=110 success=1 target_cpu=003
   mali-renderer-5735  [003] d..4  7776.707265: sched_wakeup: comm=GLThread 217 pid=5703 prio=120 success=1 target_cpu=000
    GLThread 217-5703  [000] d..4  7776.707450: sched_wakeup: comm=Binder:3036_1 pid=3080 prio=120 success=1 target_cpu=003
    GLThread 217-5703  [000] d..4  7776.707495: sched_wakeup: comm=Binder:3036_1 pid=3080 prio=120 success=1 target_cpu=003
  mali-event-hnd-5726  [001] d..4  7776.710373: sched_wakeup: comm=mali-renderer pid=5735 prio=110 success=1 target_cpu=002
  mali-event-hnd-5726  [001] d.h6  7776.710403: sched_wakeup: comm=kworker/u17:1 pid=1430 prio=100 success=1 target_cpu=003
    GLThread 217-5703  [000] d..4  7776.711261: sched_wakeup: comm=Binder:3403_C pid=4808 prio=120 success=1 target_cpu=002
    GLThread 217-5703  [000] d..4  7776.711305: sched_wakeup: comm=Binder:3403_C pid=4808 prio=120 success=1 target_cpu=002
    GLThread 217-5703  [000] d..4  7776.711822: sched_wakeup: comm=Binder:3036_4 pid=3545 prio=120 success=1 target_cpu=003
    GLThread 217-5703  [001] d..4  7776.716827: sched_wakeup: comm=mali-renderer pid=5735 prio=110 success=1 target_cpu=003
  mali-event-hnd-5726  [001] d..4  7776.716902: sched_wakeup: comm=mali-renderer pid=5735 prio=110 success=1 target_cpu=003
    GLThread 217-5703  [001] dNh2  7776.720233: sched_wakeup: comm=mali-event-hnd pid=5726 prio=110 success=1 target_cpu=001
  mali-event-hnd-5726  [001] d..4  7776.720299: sched_wakeup: comm=mali-renderer pid=5735 prio=110 success=1 target_cpu=003
    GLThread 217-5703  [001] d..4  7776.723713: sched_wakeup: comm=mali-renderer pid=5735 prio=110 success=1 target_cpu=003
    GLThread 217-5703  [001] d..4  7776.723780: sched_wakeup: comm=mali-renderer pid=5735 prio=110 success=1 target_cpu=003
   mali-renderer-5735  [003] d..4  7776.724112: sched_wakeup: comm=GLThread 217 pid=5703 prio=120 success=1 target_cpu=001
    GLThread 217-5703  [001] d..4  7776.724287: sched_wakeup: comm=Binder:3036_2 pid=3082 prio=120 success=1 target_cpu=003
    GLThread 217-5703  [001] d..4  7776.725807: sched_wakeup: comm=Binder:3403_7 pid=4197 prio=120 success=1 target_cpu=002
    GLThread 217-5703  [001] d..4  7776.726279: sched_wakeup: comm=Binder:3036_5 pid=3741 prio=120 success=1 target_cpu=002
  mali-event-hnd-5726  [001] d..4  7776.726815: sched_wakeup: comm=mali-renderer pid=5735 prio=110 success=1 target_cpu=003
   mali-renderer-5735  [003] d.h4  7776.726867: sched_wakeup: comm=kworker/u17:1 pid=1430 prio=100 success=1 target_cpu=000
    GLThread 217-5703  [001] d..4  7776.733502: sched_wakeup: comm=mali-renderer pid=5735 prio=110 success=1 target_cpu=003
  mali-event-hnd-5726  [003] d..4  7776.737030: sched_wakeup: comm=mali-renderer pid=5735 prio=110 success=1 target_cpu=003
    GLThread 217-5703  [001] d..4  7776.740144: sched_wakeup: comm=mali-renderer pid=5735 prio=110 success=1 target_cpu=003
    GLThread 217-5703  [001] d..4  7776.740215: sched_wakeup: comm=mali-renderer pid=5735 prio=110 success=1 target_cpu=003
   mali-renderer-5735  [003] dNh2  7776.740364: sched_wakeup: comm=mali-event-hnd pid=5726 prio=110 success=1 target_cpu=003
   mali-renderer-5735  [003] d..4  7776.740602: sched_wakeup: comm=GLThread 217 pid=5703 prio=120 success=1 target_cpu=001
    GLThread 217-5703  [001] d..4  7776.740787: sched_wakeup: comm=Binder:3036_3 pid=3498 prio=120 success=1 target_cpu=002
    GLThread 217-5703  [001] d..4  7776.742492: sched_wakeup: comm=Binder:3403_4 pid=3684 prio=120 success=1 target_cpu=002
    GLThread 217-5703  [001] d..4  7776.742895: sched_wakeup: comm=Binder:3036_1 pid=3080 prio=120 success=1 target_cpu=003
  mali-event-hnd-5726  [003] d..4  7776.743238: sched_wakeup: comm=mali-renderer pid=5735 prio=110 success=1 target_cpu=001
  mali-event-hnd-5726  [000] d..4  7776.746823: sched_wakeup: comm=mali-renderer pid=5735 prio=110 success=1 target_cpu=001
  mali-event-hnd-5726  [000] d..4  7776.750259: sched_wakeup: comm=mali-renderer pid=5735 prio=110 success=1 target_cpu=003
   mali-renderer-5735  [003] d.h4  7776.750345: sched_wakeup: comm=kworker/u17:1 pid=1430 prio=100 success=1 target_cpu=000
    GLThread 217-5703  [001] d..4  7776.757095: sched_wakeup: comm=mali-renderer pid=5735 prio=110 success=1 target_cpu=003
    GLThread 217-5703  [001] d..4  7776.757164: sched_wakeup: comm=mali-renderer pid=5735 prio=110 success=1 target_cpu=003
   mali-renderer-5735  [003] d..4  7776.757496: sched_wakeup: comm=GLThread 217 pid=5703 prio=120 success=1 target_cpu=001
    GLThread 217-5703  [001] d..4  7776.757675: sched_wakeup: comm=Binder:3036_4 pid=3545 prio=120 success=1 target_cpu=003
    GLThread 217-5703  [001] d..4  7776.757722: sched_wakeup: comm=Binder:3036_4 pid=3545 prio=120 success=1 target_cpu=003
    GLThread 217-5703  [001] d..4  7776.759321: sched_wakeup: comm=Binder:3403_A pid=4720 prio=120 success=1 target_cpu=002
    GLThread 217-5703  [001] d..4  7776.759761: sched_wakeup: comm=Binder:3036_2 pid=3082 prio=120 success=1 target_cpu=003
  mali-event-hnd-5726  [000] d..4  7776.760201: sched_wakeup: comm=mali-renderer pid=5735 prio=110 success=1 target_cpu=003
   mali-renderer-5735  [003] d.h5  7776.760246: sched_wakeup: comm=kworker/u17:1 pid=1430 prio=100 success=1 target_cpu=000
  mali-event-hnd-5726  [000] d..4  7776.761820: sched_wakeup: comm=mali-renderer pid=5735 prio=110 success=1 target_cpu=003
  mali-event-hnd-5726  [000] d..4  7776.765221: sched_wakeup: comm=mali-renderer pid=5735 prio=110 success=1 target_cpu=003
   mali-renderer-5735  [003] d.h4  7776.765340: sched_wakeup: comm=kworker/u17:1 pid=1430 prio=100 success=1 target_cpu=000
    GLThread 217-5703  [001] d..4  7776.766956: sched_wakeup: comm=mali-renderer pid=5735 prio=110 success=1 target_cpu=003
    GLThread 217-5703  [001] d..4  7776.773592: sched_wakeup: comm=mali-renderer pid=5735 prio=110 success=1 target_cpu=003
    GLThread 217-5703  [001] d..4  7776.773671: sched_wakeup: comm=mali-renderer pid=5735 prio=110 success=1 target_cpu=003
   mali-renderer-5735  [003] d..4  7776.774008: sched_wakeup: comm=GLThread 217 pid=5703 prio=120 success=1 target_cpu=001
    GLThread 217-5703  [001] d..4  7776.774179: sched_wakeup: comm=Binder:3036_5 pid=3741 prio=120 success=1 target_cpu=003
    GLThread 217-5703  [001] d..4  7776.775719: sched_wakeup: comm=Binder:3403_B pid=4807 prio=120 success=1 target_cpu=000
    GLThread 217-5703  [001] d..4  7776.775765: sched_wakeup: comm=Binder:3403_B pid=4807 prio=120 success=1 target_cpu=002
    GLThread 217-5703  [001] dN.4  7776.776214: sched_wakeup: comm=Binder:3036_3 pid=3498 prio=120 success=1 target_cpu=001
  mali-event-hnd-5726  [000] d..4  7776.776783: sched_wakeup: comm=mali-renderer pid=5735 prio=110 success=1 target_cpu=000
  mali-event-hnd-5726  [003] d.h5  7776.780363: sched_wakeup: comm=kworker/u17:1 pid=1430 prio=100 success=1 target_cpu=002
  mali-event-hnd-5726  [003] d..4  7776.780401: sched_wakeup: comm=mali-renderer pid=5735 prio=110 success=1 target_cpu=002
    GLThread 217-5703  [003] d..4  7776.783639: sched_wakeup: comm=mali-renderer pid=5735 prio=110 success=1 target_cpu=000
    GLThread 217-5703  [003] d..4  7776.791517: sched_wakeup: comm=mali-renderer pid=5735 prio=110 success=1 target_cpu=000
  mali-event-hnd-5726  [003] d..4  7776.791843: sched_wakeup: comm=mali-renderer pid=5735 prio=110 success=1 target_cpu=000
   mali-renderer-5735  [000] d..4  7776.792534: sched_wakeup: comm=GLThread 217 pid=5703 prio=120 success=1 target_cpu=002
    GLThread 217-5703  [002] d..4  7776.792689: sched_wakeup: comm=Binder:3036_1 pid=3080 prio=120 success=1 target_cpu=000
    GLThread 217-5703  [003] d..4  7776.794044: sched_wakeup: comm=Binder:3036_1 pid=3080 prio=120 success=1 target_cpu=001
  mali-event-hnd-5726  [003] d..4  7776.795055: sched_wakeup: comm=mali-renderer pid=5735 prio=110 success=1 target_cpu=001
    GLThread 217-5703  [000] d..4  7776.795189: sched_wakeup: comm=Binder:3403_1 pid=3421 prio=120 success=1 target_cpu=002
    GLThread 217-5703  [000] dN.4  7776.795207: sched_wakeup: comm=Binder:3103_2 pid=3734 prio=120 success=1 target_cpu=000
    GLThread 217-5703  [000] d..4  7776.795682: sched_wakeup: comm=Binder:3103_8 pid=3946 prio=120 success=1 target_cpu=001
    GLThread 217-5703  [001] d..4  7776.795853: sched_wakeup: comm=mediacodec pid=3103 prio=120 success=1 target_cpu=002
    GLThread 217-5703  [002] d..4  7776.796123: sched_wakeup: comm=Binder:3106_5 pid=3935 prio=120 success=1 target_cpu=003
    GLThread 217-5703  [002] d..4  7776.796491: sched_wakeup: comm=Binder:3036_4 pid=3545 prio=120 success=1 target_cpu=003
    GLThread 217-5703  [002] d..4  7776.796507: sched_wakeup: comm=Binder:3103_5 pid=3942 prio=120 success=1 target_cpu=000
    GLThread 217-5703  [000] d..4  7776.796725: sched_wakeup: comm=Binder:3103_7 pid=3944 prio=120 success=1 target_cpu=001
  mali-event-hnd-5726  [003] d..4  7776.798400: sched_wakeup: comm=mali-renderer pid=5735 prio=110 success=1 target_cpu=002
    GLThread 217-5703  [002] d..4  7776.803829: sched_wakeup: comm=Binder:3103_6 pid=3943 prio=120 success=1 target_cpu=001
    GLThread 217-5703  [002] dN.4  7776.804047: sched_wakeup: comm=mali-renderer pid=5735 prio=110 success=1 target_cpu=002
    GLThread 217-5703  [002] d.h3  7776.804142: sched_wakeup: comm=mali-renderer pid=5735 prio=110 success=1 target_cpu=003
    GLThread 217-5703  [002] dNs3  7776.806605: sched_wakeup: comm=rcu_preempt pid=8 prio=120 success=1 target_cpu=002
    GLThread 217-5703  [002] d..4  7776.811247: sched_wakeup: comm=mali-renderer pid=5735 prio=110 success=1 target_cpu=000
    GLThread 217-5703  [002] d..4  7776.811315: sched_wakeup: comm=mali-renderer pid=5735 prio=110 success=1 target_cpu=000
   mali-renderer-5735  [000] d..4  7776.811729: sched_wakeup: comm=GLThread 217 pid=5703 prio=120 success=1 target_cpu=002
  mali-event-hnd-5726  [001] d..4  7776.811802: sched_wakeup: comm=mali-renderer pid=5735 prio=110 success=1 target_cpu=000
    GLThread 217-5703  [002] dN.4  7776.812161: sched_wakeup: comm=Binder:3036_2 pid=3082 prio=120 success=1 target_cpu=002
    GLThread 217-5703  [002] dN.4  7776.812203: sched_wakeup: comm=Binder:3036_2 pid=3082 prio=120 success=1 target_cpu=002
    GLThread 217-5703  [000] d..4  7776.812374: sched_wakeup: comm=Binder:3103_6 pid=3943 prio=120 success=1 target_cpu=003
    GLThread 217-5703  [000] d..4  7776.812440: sched_wakeup: comm=Binder:3105_2 pid=3945 prio=120 success=1 target_cpu=001
  mali-event-hnd-5726  [001] d..4  7776.814541: sched_wakeup: comm=mali-renderer pid=5735 prio=110 success=1 target_cpu=003
    GLThread 217-5703  [002] d..4  7776.814892: sched_wakeup: comm=Binder:3036_2 pid=3082 prio=120 success=1 target_cpu=001
    GLThread 217-5703  [002] dNh3  7776.816239: sched_wakeup: comm=mali-renderer pid=3147 prio=112 success=1 target_cpu=002
    GLThread 217-5703  [002] dNh3  7776.818079: sched_wakeup: comm=mali-renderer pid=3147 prio=112 success=1 target_cpu=002
    GLThread 217-5703  [002] d..4  7776.819925: sched_wakeup: comm=Binder:3403_6 pid=4187 prio=120 success=1 target_cpu=001
    GLThread 217-5703  [002] d..4  7776.820240: sched_wakeup: comm=Binder:3403_6 pid=4187 prio=120 success=1 target_cpu=001
    GLThread 217-5703  [002] d..4  7776.820418: sched_wakeup: comm=Binder:3036_5 pid=3741 prio=120 success=1 target_cpu=003
    GLThread 217-5703  [002] d..4  7776.820786: sched_wakeup: comm=mali-renderer pid=5735 prio=110 success=1 target_cpu=001
    GLThread 217-5703  [002] d.s3  7776.821611: sched_wakeup: comm=rcu_preempt pid=8 prio=120 success=1 target_cpu=003
    GLThread 217-5703  [002] d..4  7776.827687: sched_wakeup: comm=mali-renderer pid=5735 prio=110 success=1 target_cpu=001
   mali-renderer-5735  [001] d..4  7776.828226: sched_wakeup: comm=GLThread 217 pid=5703 prio=120 success=1 target_cpu=002
    GLThread 217-5703  [002] d..4  7776.828373: sched_wakeup: comm=Binder:3036_3 pid=3498 prio=120 success=1 target_cpu=003
    GLThread 217-5703  [002] d..4  7776.829980: sched_wakeup: comm=Binder:3403_5 pid=3687 prio=120 success=1 target_cpu=003
    GLThread 217-5703  [002] d..4  7776.830379: sched_wakeup: comm=Binder:3036_1 pid=3080 prio=120 success=1 target_cpu=001
  mali-event-hnd-5726  [001] d..4  7776.830933: sched_wakeup: comm=mali-renderer pid=5735 prio=110 success=1 target_cpu=002
  mali-event-hnd-5726  [001] d.h4  7776.830974: sched_wakeup: comm=kworker/u17:1 pid=1430 prio=100 success=1 target_cpu=003
    GLThread 217-5703  [003] d..4  7776.833625: sched_wakeup: comm=mali-renderer pid=5735 prio=110 success=1 target_cpu=000
    GLThread 217-5703  [003] d.s3  7776.836611: sched_wakeup: comm=rcu_preempt pid=8 prio=120 success=1 target_cpu=000
  mali-event-hnd-5726  [001] d..4  7776.836913: sched_wakeup: comm=mali-renderer pid=5735 prio=110 success=1 target_cpu=000
  mali-event-hnd-5726  [001] d.h4  7776.836929: sched_wakeup: comm=mali-event-hnd pid=3137 prio=112 success=1 target_cpu=001
  mali-event-hnd-5726  [001] d..4  7776.840321: sched_wakeup: comm=mali-renderer pid=5735 prio=110 success=1 target_cpu=000
   mali-renderer-5735  [000] d.h4  7776.840450: sched_wakeup: comm=kworker/u17:1 pid=1430 prio=100 success=1 target_cpu=001
   mali-renderer-5735  [000] d..4  7776.840778: sched_wakeup: comm=GLThread 217 pid=5703 prio=120 success=1 target_cpu=003
    GLThread 217-5703  [003] d..4  7776.840956: sched_wakeup: comm=Binder:3036_4 pid=3545 prio=120 success=1 target_cpu=000
    GLThread 217-5703  [003] d..4  7776.841002: sched_wakeup: comm=Binder:3036_4 pid=3545 prio=120 success=1 target_cpu=000
    GLThread 217-5703  [003] d..4  7776.842647: sched_wakeup: comm=Binder:3403_E pid=4810 prio=120 success=1 target_cpu=000
    GLThread 217-5703  [003] d..4  7776.842692: sched_wakeup: comm=Binder:3403_E pid=4810 prio=120 success=1 target_cpu=000
    GLThread 217-5703  [003] d..4  7776.843131: sched_wakeup: comm=Binder:3036_2 pid=3082 prio=120 success=1 target_cpu=001
  mali-event-hnd-5726  [001] d..4  7776.843402: sched_wakeup: comm=mali-renderer pid=5735 prio=110 success=1 target_cpu=000
    GLThread 217-5703  [003] d..4  7776.850143: sched_wakeup: comm=mali-renderer pid=5735 prio=110 success=1 target_cpu=000
    GLThread 217-5703  [003] d..4  7776.856759: sched_wakeup: comm=mali-renderer pid=5735 prio=110 success=1 target_cpu=001
    GLThread 217-5703  [003] d..4  7776.856838: sched_wakeup: comm=mali-renderer pid=5735 prio=110 success=1 target_cpu=001
   mali-renderer-5735  [001] d..4  7776.857238: sched_wakeup: comm=GLThread 217 pid=5703 prio=120 success=1 target_cpu=003
    GLThread 217-5703  [003] d..4  7776.857424: sched_wakeup: comm=Binder:3036_5 pid=3741 prio=120 success=1 target_cpu=000
    GLThread 217-5703  [003] d..4  7776.857471: sched_wakeup: comm=Binder:3036_5 pid=3741 prio=120 success=1 target_cpu=000
  mali-event-hnd-5726  [000] d..4  7776.860338: sched_wakeup: comm=mali-renderer pid=5735 prio=110 success=1 target_cpu=001
  mali-event-hnd-5726  [000] d.h4  7776.860401: sched_wakeup: comm=kworker/u17:1 pid=1430 prio=100 success=1 target_cpu=002
    GLThread 217-5703  [003] d..4  7776.861385: sched_wakeup: comm=Binder:3403_8 pid=4200 prio=120 success=1 target_cpu=002
    GLThread 217-5703  [003] d..4  7776.861432: sched_wakeup: comm=Binder:3403_8 pid=4200 prio=120 success=1 target_cpu=002
    GLThread 217-5703  [003] d..4  7776.862019: sched_wakeup: comm=Binder:3036_3 pid=3498 prio=120 success=1 target_cpu=000
    GLThread 217-5703  [003] d..4  7776.866796: sched_wakeup: comm=mali-renderer pid=5735 prio=110 success=1 target_cpu=000
  mali-event-hnd-5726  [000] d..4  7776.870294: sched_wakeup: comm=mali-renderer pid=5735 prio=110 success=1 target_cpu=001
    GLThread 217-5703  [003] d..4  7776.873545: sched_wakeup: comm=mali-renderer pid=5735 prio=110 success=1 target_cpu=001
    GLThread 217-5703  [003] d..4  7776.873608: sched_wakeup: comm=mali-renderer pid=5735 prio=110 success=1 target_cpu=001
   mali-renderer-5735  [001] d..4  7776.873923: sched_wakeup: comm=GLThread 217 pid=5703 prio=120 success=1 target_cpu=003
    GLThread 217-5703  [003] d..4  7776.874108: sched_wakeup: comm=Binder:3036_1 pid=3080 prio=120 success=1 target_cpu=001
    GLThread 217-5703  [003] d..4  7776.875644: sched_wakeup: comm=Binder:3403_9 pid=4719 prio=120 success=1 target_cpu=000
    GLThread 217-5703  [003] d..4  7776.876122: sched_wakeup: comm=Binder:3036_4 pid=3545 prio=120 success=1 target_cpu=000
  mali-event-hnd-5726  [000] d..4  7776.876683: sched_wakeup: comm=mali-renderer pid=5735 prio=110 success=1 target_cpu=002
    GLThread 217-5703  [003] d..4  7776.883543: sched_wakeup: comm=mali-renderer pid=5735 prio=110 success=1 target_cpu=000
  mali-event-hnd-5726  [000] d..4  7776.886911: sched_wakeup: comm=mali-renderer pid=5735 prio=110 success=1 target_cpu=001
    GLThread 217-5703  [003] d..4  7776.890313: sched_wakeup: comm=mali-renderer pid=5735 prio=110 success=1 target_cpu=001
   mali-renderer-5735  [001] d.h4  7776.890432: sched_wakeup: comm=kworker/u17:1 pid=1430 prio=100 success=1 target_cpu=002
   mali-renderer-5735  [001] d..4  7776.890759: sched_wakeup: comm=GLThread 217 pid=5703 prio=120 success=1 target_cpu=003
    GLThread 217-5703  [003] d..4  7776.890947: sched_wakeup: comm=Binder:3036_2 pid=3082 prio=120 success=1 target_cpu=001
    GLThread 217-5703  [003] d..4  7776.892529: sched_wakeup: comm=Binder:3403_2 pid=3422 prio=120 success=1 target_cpu=002
    GLThread 217-5703  [003] d..4  7776.892969: sched_wakeup: comm=Binder:3036_5 pid=3741 prio=120 success=1 target_cpu=000
  mali-event-hnd-5726  [000] d..4  7776.893386: sched_wakeup: comm=mali-renderer pid=5735 prio=110 success=1 target_cpu=001
  mali-event-hnd-5726  [001] d..4  7776.896848: sched_wakeup: comm=mali-renderer pid=5735 prio=110 success=1 target_cpu=002
  mali-event-hnd-5726  [001] d..4  7776.900261: sched_wakeup: comm=mali-renderer pid=5735 prio=110 success=1 target_cpu=003
    GLThread 217-5703  [000] d.h4  7776.900364: sched_wakeup: comm=kworker/u17:1 pid=1430 prio=100 success=1 target_cpu=001
    GLThread 217-5703  [000] d.h4  7776.900764: sched_wakeup: comm=kworker/u17:1 pid=1430 prio=100 success=1 target_cpu=003
    GLThread 217-5703  [000] dNs3  7776.906610: sched_wakeup: comm=thread_hotplug pid=1814 prio=120 success=1 target_cpu=000
    GLThread 217-5703  [000] dNs4  7776.906629: sched_wakeup: comm=kworker/0:2 pid=7985 prio=120 success=1 target_cpu=000
    GLThread 217-5703  [000] d..4  7776.907218: sched_wakeup: comm=mali-renderer pid=5735 prio=110 success=1 target_cpu=003
    GLThread 217-5703  [000] d..4  7776.907270: sched_wakeup: comm=mali-renderer pid=5735 prio=110 success=1 target_cpu=003
   mali-renderer-5735  [003] d..4  7776.907580: sched_wakeup: comm=GLThread 217 pid=5703 prio=120 success=1 target_cpu=000
    GLThread 217-5703  [000] d..4  7776.907767: sched_wakeup: comm=Binder:3036_3 pid=3498 prio=120 success=1 target_cpu=001
    GLThread 217-5703  [000] d..4  7776.907816: sched_wakeup: comm=Binder:3036_3 pid=3498 prio=120 success=1 target_cpu=001
    GLThread 217-5703  [000] d.h5  7776.909043: sched_wakeup: comm=kworker/u16:3 pid=8206 prio=120 success=1 target_cpu=001
    GLThread 217-5703  [000] d..4  7776.909452: sched_wakeup: comm=Binder:3403_D pid=4809 prio=120 success=1 target_cpu=001
    GLThread 217-5703  [000] d..4  7776.909495: sched_wakeup: comm=Binder:3403_D pid=4809 prio=120 success=1 target_cpu=001
    GLThread 217-5703  [000] d..4  7776.909915: sched_wakeup: comm=Binder:3036_1 pid=3080 prio=120 success=1 target_cpu=001
  mali-event-hnd-5726  [001] d..4  7776.910283: sched_wakeup: comm=mali-renderer pid=5735 prio=110 success=1 target_cpu=003
   mali-renderer-5735  [003] d.h4  7776.910331: sched_wakeup: comm=kworker/u17:1 pid=1430 prio=100 success=1 target_cpu=001
  mali-event-hnd-5726  [001] d..4  7776.911838: sched_wakeup: comm=mali-renderer pid=5735 prio=110 success=1 target_cpu=003
  mali-event-hnd-5726  [001] d..4  7776.915260: sched_wakeup: comm=mali-renderer pid=5735 prio=110 success=1 target_cpu=003
    GLThread 217-5703  [000] d..4  7776.917034: sched_wakeup: comm=mali-renderer pid=5735 prio=110 success=1 target_cpu=003
    GLThread 217-5703  [000] d..4  7776.923666: sched_wakeup: comm=mali-renderer pid=5735 prio=110 success=1 target_cpu=003
    GLThread 217-5703  [000] d..4  7776.923747: sched_wakeup: comm=mali-renderer pid=5735 prio=110 success=1 target_cpu=003
   mali-renderer-5735  [003] d..4  7776.924075: sched_wakeup: comm=GLThread 217 pid=5703 prio=120 success=1 target_cpu=000
    GLThread 217-5703  [000] d..4  7776.924262: sched_wakeup: comm=Binder:3036_4 pid=3545 prio=120 success=1 target_cpu=001
    GLThread 217-5703  [000] d..4  7776.924311: sched_wakeup: comm=Binder:3036_4 pid=3545 prio=120 success=1 target_cpu=001
    GLThread 217-5703  [000] d.h5  7776.925708: sched_wakeup: comm=kworker/u16:3 pid=8206 prio=120 success=1 target_cpu=001
    GLThread 217-5703  [000] d..4  7776.925945: sched_wakeup: comm=Binder:3403_3 pid=3598 prio=120 success=1 target_cpu=003
    GLThread 217-5703  [000] d..4  7776.926396: sched_wakeup: comm=Binder:3036_2 pid=3082 prio=120 success=1 target_cpu=001
  mali-event-hnd-5726  [001] d..4  7776.926812: sched_wakeup: comm=mali-renderer pid=5735 prio=110 success=1 target_cpu=000
  mali-event-hnd-5726  [001] d..4  7776.926910: sched_wakeup: comm=mali-renderer pid=5735 prio=110 success=1 target_cpu=000
  mali-event-hnd-5726  [001] d..4  7776.930263: sched_wakeup: comm=mali-renderer pid=5735 prio=110 success=1 target_cpu=000
    GLThread 217-5703  [003] d..4  7776.933724: sched_wakeup: comm=mali-renderer pid=5735 prio=110 success=1 target_cpu=000
    GLThread 217-5703  [003] d..4  7776.941067: sched_wakeup: comm=mali-renderer pid=5735 prio=110 success=1 target_cpu=001
    GLThread 217-5703  [003] d..4  7776.941147: sched_wakeup: comm=mali-renderer pid=5735 prio=110 success=1 target_cpu=001
   mali-renderer-5735  [001] d..4  7776.941472: sched_wakeup: comm=GLThread 217 pid=5703 prio=120 success=1 target_cpu=003
    GLThread 217-5703  [003] d..4  7776.941722: sched_wakeup: comm=Binder:3036_5 pid=3741 prio=120 success=1 target_cpu=001
    GLThread 217-5703  [003] d..4  7776.941790: sched_wakeup: comm=Binder:3036_5 pid=3741 prio=120 success=1 target_cpu=001
  mali-event-hnd-5726  [002] d..4  7776.941853: sched_wakeup: comm=mali-renderer pid=5735 prio=110 success=1 target_cpu=000
    GLThread 217-5703  [003] d..4  7776.943449: sched_wakeup: comm=Binder:3403_C pid=4808 prio=120 success=1 target_cpu=002
    GLThread 217-5703  [003] d..4  7776.943997: sched_wakeup: comm=Binder:3036_3 pid=3498 prio=120 success=1 target_cpu=001
  mali-event-hnd-5726  [002] d..4  7776.946917: sched_wakeup: comm=mali-renderer pid=5735 prio=110 success=1 target_cpu=000
  mali-event-hnd-5726  [000] d..4  7798.293717: sched_wakeup: comm=mali-renderer pid=5735 prio=110 success=1 target_cpu=002
  mali-event-hnd-5726  [000] d..4  7798.295251: sched_wakeup: comm=mali-renderer pid=5735 prio=110 success=1 target_cpu=002
    GLThread 217-5703  [000] d..4  7798.296247: sched_wakeup: comm=Binder:3403_7 pid=4197 prio=120 success=1 target_cpu=001
    GLThread 217-5703  [000] d..4  7798.296294: sched_wakeup: comm=Binder:3403_7 pid=4197 prio=120 success=1 target_cpu=001
    GLThread 217-5703  [000] d..4  7798.296839: sched_wakeup: comm=Binder:3036_4 pid=3545 prio=120 success=1 target_cpu=001
    GLThread 217-5703  [000] d..4  7798.300034: sched_wakeup: comm=Binder:3036_4 pid=3545 prio=120 success=1 target_cpu=003
    GLThread 217-5703  [000] d..4  7798.300199: sched_wakeup: comm=mali-renderer pid=5735 prio=110 success=1 target_cpu=002
  mali-event-hnd-5726  [002] d..4  7798.301943: sched_wakeup: comm=mali-renderer pid=5735 prio=110 success=1 target_cpu=001
    GLThread 217-5703  [000] d.s6  7798.302909: sched_wakeup: comm=AudioOut_D pid=3155 prio=101 success=1 target_cpu=001
  mali-event-hnd-5726  [002] d..4  7798.305291: sched_wakeup: comm=mali-renderer pid=5735 prio=110 success=1 target_cpu=001
    GLThread 217-5703  [000] dNs3  7798.306619: sched_wakeup: comm=thread_hotplug pid=1814 prio=120 success=1 target_cpu=000
    GLThread 217-5703  [000] dNs4  7798.306639: sched_wakeup: comm=kworker/0:1 pid=8628 prio=120 success=1 target_cpu=000
