    GLThread 217-5703  [001] dN.4  8166.626670: sched_wakeup: comm=mali-renderer pid=5735 prio=110 success=1 target_cpu=001
    GLThread 217-5703  [001] d..3  8166.626679: sched_switch: prev_comm=GLThread 217 prev_pid=5703 prev_prio=120 prev_state=R+ ==> next_comm=mali-renderer next_pid=5735 next_prio=110
   mali-renderer-5735  [001] d..3  8166.626714: sched_switch: prev_comm=mali-renderer prev_pid=5735 prev_prio=110 prev_state=S ==> next_comm=GLThread 217 next_pid=5703 next_prio=120
    GLThread 217-5703  [001] dNh3  8166.626769: sched_wakeup: comm=mali-renderer pid=5735 prio=110 success=1 target_cpu=001
    GLThread 217-5703  [001] d..3  8166.626785: sched_switch: prev_comm=GLThread 217 prev_pid=5703 prev_prio=120 prev_state=R ==> next_comm=mali-renderer next_pid=5735 next_prio=110
   mali-renderer-5735  [001] d..3  8166.626994: sched_switch: prev_comm=mali-renderer prev_pid=5735 prev_prio=110 prev_state=S ==> next_comm=GLThread 217 next_pid=5703 next_prio=120
    GLThread 217-5703  [001] d..4  8166.627041: sched_wakeup: comm=mali-renderer pid=5735 prio=110 success=1 target_cpu=003
    GLThread 217-5703  [001] d..3  8166.627061: sched_switch: prev_comm=GLThread 217 prev_pid=5703 prev_prio=120 prev_state=S ==> next_comm=swapper/1 next_pid=0 next_prio=120
   mali-renderer-5735  [003] d..3  8166.627087: sched_switch: prev_comm=mali-renderer prev_pid=5735 prev_prio=110 prev_state=S ==> next_comm=swapper/3 next_pid=0 next_prio=120
   mali-renderer-5735  [003] d..4  8166.627228: sched_wakeup: comm=GLThread 217 pid=5703 prio=120 success=1 target_cpu=000
   mali-renderer-5735  [003] d..3  8166.627245: sched_switch: prev_comm=mali-renderer prev_pid=5735 prev_prio=110 prev_state=S ==> next_comm=swapper/3 next_pid=0 next_prio=120
    GLThread 217-5703  [000] d..4  8166.627379: sched_wakeup: comm=Binder:3036_3 pid=3498 prio=120 success=1 target_cpu=002
    GLThread 217-5703  [000] d..3  8166.627411: sched_switch: prev_comm=GLThread 217 prev_pid=5703 prev_prio=120 prev_state=D ==> next_comm=swapper/0 next_pid=0 next_prio=120
    GLThread 217-5703  [000] d..3  8166.627445: sched_switch: prev_comm=GLThread 217 prev_pid=5703 prev_prio=120 prev_state=D ==> next_comm=swapper/0 next_pid=0 next_prio=120
    GLThread 217-5703  [000] d..4  8166.627503: sched_wakeup: comm=Binder:3103_3 pid=3940 prio=120 success=1 target_cpu=003
    GLThread 217-5703  [000] d..3  8166.627515: sched_switch: prev_comm=GLThread 217 prev_pid=5703 prev_prio=120 prev_state=S ==> next_comm=swapper/0 next_pid=0 next_prio=120
    GLThread 217-5703  [001] d..3  8166.629182: sched_switch: prev_comm=GLThread 217 prev_pid=5703 prev_prio=120 prev_state=R+ ==> next_comm=mediacodec next_pid=3103 next_prio=120
    GLThread 217-5703  [001] d..3  8166.629229: sched_switch: prev_comm=GLThread 217 prev_pid=5703 prev_prio=120 prev_state=D ==> next_comm=swapper/1 next_pid=0 next_prio=120
    GLThread 217-5703  [001] d..4  8166.629637: sched_wakeup: comm=Binder:3036_3 pid=3498 prio=120 success=1 target_cpu=002
    GLThread 217-5703  [001] d.h4  8166.629742: sched_wakeup: comm=kworker/u17:1 pid=1430 prio=100 success=1 target_cpu=002
  mali-event-hnd-5726  [000] d..4  8166.629754: sched_wakeup: comm=mali-renderer pid=5735 prio=110 success=1 target_cpu=002
  mali-event-hnd-5726  [000] d..3  8166.629783: sched_switch: prev_comm=mali-event-hnd prev_pid=5726 prev_prio=110 prev_state=S ==> next_comm=swapper/0 next_pid=0 next_prio=120
   mali-renderer-5735  [002] d..3  8166.629848: sched_switch: prev_comm=mali-renderer prev_pid=5735 prev_prio=110 prev_state=S ==> next_comm=swapper/2 next_pid=0 next_prio=120
   mali-renderer-5735  [000] d..3  8166.629930: sched_switch: prev_comm=mali-renderer prev_pid=5735 prev_prio=110 prev_state=S ==> next_comm=swapper/0 next_pid=0 next_prio=120
    GLThread 217-5703  [001] d.h4  8166.630143: sched_wakeup: comm=kworker/u17:1 pid=1430 prio=100 success=1 target_cpu=002
    GLThread 217-5703  [001] d..3  8166.630667: sched_switch: prev_comm=GLThread 217 prev_pid=5703 prev_prio=120 prev_state=D ==> next_comm=swapper/1 next_pid=0 next_prio=120
    GLThread 217-5703  [001] d..4  8166.630753: sched_wakeup: comm=Binder:3403_8 pid=4200 prio=120 success=1 target_cpu=000
    GLThread 217-5703  [001] d..4  8166.630770: sched_wakeup: comm=Binder:3103_2 pid=3734 prio=120 success=1 target_cpu=003
    GLThread 217-5703  [001] d..3  8166.630790: sched_switch: prev_comm=GLThread 217 prev_pid=5703 prev_prio=120 prev_state=D ==> next_comm=swapper/1 next_pid=0 next_prio=120
    GLThread 217-5703  [000] d..4  8166.631060: sched_wakeup: comm=Binder:3103_2 pid=3734 prio=120 success=1 target_cpu=003
    GLThread 217-5703  [000] d..3  8166.631087: sched_switch: prev_comm=GLThread 217 prev_pid=5703 prev_prio=120 prev_state=D ==> next_comm=swapper/0 next_pid=0 next_prio=120
    GLThread 217-5703  [000] d..4  8166.631202: sched_wakeup: comm=Binder:3103_2 pid=3734 prio=120 success=1 target_cpu=003
    GLThread 217-5703  [000] d..3  8166.631215: sched_switch: prev_comm=GLThread 217 prev_pid=5703 prev_prio=120 prev_state=D ==> next_comm=swapper/0 next_pid=0 next_prio=120
    GLThread 217-5703  [003] d..3  8166.631281: sched_switch: prev_comm=GLThread 217 prev_pid=5703 prev_prio=120 prev_state=D ==> next_comm=swapper/3 next_pid=0 next_prio=120
    GLThread 217-5703  [001] d..4  8166.631346: sched_wakeup: comm=Binder:3403_8 pid=4200 prio=120 success=1 target_cpu=002
    GLThread 217-5703  [001] dN.4  8166.631525: sched_wakeup: comm=Binder:3036_2 pid=3082 prio=120 success=1 target_cpu=001
    GLThread 217-5703  [001] d..3  8166.631535: sched_switch: prev_comm=GLThread 217 prev_pid=5703 prev_prio=104 prev_state=R+ ==> next_comm=Binder:3036_2 next_pid=3082 next_prio=120
    GLThread 217-5703  [001] d..4  8166.631691: sched_wakeup: comm=NPDecoder-CL pid=9487 prio=104 success=1 target_cpu=003
    GLThread 217-5703  [001] d..3  8166.631718: sched_switch: prev_comm=GLThread 217 prev_pid=5703 prev_prio=120 prev_state=D ==> next_comm=swapper/1 next_pid=0 next_prio=120
    GLThread 217-5703  [003] d..4  8166.632099: sched_wakeup: comm=Binder:3103_6 pid=3943 prio=120 success=1 target_cpu=000
    GLThread 217-5703  [003] d..3  8166.632130: sched_switch: prev_comm=GLThread 217 prev_pid=5703 prev_prio=120 prev_state=D ==> next_comm=swapper/3 next_pid=0 next_prio=120
    GLThread 217-5703  [003] d..3  8166.632230: sched_switch: prev_comm=GLThread 217 prev_pid=5703 prev_prio=120 prev_state=S ==> next_comm=swapper/3 next_pid=0 next_prio=120
    GLThread 217-5703  [003] d..3  8166.633289: sched_switch: prev_comm=GLThread 217 prev_pid=5703 prev_prio=120 prev_state=R ==> next_comm=NuPlayerRendere next_pid=9484 next_prio=104
    GLThread 217-5703  [003] dN.4  8166.633596: sched_wakeup: comm=mali-renderer pid=5735 prio=110 success=1 target_cpu=003
    GLThread 217-5703  [003] d..3  8166.633607: sched_switch: prev_comm=GLThread 217 prev_pid=5703 prev_prio=120 prev_state=R+ ==> next_comm=mali-renderer next_pid=5735 next_prio=110
   mali-renderer-5735  [003] d..3  8166.633649: sched_switch: prev_comm=mali-renderer prev_pid=5735 prev_prio=110 prev_state=S ==> next_comm=GLThread 217 next_pid=5703 next_prio=120
    GLThread 217-5703  [003] dNh3  8166.633697: sched_wakeup: comm=mali-renderer pid=5735 prio=110 success=1 target_cpu=003
    GLThread 217-5703  [003] d..3  8166.633713: sched_switch: prev_comm=GLThread 217 prev_pid=5703 prev_prio=120 prev_state=R ==> next_comm=mali-renderer next_pid=5735 next_prio=110
   mali-renderer-5735  [003] d..3  8166.633756: sched_switch: prev_comm=mali-renderer prev_pid=5735 prev_prio=110 prev_state=S ==> next_comm=GLThread 217 next_pid=5703 next_prio=120
    GLThread 217-5703  [003] d..3  8166.634897: sched_switch: prev_comm=GLThread 217 prev_pid=5703 prev_prio=120 prev_state=R ==> next_comm=Binder:3103_4 next_pid=3941 next_prio=120
    GLThread 217-5703  [003] d..3  8166.635163: sched_switch: prev_comm=GLThread 217 prev_pid=5703 prev_prio=120 prev_state=R ==> next_comm=Binder:3106_4 next_pid=3923 next_prio=120
    GLThread 217-5703  [003] d..3  8166.635874: sched_switch: prev_comm=GLThread 217 prev_pid=5703 prev_prio=120 prev_state=R ==> next_comm=Binder:3103_1 next_pid=3130 next_prio=120
    GLThread 217-5703  [003] d..3  8166.636009: sched_switch: prev_comm=GLThread 217 prev_pid=5703 prev_prio=120 prev_state=R ==> next_comm=Binder:3103_1 next_pid=3130 next_prio=120
    GLThread 217-5703  [003] d..3  8166.636546: sched_switch: prev_comm=GLThread 217 prev_pid=5703 prev_prio=120 prev_state=R ==> next_comm=Binder:3103_2 next_pid=3734 next_prio=120
    GLThread 217-5703  [003] d..3  8166.637359: sched_switch: prev_comm=GLThread 217 prev_pid=5703 prev_prio=120 prev_state=R ==> next_comm=NuPlayerRendere next_pid=9484 next_prio=104
    GLThread 217-5703  [003] dN.4  8166.641657: sched_wakeup: comm=mali-renderer pid=5735 prio=110 success=1 target_cpu=003
    GLThread 217-5703  [003] d..3  8166.641667: sched_switch: prev_comm=GLThread 217 prev_pid=5703 prev_prio=120 prev_state=R+ ==> next_comm=mali-renderer next_pid=5735 next_prio=110
   mali-renderer-5735  [003] d..3  8166.641715: sched_switch: prev_comm=mali-renderer prev_pid=5735 prev_prio=110 prev_state=S ==> next_comm=GLThread 217 next_pid=5703 next_prio=120
    GLThread 217-5703  [003] dNh3  8166.641765: sched_wakeup: comm=mali-renderer pid=5735 prio=110 success=1 target_cpu=003
    GLThread 217-5703  [003] d..3  8166.641780: sched_switch: prev_comm=GLThread 217 prev_pid=5703 prev_prio=120 prev_state=R ==> next_comm=mali-renderer next_pid=5735 next_prio=110
   mali-renderer-5735  [003] d..3  8166.642006: sched_switch: prev_comm=mali-renderer prev_pid=5735 prev_prio=110 prev_state=S ==> next_comm=GLThread 217 next_pid=5703 next_prio=120
    GLThread 217-5703  [003] dN.4  8166.642070: sched_wakeup: comm=mali-renderer pid=5735 prio=110 success=1 target_cpu=003
    GLThread 217-5703  [003] d..3  8166.642082: sched_switch: prev_comm=GLThread 217 prev_pid=5703 prev_prio=120 prev_state=R+ ==> next_comm=mali-renderer next_pid=5735 next_prio=110
   mali-renderer-5735  [003] d..3  8166.642119: sched_switch: prev_comm=mali-renderer prev_pid=5735 prev_prio=110 prev_state=S ==> next_comm=GLThread 217 next_pid=5703 next_prio=120
    GLThread 217-5703  [003] d..3  8166.642141: sched_switch: prev_comm=GLThread 217 prev_pid=5703 prev_prio=120 prev_state=S ==> next_comm=swapper/3 next_pid=0 next_prio=120
   mali-renderer-5735  [003] d..4  8166.642280: sched_wakeup: comm=GLThread 217 pid=5703 prio=120 success=1 target_cpu=000
   mali-renderer-5735  [003] d..3  8166.642301: sched_switch: prev_comm=mali-renderer prev_pid=5735 prev_prio=110 prev_state=S ==> next_comm=swapper/3 next_pid=0 next_prio=120
    GLThread 217-5703  [000] d.h5  8166.642370: sched_wakeup: comm=kworker/u16:2 pid=7430 prio=120 success=1 target_cpu=003
    GLThread 217-5703  [000] d..3  8166.642454: sched_switch: prev_comm=GLThread 217 prev_pid=5703 prev_prio=120 prev_state=R+ ==> next_comm=mali-event-hnd next_pid=5726 next_prio=110
  mali-event-hnd-5726  [000] d..4  8166.642506: sched_wakeup: comm=mali-renderer pid=5735 prio=110 success=1 target_cpu=003
  mali-event-hnd-5726  [000] d..3  8166.642546: sched_switch: prev_comm=mali-event-hnd prev_pid=5726 prev_prio=110 prev_state=S ==> next_comm=GLThread 217 next_pid=5703 next_prio=104
   mali-renderer-5735  [003] d..3  8166.642599: sched_switch: prev_comm=mali-renderer prev_pid=5735 prev_prio=110 prev_state=S ==> next_comm=.vorbis.decoder next_pid=9489 next_prio=118
    GLThread 217-5703  [000] d..4  8166.642610: sched_wakeup: comm=Binder:3036_5 pid=3741 prio=120 success=1 target_cpu=001
    GLThread 217-5703  [000] d..4  8166.642629: sched_wakeup: comm=Binder:3103_2 pid=3734 prio=104 success=1 target_cpu=002
    GLThread 217-5703  [000] d..3  8166.642668: sched_switch: prev_comm=GLThread 217 prev_pid=5703 prev_prio=120 prev_state=D ==> next_comm=swapper/0 next_pid=0 next_prio=120
   mali-renderer-5735  [003] d..3  8166.642686: sched_switch: prev_comm=mali-renderer prev_pid=5735 prev_prio=110 prev_state=S ==> next_comm=.vorbis.decoder next_pid=9489 next_prio=118
    GLThread 217-5703  [002] d..4  8166.642768: sched_wakeup: comm=Binder:3103_2 pid=3734 prio=120 success=1 target_cpu=003
    GLThread 217-5703  [002] d..3  8166.642796: sched_switch: prev_comm=GLThread 217 prev_pid=5703 prev_prio=120 prev_state=D ==> next_comm=swapper/2 next_pid=0 next_prio=120
    GLThread 217-5703  [002] d..3  8166.642834: sched_switch: prev_comm=GLThread 217 prev_pid=5703 prev_prio=120 prev_state=S ==> next_comm=swapper/2 next_pid=0 next_prio=120
  mali-event-hnd-5726  [000] d..4  8166.645227: sched_wakeup: comm=mali-renderer pid=5735 prio=110 success=1 target_cpu=002
  mali-event-hnd-5726  [000] d..3  8166.645258: sched_switch: prev_comm=mali-event-hnd prev_pid=5726 prev_prio=110 prev_state=S ==> next_comm=NPDecoder next_pid=9485 next_prio=104
   mali-renderer-5735  [002] d..3  8166.645315: sched_switch: prev_comm=mali-renderer prev_pid=5735 prev_prio=110 prev_state=S ==> next_comm=OMXCallbackDisp next_pid=9490 next_prio=118
   mali-renderer-5735  [003] d..3  8166.645397: sched_switch: prev_comm=mali-renderer prev_pid=5735 prev_prio=110 prev_state=S ==> next_comm=swapper/3 next_pid=0 next_prio=120
  mali-event-hnd-5726  [000] d..4  8166.645975: sched_wakeup: comm=mali-renderer pid=5735 prio=110 success=1 target_cpu=003
  mali-event-hnd-5726  [000] d..3  8166.646031: sched_switch: prev_comm=mali-event-hnd prev_pid=5726 prev_prio=110 prev_state=S ==> next_comm=swapper/0 next_pid=0 next_prio=120
   mali-renderer-5735  [003] d..3  8166.646148: sched_switch: prev_comm=mali-renderer prev_pid=5735 prev_prio=110 prev_state=S ==> next_comm=Binder:3106_2 next_pid=3659 next_prio=120
   mali-renderer-5735  [002] d..3  8166.646235: sched_switch: prev_comm=mali-renderer prev_pid=5735 prev_prio=110 prev_state=S ==> next_comm=swapper/2 next_pid=0 next_prio=120
    GLThread 217-5703  [001] d..3  8166.646294: sched_switch: prev_comm=GLThread 217 prev_pid=5703 prev_prio=120 prev_state=D ==> next_comm=swapper/1 next_pid=0 next_prio=120
    GLThread 217-5703  [001] d..4  8166.646792: sched_wakeup: comm=Binder:3103_1 pid=3130 prio=120 success=1 target_cpu=002
    GLThread 217-5703  [001] d..3  8166.647713: sched_switch: prev_comm=GLThread 217 prev_pid=5703 prev_prio=120 prev_state=D ==> next_comm=swapper/1 next_pid=0 next_prio=120
    GLThread 217-5703  [001] d..4  8166.647777: sched_wakeup: comm=Binder:3403_3 pid=3598 prio=120 success=1 target_cpu=003
    GLThread 217-5703  [001] d..4  8166.647797: sched_wakeup: comm=Binder:3103_3 pid=3940 prio=120 success=1 target_cpu=000
    GLThread 217-5703  [001] d..3  8166.647813: sched_switch: prev_comm=GLThread 217 prev_pid=5703 prev_prio=120 prev_state=D ==> next_comm=swapper/1 next_pid=0 next_prio=120
    GLThread 217-5703  [001] d..4  8166.647893: sched_wakeup: comm=Binder:3103_3 pid=3940 prio=120 success=1 target_cpu=000
    GLThread 217-5703  [001] d..3  8166.647914: sched_switch: prev_comm=GLThread 217 prev_pid=5703 prev_prio=120 prev_state=D ==> next_comm=swapper/1 next_pid=0 next_prio=120
    GLThread 217-5703  [001] d..4  8166.648052: sched_wakeup: comm=NPDecoder-CL pid=9487 prio=104 success=1 target_cpu=002
    GLThread 217-5703  [001] d..3  8166.648076: sched_switch: prev_comm=GLThread 217 prev_pid=5703 prev_prio=120 prev_state=S ==> next_comm=swapper/1 next_pid=0 next_prio=120
    GLThread 217-5703  [001] d..3  8166.648171: sched_switch: prev_comm=GLThread 217 prev_pid=5703 prev_prio=120 prev_state=D ==> next_comm=swapper/1 next_pid=0 next_prio=120
    GLThread 217-5703  [001] d..4  8166.648250: sched_wakeup: comm=Binder:3403_3 pid=3598 prio=120 success=1 target_cpu=003
    GLThread 217-5703  [001] d..4  8166.648422: sched_wakeup: comm=Binder:3036_4 pid=3545 prio=120 success=1 target_cpu=000
    GLThread 217-5703  [001] d..3  8166.648453: sched_switch: prev_comm=GLThread 217 prev_pid=5703 prev_prio=120 prev_state=D ==> next_comm=swapper/1 next_pid=0 next_prio=120
    GLThread 217-5703  [001] d..3  8166.648490: sched_switch: prev_comm=GLThread 217 prev_pid=5703 prev_prio=120 prev_state=S ==> next_comm=swapper/1 next_pid=0 next_prio=120
    GLThread 217-5703  [001] d..3  8166.650081: sched_switch: prev_comm=GLThread 217 prev_pid=5703 prev_prio=120 prev_state=D ==> next_comm=swapper/1 next_pid=0 next_prio=120
    GLThread 217-5703  [001] d..3  8166.650168: sched_switch: prev_comm=GLThread 217 prev_pid=5703 prev_prio=120 prev_state=D ==> next_comm=swapper/1 next_pid=0 next_prio=120
    GLThread 217-5703  [001] d..4  8166.650349: sched_wakeup: comm=Binder:3103_7 pid=3944 prio=120 success=1 target_cpu=003
    GLThread 217-5703  [001] d..3  8166.650407: sched_switch: prev_comm=GLThread 217 prev_pid=5703 prev_prio=120 prev_state=R+ ==> next_comm=Binder:3036_4 next_pid=3545 next_prio=120
    GLThread 217-5703  [001] d..4  8166.650574: sched_wakeup: comm=mali-renderer pid=5735 prio=110 success=1 target_cpu=002
    GLThread 217-5703  [001] d..3  8166.650836: sched_switch: prev_comm=GLThread 217 prev_pid=5703 prev_prio=120 prev_state=R ==> next_comm=NPDecoder next_pid=9485 next_prio=104
   mali-renderer-5735  [002] d..3  8166.651173: sched_switch: prev_comm=mali-renderer prev_pid=5735 prev_prio=110 prev_state=S ==> next_comm=Binder:3106_5 next_pid=3935 next_prio=120
   mali-renderer-5735  [002] d..3  8166.651312: sched_switch: prev_comm=mali-renderer prev_pid=5735 prev_prio=110 prev_state=S ==> next_comm=swapper/2 next_pid=0 next_prio=120
    GLThread 217-5703  [001] d..3  8166.651478: sched_switch: prev_comm=GLThread 217 prev_pid=5703 prev_prio=120 prev_state=R ==> next_comm=NPDecoder next_pid=9485 next_prio=104
    GLThread 217-5703  [001] dNs4  8166.651613: sched_wakeup: comm=rcu_preempt pid=8 prio=120 success=1 target_cpu=001
    GLThread 217-5703  [001] d..3  8166.651626: sched_switch: prev_comm=GLThread 217 prev_pid=5703 prev_prio=120 prev_state=R ==> next_comm=rcu_preempt next_pid=8 next_prio=120
    GLThread 217-5703  [001] d..3  8166.651849: sched_switch: prev_comm=GLThread 217 prev_pid=5703 prev_prio=120 prev_state=R ==> next_comm=mali-event-hnd next_pid=3137 next_prio=112
    GLThread 217-5703  [001] d..3  8166.651900: sched_switch: prev_comm=GLThread 217 prev_pid=5703 prev_prio=120 prev_state=R ==> next_comm=mali-event-hnd next_pid=3137 next_prio=112
    GLThread 217-5703  [001] dNh2  8166.652079: sched_wakeup: comm=mali-event-hnd pid=3137 prio=112 success=1 target_cpu=001
    GLThread 217-5703  [001] d..3  8166.652089: sched_switch: prev_comm=GLThread 217 prev_pid=5703 prev_prio=120 prev_state=R ==> next_comm=mali-event-hnd next_pid=3137 next_prio=112
  mali-event-hnd-5726  [000] d..4  8166.653101: sched_wakeup: comm=mali-renderer pid=5735 prio=110 success=1 target_cpu=003
  mali-event-hnd-5726  [000] d..3  8166.653129: sched_switch: prev_comm=mali-event-hnd prev_pid=5726 prev_prio=110 prev_state=S ==> next_comm=swapper/0 next_pid=0 next_prio=120
   mali-renderer-5735  [003] d..3  8166.653198: sched_switch: prev_comm=mali-renderer prev_pid=5735 prev_prio=110 prev_state=S ==> next_comm=Binder:3103_1 next_pid=3130 next_prio=120
   mali-renderer-5735  [003] d..3  8166.653287: sched_switch: prev_comm=mali-renderer prev_pid=5735 prev_prio=110 prev_state=S ==> next_comm=swapper/3 next_pid=0 next_prio=120
    GLThread 217-5703  [001] d..3  8166.653438: sched_switch: prev_comm=GLThread 217 prev_pid=5703 prev_prio=120 prev_state=R ==> next_comm=NPDecoder next_pid=9485 next_prio=104
    GLThread 217-5703  [001] dNh2  8166.653878: sched_wakeup: comm=mali-event-hnd pid=3137 prio=112 success=1 target_cpu=001
    GLThread 217-5703  [001] d..3  8166.653892: sched_switch: prev_comm=GLThread 217 prev_pid=5703 prev_prio=120 prev_state=R ==> next_comm=mali-event-hnd next_pid=3137 next_prio=112
    GLThread 217-5703  [001] d.h3  8166.654174: sched_wakeup: comm=mali-renderer pid=3147 prio=112 success=1 target_cpu=000
  mali-event-hnd-5726  [000] d..4  8166.657023: sched_wakeup: comm=mali-renderer pid=5735 prio=110 success=1 target_cpu=003
  mali-event-hnd-5726  [000] d..3  8166.657084: sched_switch: prev_comm=mali-event-hnd prev_pid=5726 prev_prio=110 prev_state=S ==> next_comm=swapper/0 next_pid=0 next_prio=120
   mali-renderer-5735  [003] d..3  8166.657198: sched_switch: prev_comm=mali-renderer prev_pid=5735 prev_prio=110 prev_state=S ==> next_comm=swapper/3 next_pid=0 next_prio=120
   mali-renderer-5735  [003] d..3  8166.657284: sched_switch: prev_comm=mali-renderer prev_pid=5735 prev_prio=110 prev_state=S ==> next_comm=swapper/3 next_pid=0 next_prio=120
    GLThread 217-5703  [001] d..4  8166.658928: sched_wakeup: comm=mali-renderer pid=5735 prio=110 success=1 target_cpu=003
   mali-renderer-5735  [003] d..3  8166.658984: sched_switch: prev_comm=mali-renderer prev_pid=5735 prev_prio=110 prev_state=S ==> next_comm=swapper/3 next_pid=0 next_prio=120
    GLThread 217-5703  [001] d..4  8166.658999: sched_wakeup: comm=mali-renderer pid=5735 prio=110 success=1 target_cpu=003
    GLThread 217-5703  [001] d..3  8166.659022: sched_switch: prev_comm=GLThread 217 prev_pid=5703 prev_prio=120 prev_state=S ==> next_comm=swapper/1 next_pid=0 next_prio=120
   mali-renderer-5735  [003] d..3  8166.659056: sched_switch: prev_comm=mali-renderer prev_pid=5735 prev_prio=110 prev_state=S ==> next_comm=swapper/3 next_pid=0 next_prio=120
   mali-renderer-5735  [003] d..4  8166.659337: sched_wakeup: comm=GLThread 217 pid=5703 prio=120 success=1 target_cpu=001
   mali-renderer-5735  [003] d..3  8166.659363: sched_switch: prev_comm=mali-renderer prev_pid=5735 prev_prio=110 prev_state=S ==> next_comm=swapper/3 next_pid=0 next_prio=120
    GLThread 217-5703  [001] d..4  8166.659508: sched_wakeup: comm=Binder:3036_1 pid=3080 prio=120 success=1 target_cpu=000
    GLThread 217-5703  [001] d..3  8166.659546: sched_switch: prev_comm=GLThread 217 prev_pid=5703 prev_prio=120 prev_state=D ==> next_comm=swapper/1 next_pid=0 next_prio=120
    GLThread 217-5703  [001] d..3  8166.659586: sched_switch: prev_comm=GLThread 217 prev_pid=5703 prev_prio=120 prev_state=S ==> next_comm=swapper/1 next_pid=0 next_prio=120
      CMEM Purge-5725  [001] d..3  8166.659971: sched_switch: prev_comm=CMEM Purge prev_pid=5725 prev_prio=110 prev_state=S ==> next_comm=swapper/1 next_pid=0 next_prio=120
    GLThread 217-5703  [001] d..4  8166.661178: sched_wakeup: comm=Binder:3403_1 pid=3421 prio=120 success=1 target_cpu=002
    GLThread 217-5703  [001] d..4  8166.661247: sched_wakeup: comm=Binder:3403_1 pid=3421 prio=120 success=1 target_cpu=002
    GLThread 217-5703  [001] d..3  8166.661263: sched_switch: prev_comm=GLThread 217 prev_pid=5703 prev_prio=120 prev_state=S ==> next_comm=swapper/1 next_pid=0 next_prio=120
    GLThread 217-5703  [001] d..4  8166.661694: sched_wakeup: comm=Binder:3036_3 pid=3498 prio=120 success=1 target_cpu=003
    GLThread 217-5703  [001] d..3  8166.661725: sched_switch: prev_comm=GLThread 217 prev_pid=5703 prev_prio=120 prev_state=D ==> next_comm=swapper/1 next_pid=0 next_prio=120
    GLThread 217-5703  [001] d..3  8166.661762: sched_switch: prev_comm=GLThread 217 prev_pid=5703 prev_prio=120 prev_state=S ==> next_comm=swapper/1 next_pid=0 next_prio=120
  mali-event-hnd-5726  [000] d..4  8166.662035: sched_wakeup: comm=mali-renderer pid=5735 prio=110 success=1 target_cpu=003
  mali-event-hnd-5726  [000] d..3  8166.662072: sched_switch: prev_comm=mali-event-hnd prev_pid=5726 prev_prio=110 prev_state=S ==> next_comm=swapper/0 next_pid=0 next_prio=120
   mali-renderer-5735  [003] d.h4  8166.662088: sched_wakeup: comm=kworker/u17:1 pid=1430 prio=100 success=1 target_cpu=000
   mali-renderer-5735  [003] d..3  8166.662151: sched_switch: prev_comm=mali-renderer prev_pid=5735 prev_prio=110 prev_state=S ==> next_comm=swapper/3 next_pid=0 next_prio=120
   mali-renderer-5735  [003] d..3  8166.662234: sched_switch: prev_comm=mali-renderer prev_pid=5735 prev_prio=110 prev_state=S ==> next_comm=swapper/3 next_pid=0 next_prio=120
    GLThread 217-5703  [001] d..4  8166.666834: sched_wakeup: comm=mali-renderer pid=5735 prio=110 success=1 target_cpu=003
   mali-renderer-5735  [003] d..3  8166.666891: sched_switch: prev_comm=mali-renderer prev_pid=5735 prev_prio=110 prev_state=S ==> next_comm=swapper/3 next_pid=0 next_prio=120
   mali-renderer-5735  [003] d..3  8166.667008: sched_switch: prev_comm=mali-renderer prev_pid=5735 prev_prio=110 prev_state=S ==> next_comm=swapper/3 next_pid=0 next_prio=120
  mali-event-hnd-5726  [000] d..4  8166.672494: sched_wakeup: comm=mali-renderer pid=5735 prio=110 success=1 target_cpu=003
  mali-event-hnd-5726  [000] d..3  8166.672545: sched_switch: prev_comm=mali-event-hnd prev_pid=5726 prev_prio=110 prev_state=S ==> next_comm=swapper/0 next_pid=0 next_prio=120
   mali-renderer-5735  [003] d..3  8166.672613: sched_switch: prev_comm=mali-renderer prev_pid=5735 prev_prio=110 prev_state=S ==> next_comm=swapper/3 next_pid=0 next_prio=120
   mali-renderer-5735  [003] d..3  8166.672704: sched_switch: prev_comm=mali-renderer prev_pid=5735 prev_prio=110 prev_state=S ==> next_comm=swapper/3 next_pid=0 next_prio=120
    GLThread 217-5703  [001] d..4  8166.673454: sched_wakeup: comm=mali-renderer pid=5735 prio=110 success=1 target_cpu=003
   mali-renderer-5735  [003] d..3  8166.673510: sched_switch: prev_comm=mali-renderer prev_pid=5735 prev_prio=110 prev_state=S ==> next_comm=swapper/3 next_pid=0 next_prio=120
    GLThread 217-5703  [001] d..4  8166.673524: sched_wakeup: comm=mali-renderer pid=5735 prio=110 success=1 target_cpu=003
    GLThread 217-5703  [001] d..3  8166.673558: sched_switch: prev_comm=GLThread 217 prev_pid=5703 prev_prio=120 prev_state=S ==> next_comm=swapper/1 next_pid=0 next_prio=120
   mali-renderer-5735  [003] d..3  8166.673572: sched_switch: prev_comm=mali-renderer prev_pid=5735 prev_prio=110 prev_state=S ==> next_comm=swapper/3 next_pid=0 next_prio=120
   mali-renderer-5735  [003] d..4  8166.673806: sched_wakeup: comm=GLThread 217 pid=5703 prio=120 success=1 target_cpu=001
   mali-renderer-5735  [003] d..3  8166.673824: sched_switch: prev_comm=mali-renderer prev_pid=5735 prev_prio=110 prev_state=S ==> next_comm=swapper/3 next_pid=0 next_prio=120
    GLThread 217-5703  [001] d..4  8166.673981: sched_wakeup: comm=Binder:3036_2 pid=3082 prio=120 success=1 target_cpu=000
    GLThread 217-5703  [001] d..4  8166.674033: sched_wakeup: comm=Binder:3036_2 pid=3082 prio=120 success=1 target_cpu=000
    GLThread 217-5703  [001] d..3  8166.674067: sched_switch: prev_comm=GLThread 217 prev_pid=5703 prev_prio=120 prev_state=D ==> next_comm=swapper/1 next_pid=0 next_prio=120
    GLThread 217-5703  [001] d..3  8166.674111: sched_switch: prev_comm=GLThread 217 prev_pid=5703 prev_prio=120 prev_state=S ==> next_comm=swapper/1 next_pid=0 next_prio=120
  mali-event-hnd-5726  [000] d..4  8166.675859: sched_wakeup: comm=mali-renderer pid=5735 prio=110 success=1 target_cpu=003
  mali-event-hnd-5726  [000] d..3  8166.675896: sched_switch: prev_comm=mali-event-hnd prev_pid=5726 prev_prio=110 prev_state=S ==> next_comm=Binder:3036_2 next_pid=3082 next_prio=120
   mali-renderer-5735  [003] d..3  8166.676001: sched_switch: prev_comm=mali-renderer prev_pid=5735 prev_prio=110 prev_state=S ==> next_comm=swapper/3 next_pid=0 next_prio=120
   mali-renderer-5735  [003] d..3  8166.676085: sched_switch: prev_comm=mali-renderer prev_pid=5735 prev_prio=110 prev_state=S ==> next_comm=swapper/3 next_pid=0 next_prio=120
  mali-event-hnd-5726  [000] d..4  8166.676770: sched_wakeup: comm=mali-renderer pid=5735 prio=110 success=1 target_cpu=003
  mali-event-hnd-5726  [000] d..3  8166.676824: sched_switch: prev_comm=mali-event-hnd prev_pid=5726 prev_prio=110 prev_state=S ==> next_comm=swapper/0 next_pid=0 next_prio=120
   mali-renderer-5735  [003] d..3  8166.676852: sched_switch: prev_comm=mali-renderer prev_pid=5735 prev_prio=110 prev_state=S ==> next_comm=swapper/3 next_pid=0 next_prio=120
    GLThread 217-5703  [001] d..4  8166.676925: sched_wakeup: comm=Binder:3403_C pid=4808 prio=120 success=1 target_cpu=000
   mali-renderer-5735  [003] d..3  8166.676937: sched_switch: prev_comm=mali-renderer prev_pid=5735 prev_prio=110 prev_state=S ==> next_comm=swapper/3 next_pid=0 next_prio=120
    GLThread 217-5703  [001] d..3  8166.676971: sched_switch: prev_comm=GLThread 217 prev_pid=5703 prev_prio=120 prev_state=D ==> next_comm=swapper/1 next_pid=0 next_prio=120
    GLThread 217-5703  [001] d..3  8166.677029: sched_switch: prev_comm=GLThread 217 prev_pid=5703 prev_prio=120 prev_state=S ==> next_comm=swapper/1 next_pid=0 next_prio=120
    GLThread 217-5703  [001] d..4  8166.677256: sched_wakeup: comm=Binder:3403_C pid=4808 prio=120 success=1 target_cpu=000
    GLThread 217-5703  [001] d..4  8166.677413: sched_wakeup: comm=Binder:3036_5 pid=3741 prio=120 success=1 target_cpu=002
    GLThread 217-5703  [001] d..3  8166.677452: sched_switch: prev_comm=GLThread 217 prev_pid=5703 prev_prio=120 prev_state=D ==> next_comm=swapper/1 next_pid=0 next_prio=120
    GLThread 217-5703  [001] d..3  8166.677502: sched_switch: prev_comm=GLThread 217 prev_pid=5703 prev_prio=120 prev_state=S ==> next_comm=swapper/1 next_pid=0 next_prio=120
  mali-event-hnd-5726  [000] d..4  8166.681864: sched_wakeup: comm=mali-renderer pid=5735 prio=110 success=1 target_cpu=003
  mali-event-hnd-5726  [000] d..3  8166.681899: sched_switch: prev_comm=mali-event-hnd prev_pid=5726 prev_prio=110 prev_state=S ==> next_comm=swapper/0 next_pid=0 next_prio=120
   mali-renderer-5735  [003] d..3  8166.681964: sched_switch: prev_comm=mali-renderer prev_pid=5735 prev_prio=110 prev_state=S ==> next_comm=swapper/3 next_pid=0 next_prio=120
   mali-renderer-5735  [003] d..3  8166.682047: sched_switch: prev_comm=mali-renderer prev_pid=5735 prev_prio=110 prev_state=S ==> next_comm=swapper/3 next_pid=0 next_prio=120
    GLThread 217-5703  [000] d..4  8166.683379: sched_wakeup: comm=mali-renderer pid=5735 prio=110 success=1 target_cpu=003
   mali-renderer-5735  [003] d..3  8166.683421: sched_switch: prev_comm=mali-renderer prev_pid=5735 prev_prio=110 prev_state=S ==> next_comm=swapper/3 next_pid=0 next_prio=120
   mali-renderer-5735  [003] d..3  8166.683540: sched_switch: prev_comm=mali-renderer prev_pid=5735 prev_prio=110 prev_state=S ==> next_comm=swapper/3 next_pid=0 next_prio=120
    GLThread 217-5703  [000] dNh2  8166.685277: sched_wakeup: comm=mali-event-hnd pid=5726 prio=110 success=1 target_cpu=000
    GLThread 217-5703  [000] d..3  8166.685291: sched_switch: prev_comm=GLThread 217 prev_pid=5703 prev_prio=120 prev_state=R ==> next_comm=mali-event-hnd next_pid=5726 next_prio=110
  mali-event-hnd-5726  [000] d..4  8166.685333: sched_wakeup: comm=mali-renderer pid=5735 prio=110 success=1 target_cpu=003
  mali-event-hnd-5726  [000] d..3  8166.685374: sched_switch: prev_comm=mali-event-hnd prev_pid=5726 prev_prio=110 prev_state=S ==> next_comm=GLThread 217 next_pid=5703 next_prio=120
   mali-renderer-5735  [003] d..3  8166.685515: sched_switch: prev_comm=mali-renderer prev_pid=5735 prev_prio=110 prev_state=S ==> next_comm=swapper/3 next_pid=0 next_prio=120
   mali-renderer-5735  [003] d..3  8166.685606: sched_switch: prev_comm=mali-renderer prev_pid=5735 prev_prio=110 prev_state=S ==> next_comm=swapper/3 next_pid=0 next_prio=120
    GLThread 217-5703  [000] d..4  8166.690190: sched_wakeup: comm=mali-renderer pid=5735 prio=110 success=1 target_cpu=003
   mali-renderer-5735  [003] d..3  8166.690259: sched_switch: prev_comm=mali-renderer prev_pid=5735 prev_prio=110 prev_state=S ==> next_comm=swapper/3 next_pid=0 next_prio=120
    GLThread 217-5703  [000] d..4  8166.690273: sched_wakeup: comm=mali-renderer pid=5735 prio=110 success=1 target_cpu=003
    GLThread 217-5703  [000] d..3  8166.690305: sched_switch: prev_comm=GLThread 217 prev_pid=5703 prev_prio=120 prev_state=S ==> next_comm=swapper/0 next_pid=0 next_prio=120
   mali-renderer-5735  [003] d..3  8166.690332: sched_switch: prev_comm=mali-renderer prev_pid=5735 prev_prio=110 prev_state=S ==> next_comm=swapper/3 next_pid=0 next_prio=120
   mali-renderer-5735  [003] d..4  8166.690608: sched_wakeup: comm=GLThread 217 pid=5703 prio=120 success=1 target_cpu=000
   mali-renderer-5735  [003] d..3  8166.690637: sched_switch: prev_comm=mali-renderer prev_pid=5735 prev_prio=110 prev_state=S ==> next_comm=swapper/3 next_pid=0 next_prio=120
    GLThread 217-5703  [000] d..4  8166.690784: sched_wakeup: comm=Binder:3036_4 pid=3545 prio=120 success=1 target_cpu=001
    GLThread 217-5703  [000] d..3  8166.690833: sched_switch: prev_comm=GLThread 217 prev_pid=5703 prev_prio=120 prev_state=D ==> next_comm=swapper/0 next_pid=0 next_prio=120
    GLThread 217-5703  [000] d..3  8166.690879: sched_switch: prev_comm=GLThread 217 prev_pid=5703 prev_prio=120 prev_state=S ==> next_comm=swapper/0 next_pid=0 next_prio=120
    GLThread 217-5703  [000] d.h5  8166.692379: sched_wakeup: comm=kworker/u16:2 pid=7430 prio=120 success=1 target_cpu=001
    GLThread 217-5703  [000] d..4  8166.692536: sched_wakeup: comm=Binder:3403_2 pid=3422 prio=120 success=1 target_cpu=001
    GLThread 217-5703  [000] d..3  8166.692584: sched_switch: prev_comm=GLThread 217 prev_pid=5703 prev_prio=120 prev_state=D ==> next_comm=swapper/0 next_pid=0 next_prio=120
    GLThread 217-5703  [000] d..3  8166.692633: sched_switch: prev_comm=GLThread 217 prev_pid=5703 prev_prio=120 prev_state=S ==> next_comm=swapper/0 next_pid=0 next_prio=120
    GLThread 217-5703  [000] d..4  8166.692975: sched_wakeup: comm=Binder:3036_1 pid=3080 prio=120 success=1 target_cpu=001
    GLThread 217-5703  [000] d..4  8166.693024: sched_wakeup: comm=Binder:3036_1 pid=3080 prio=120 success=1 target_cpu=001
    GLThread 217-5703  [000] d..3  8166.693036: sched_switch: prev_comm=GLThread 217 prev_pid=5703 prev_prio=120 prev_state=S ==> next_comm=swapper/0 next_pid=0 next_prio=120
  mali-event-hnd-5726  [000] d..4  8166.693310: sched_wakeup: comm=mali-renderer pid=5735 prio=110 success=1 target_cpu=003
  mali-event-hnd-5726  [000] d..3  8166.693339: sched_switch: prev_comm=mali-event-hnd prev_pid=5726 prev_prio=110 prev_state=S ==> next_comm=swapper/0 next_pid=0 next_prio=120
   mali-renderer-5735  [003] d.h4  8166.693361: sched_wakeup: comm=kworker/u17:1 pid=1430 prio=100 success=1 target_cpu=000
   mali-renderer-5735  [003] d..3  8166.693433: sched_switch: prev_comm=mali-renderer prev_pid=5735 prev_prio=110 prev_state=S ==> next_comm=swapper/3 next_pid=0 next_prio=120
   mali-renderer-5735  [003] d..3  8166.693515: sched_switch: prev_comm=mali-renderer prev_pid=5735 prev_prio=110 prev_state=S ==> next_comm=swapper/3 next_pid=0 next_prio=120
    GLThread 217-5703  [003] d..4  8166.700083: sched_wakeup: comm=mali-renderer pid=5735 prio=110 success=1 target_cpu=000
   mali-renderer-5735  [000] d..3  8166.700138: sched_switch: prev_comm=mali-renderer prev_pid=5735 prev_prio=110 prev_state=S ==> next_comm=swapper/0 next_pid=0 next_prio=120
   mali-renderer-5735  [000] d..3  8166.700261: sched_switch: prev_comm=mali-renderer prev_pid=5735 prev_prio=110 prev_state=S ==> next_comm=swapper/0 next_pid=0 next_prio=120
    GLThread 217-5703  [003] dNs3  8166.701605: sched_wakeup: comm=rcu_preempt pid=8 prio=120 success=1 target_cpu=003
    GLThread 217-5703  [003] dNs3  8166.701630: sched_wakeup: comm=kworker/u16:1 pid=9177 prio=120 success=1 target_cpu=001
    GLThread 217-5703  [003] d..3  8166.701643: sched_switch: prev_comm=GLThread 217 prev_pid=5703 prev_prio=120 prev_state=R ==> next_comm=rcu_preempt next_pid=8 next_prio=120
  mali-event-hnd-5726  [000] d..4  8166.701885: sched_wakeup: comm=mali-renderer pid=5735 prio=110 success=1 target_cpu=000
  mali-event-hnd-5726  [000] d..3  8166.701911: sched_switch: prev_comm=mali-event-hnd prev_pid=5726 prev_prio=110 prev_state=S ==> next_comm=mali-renderer next_pid=5735 next_prio=110
   mali-renderer-5735  [000] d..3  8166.701987: sched_switch: prev_comm=mali-renderer prev_pid=5735 prev_prio=110 prev_state=S ==> next_comm=swapper/0 next_pid=0 next_prio=120
   mali-renderer-5735  [000] d..3  8166.702076: sched_switch: prev_comm=mali-renderer prev_pid=5735 prev_prio=110 prev_state=S ==> next_comm=swapper/0 next_pid=0 next_prio=120
    GLThread 217-5703  [003] d..3  8166.706544: sched_switch: prev_comm=GLThread 217 prev_pid=5703 prev_prio=120 prev_state=D ==> next_comm=swapper/3 next_pid=0 next_prio=120
  mali-event-hnd-5726  [000] d..4  8166.706734: sched_wakeup: comm=mali-renderer pid=5735 prio=110 success=1 target_cpu=001
  mali-event-hnd-5726  [000] d..3  8166.706786: sched_switch: prev_comm=mali-event-hnd prev_pid=5726 prev_prio=110 prev_state=S ==> next_comm=swapper/0 next_pid=0 next_prio=120
   mali-renderer-5735  [001] d..3  8166.706806: sched_switch: prev_comm=mali-renderer prev_pid=5735 prev_prio=110 prev_state=D ==> next_comm=swapper/1 next_pid=0 next_prio=120
    GLThread 217-5703  [003] d..3  8166.706823: sched_wakeup: comm=mali-renderer pid=5735 prio=110 success=1 target_cpu=001
   mali-renderer-5735  [001] d..3  8166.706848: sched_switch: prev_comm=mali-renderer prev_pid=5735 prev_prio=110 prev_state=D ==> next_comm=swapper/1 next_pid=0 next_prio=120
    GLThread 217-5703  [003] d..3  8166.706866: sched_wakeup: comm=mali-renderer pid=5735 prio=110 success=1 target_cpu=001
   mali-renderer-5735  [001] d..3  8166.706890: sched_switch: prev_comm=mali-renderer prev_pid=5735 prev_prio=110 prev_state=D ==> next_comm=swapper/1 next_pid=0 next_prio=120
    GLThread 217-5703  [003] d..3  8166.706901: sched_wakeup: comm=mali-renderer pid=5735 prio=110 success=1 target_cpu=001
   mali-renderer-5735  [001] d..3  8166.707003: sched_switch: prev_comm=mali-renderer prev_pid=5735 prev_prio=110 prev_state=S ==> next_comm=swapper/1 next_pid=0 next_prio=120
    GLThread 217-5703  [003] d..4  8166.707018: sched_wakeup: comm=mali-renderer pid=5735 prio=110 success=1 target_cpu=001
    GLThread 217-5703  [003] d..3  8166.707085: sched_switch: prev_comm=GLThread 217 prev_pid=5703 prev_prio=120 prev_state=S ==> next_comm=swapper/3 next_pid=0 next_prio=120
   mali-renderer-5735  [001] d..3  8166.707098: sched_switch: prev_comm=mali-renderer prev_pid=5735 prev_prio=110 prev_state=S ==> next_comm=swapper/1 next_pid=0 next_prio=120
   mali-renderer-5735  [001] d..4  8166.707355: sched_wakeup: comm=GLThread 217 pid=5703 prio=120 success=1 target_cpu=003
   mali-renderer-5735  [001] d..3  8166.707380: sched_switch: prev_comm=mali-renderer prev_pid=5735 prev_prio=110 prev_state=S ==> next_comm=swapper/1 next_pid=0 next_prio=120
    GLThread 217-5703  [003] d..4  8166.707530: sched_wakeup: comm=Binder:3036_3 pid=3498 prio=120 success=1 target_cpu=000
    GLThread 217-5703  [003] d..4  8166.707579: sched_wakeup: comm=Binder:3036_3 pid=3498 prio=120 success=1 target_cpu=000
    GLThread 217-5703  [003] d..3  8166.707612: sched_switch: prev_comm=GLThread 217 prev_pid=5703 prev_prio=120 prev_state=D ==> next_comm=swapper/3 next_pid=0 next_prio=120
    GLThread 217-5703  [003] d..3  8166.707658: sched_switch: prev_comm=GLThread 217 prev_pid=5703 prev_prio=120 prev_state=S ==> next_comm=swapper/3 next_pid=0 next_prio=120
    GLThread 217-5703  [003] d..4  8166.709171: sched_wakeup: comm=Binder:3403_6 pid=4187 prio=120 success=1 target_cpu=002
    GLThread 217-5703  [003] d..3  8166.709212: sched_switch: prev_comm=GLThread 217 prev_pid=5703 prev_prio=120 prev_state=D ==> next_comm=swapper/3 next_pid=0 next_prio=120
    GLThread 217-5703  [003] d..3  8166.709253: sched_switch: prev_comm=GLThread 217 prev_pid=5703 prev_prio=120 prev_state=S ==> next_comm=swapper/3 next_pid=0 next_prio=120
    GLThread 217-5703  [003] d..4  8166.709606: sched_wakeup: comm=Binder:3036_2 pid=3082 prio=120 success=1 target_cpu=000
    GLThread 217-5703  [003] d..3  8166.709633: sched_switch: prev_comm=GLThread 217 prev_pid=5703 prev_prio=120 prev_state=D ==> next_comm=swapper/3 next_pid=0 next_prio=120
    GLThread 217-5703  [003] d..3  8166.709672: sched_switch: prev_comm=GLThread 217 prev_pid=5703 prev_prio=120 prev_state=S ==> next_comm=swapper/3 next_pid=0 next_prio=120
  mali-event-hnd-5726  [000] d..4  8166.709976: sched_wakeup: comm=mali-renderer pid=5735 prio=110 success=1 target_cpu=001
  mali-event-hnd-5726  [000] d..3  8166.710011: sched_switch: prev_comm=mali-event-hnd prev_pid=5726 prev_prio=110 prev_state=S ==> next_comm=swapper/0 next_pid=0 next_prio=120
   mali-renderer-5735  [001] d..3  8166.710058: sched_switch: prev_comm=mali-renderer prev_pid=5735 prev_prio=110 prev_state=S ==> next_comm=swapper/1 next_pid=0 next_prio=120
   mali-renderer-5735  [001] d..3  8166.710141: sched_switch: prev_comm=mali-renderer prev_pid=5735 prev_prio=110 prev_state=S ==> next_comm=swapper/1 next_pid=0 next_prio=120
  mali-event-hnd-5726  [000] d..4  8166.711842: sched_wakeup: comm=mali-renderer pid=5735 prio=110 success=1 target_cpu=001
  mali-event-hnd-5726  [000] d..3  8166.711875: sched_switch: prev_comm=mali-event-hnd prev_pid=5726 prev_prio=110 prev_state=S ==> next_comm=swapper/0 next_pid=0 next_prio=120
   mali-renderer-5735  [001] d..3  8166.711954: sched_switch: prev_comm=mali-renderer prev_pid=5735 prev_prio=110 prev_state=S ==> next_comm=swapper/1 next_pid=0 next_prio=120
   mali-renderer-5735  [001] d..3  8166.712036: sched_switch: prev_comm=mali-renderer prev_pid=5735 prev_prio=110 prev_state=S ==> next_comm=swapper/1 next_pid=0 next_prio=120
  mali-event-hnd-5726  [000] d..4  8166.715238: sched_wakeup: comm=mali-renderer pid=5735 prio=110 success=1 target_cpu=001
  mali-event-hnd-5726  [000] d..3  8166.715277: sched_switch: prev_comm=mali-event-hnd prev_pid=5726 prev_prio=110 prev_state=S ==> next_comm=swapper/0 next_pid=0 next_prio=120
   mali-renderer-5735  [001] d.h4  8166.715351: sched_wakeup: comm=kworker/u17:1 pid=1430 prio=100 success=1 target_cpu=002
   mali-renderer-5735  [001] d..3  8166.715425: sched_switch: prev_comm=mali-renderer prev_pid=5735 prev_prio=110 prev_state=S ==> next_comm=swapper/1 next_pid=0 next_prio=120
   mali-renderer-5735  [001] d..3  8166.715508: sched_switch: prev_comm=mali-renderer prev_pid=5735 prev_prio=110 prev_state=S ==> next_comm=swapper/1 next_pid=0 next_prio=120
    GLThread 217-5703  [003] d..4  8166.716832: sched_wakeup: comm=mali-renderer pid=5735 prio=110 success=1 target_cpu=001
   mali-renderer-5735  [001] d..3  8166.716890: sched_switch: prev_comm=mali-renderer prev_pid=5735 prev_prio=110 prev_state=S ==> next_comm=swapper/1 next_pid=0 next_prio=120
   mali-renderer-5735  [001] d..3  8166.717001: sched_switch: prev_comm=mali-renderer prev_pid=5735 prev_prio=110 prev_state=S ==> next_comm=swapper/1 next_pid=0 next_prio=120
    GLThread 217-5703  [003] d..4  8166.723476: sched_wakeup: comm=mali-renderer pid=5735 prio=110 success=1 target_cpu=001
    GLThread 217-5703  [003] d..4  8166.723531: sched_wakeup: comm=mali-renderer pid=5735 prio=110 success=1 target_cpu=001
    GLThread 217-5703  [003] d..3  8166.723569: sched_switch: prev_comm=GLThread 217 prev_pid=5703 prev_prio=120 prev_state=S ==> next_comm=swapper/3 next_pid=0 next_prio=120
   mali-renderer-5735  [001] d..3  8166.723569: sched_switch: prev_comm=mali-renderer prev_pid=5735 prev_prio=110 prev_state=S ==> next_comm=swapper/1 next_pid=0 next_prio=120
   mali-renderer-5735  [001] d..4  8166.723844: sched_wakeup: comm=GLThread 217 pid=5703 prio=120 success=1 target_cpu=003
   mali-renderer-5735  [001] d..3  8166.723874: sched_switch: prev_comm=mali-renderer prev_pid=5735 prev_prio=110 prev_state=S ==> next_comm=swapper/1 next_pid=0 next_prio=120
    GLThread 217-5703  [003] d..4  8166.724027: sched_wakeup: comm=Binder:3036_5 pid=3741 prio=120 success=1 target_cpu=000
    GLThread 217-5703  [003] d..3  8166.724077: sched_switch: prev_comm=GLThread 217 prev_pid=5703 prev_prio=120 prev_state=S ==> next_comm=swapper/3 next_pid=0 next_prio=120
    GLThread 217-5703  [003] d..4  8166.725561: sched_wakeup: comm=Binder:3403_E pid=4810 prio=120 success=1 target_cpu=001
    GLThread 217-5703  [003] d..3  8166.725603: sched_switch: prev_comm=GLThread 217 prev_pid=5703 prev_prio=120 prev_state=D ==> next_comm=swapper/3 next_pid=0 next_prio=120
    GLThread 217-5703  [003] d..3  8166.725649: sched_switch: prev_comm=GLThread 217 prev_pid=5703 prev_prio=120 prev_state=S ==> next_comm=swapper/3 next_pid=0 next_prio=120
    GLThread 217-5703  [003] d..4  8166.726023: sched_wakeup: comm=Binder:3036_4 pid=3545 prio=120 success=1 target_cpu=001
    GLThread 217-5703  [003] d..3  8166.726055: sched_switch: prev_comm=GLThread 217 prev_pid=5703 prev_prio=120 prev_state=D ==> next_comm=swapper/3 next_pid=0 next_prio=120
    GLThread 217-5703  [003] d..3  8166.726093: sched_switch: prev_comm=GLThread 217 prev_pid=5703 prev_prio=120 prev_state=S ==> next_comm=swapper/3 next_pid=0 next_prio=120
  mali-event-hnd-5726  [000] d..4  8166.726544: sched_wakeup: comm=mali-renderer pid=5735 prio=110 success=1 target_cpu=001
  mali-event-hnd-5726  [000] d..3  8166.726621: sched_switch: prev_comm=mali-event-hnd prev_pid=5726 prev_prio=110 prev_state=S ==> next_comm=swapper/0 next_pid=0 next_prio=120
   mali-renderer-5735  [001] d..3  8166.726717: sched_switch: prev_comm=mali-renderer prev_pid=5735 prev_prio=110 prev_state=S ==> next_comm=swapper/1 next_pid=0 next_prio=120
   mali-renderer-5735  [001] d..3  8166.726802: sched_switch: prev_comm=mali-renderer prev_pid=5735 prev_prio=110 prev_state=S ==> next_comm=swapper/1 next_pid=0 next_prio=120
  mali-event-hnd-5726  [000] d..4  8166.726851: sched_wakeup: comm=mali-renderer pid=5735 prio=110 success=1 target_cpu=001
  mali-event-hnd-5726  [000] d..3  8166.726882: sched_switch: prev_comm=mali-event-hnd prev_pid=5726 prev_prio=110 prev_state=S ==> next_comm=swapper/0 next_pid=0 next_prio=120
   mali-renderer-5735  [001] d..3  8166.726939: sched_switch: prev_comm=mali-renderer prev_pid=5735 prev_prio=110 prev_state=S ==> next_comm=swapper/1 next_pid=0 next_prio=120
   mali-renderer-5735  [001] d..3  8166.727027: sched_switch: prev_comm=mali-renderer prev_pid=5735 prev_prio=110 prev_state=S ==> next_comm=swapper/1 next_pid=0 next_prio=120
  mali-event-hnd-5726  [000] d..4  8166.730259: sched_wakeup: comm=mali-renderer pid=5735 prio=110 success=1 target_cpu=001
  mali-event-hnd-5726  [000] d..3  8166.730298: sched_switch: prev_comm=mali-event-hnd prev_pid=5726 prev_prio=110 prev_state=S ==> next_comm=swapper/0 next_pid=0 next_prio=120
   mali-renderer-5735  [001] d..3  8166.730410: sched_switch: prev_comm=mali-renderer prev_pid=5735 prev_prio=110 prev_state=S ==> next_comm=swapper/1 next_pid=0 next_prio=120
   mali-renderer-5735  [001] d..3  8166.730494: sched_switch: prev_comm=mali-renderer prev_pid=5735 prev_prio=110 prev_state=S ==> next_comm=swapper/1 next_pid=0 next_prio=120
    GLThread 217-5703  [003] d..4  8166.733487: sched_wakeup: comm=mali-renderer pid=5735 prio=110 success=1 target_cpu=001
   mali-renderer-5735  [001] d..3  8166.733532: sched_switch: prev_comm=mali-renderer prev_pid=5735 prev_prio=110 prev_state=S ==> next_comm=swapper/1 next_pid=0 next_prio=120
   mali-renderer-5735  [001] d..3  8166.733650: sched_switch: prev_comm=mali-renderer prev_pid=5735 prev_prio=110 prev_state=S ==> next_comm=swapper/1 next_pid=0 next_prio=120
    GLThread 217-5703  [003] d..4  8166.740122: sched_wakeup: comm=mali-renderer pid=5735 prio=110 success=1 target_cpu=001
   mali-renderer-5735  [001] d..3  8166.740190: sched_switch: prev_comm=mali-renderer prev_pid=5735 prev_prio=110 prev_state=S ==> next_comm=swapper/1 next_pid=0 next_prio=120
    GLThread 217-5703  [003] d..4  8166.740205: sched_wakeup: comm=mali-renderer pid=5735 prio=110 success=1 target_cpu=001
    GLThread 217-5703  [003] d..3  8166.740227: sched_switch: prev_comm=GLThread 217 prev_pid=5703 prev_prio=120 prev_state=S ==> next_comm=swapper/3 next_pid=0 next_prio=120
   mali-renderer-5735  [001] d..3  8166.740265: sched_switch: prev_comm=mali-renderer prev_pid=5735 prev_prio=110 prev_state=S ==> next_comm=swapper/1 next_pid=0 next_prio=120
   mali-renderer-5735  [001] d..4  8166.740541: sched_wakeup: comm=GLThread 217 pid=5703 prio=120 success=1 target_cpu=003
   mali-renderer-5735  [001] d..3  8166.740570: sched_switch: prev_comm=mali-renderer prev_pid=5735 prev_prio=110 prev_state=S ==> next_comm=swapper/1 next_pid=0 next_prio=120
    GLThread 217-5703  [003] d..4  8166.740717: sched_wakeup: comm=Binder:3036_1 pid=3080 prio=120 success=1 target_cpu=000
    GLThread 217-5703  [003] d..3  8166.740758: sched_switch: prev_comm=GLThread 217 prev_pid=5703 prev_prio=120 prev_state=D ==> next_comm=swapper/3 next_pid=0 next_prio=120
    GLThread 217-5703  [003] d..3  8166.740797: sched_switch: prev_comm=GLThread 217 prev_pid=5703 prev_prio=120 prev_state=S ==> next_comm=swapper/3 next_pid=0 next_prio=120
  mali-event-hnd-5726  [000] d..4  8166.741801: sched_wakeup: comm=mali-renderer pid=5735 prio=110 success=1 target_cpu=001
  mali-event-hnd-5726  [000] d..3  8166.741838: sched_switch: prev_comm=mali-event-hnd prev_pid=5726 prev_prio=110 prev_state=S ==> next_comm=swapper/0 next_pid=0 next_prio=120
   mali-renderer-5735  [001] d..3  8166.741897: sched_switch: prev_comm=mali-renderer prev_pid=5735 prev_prio=110 prev_state=S ==> next_comm=swapper/1 next_pid=0 next_prio=120
   mali-renderer-5735  [001] d..3  8166.741988: sched_switch: prev_comm=mali-renderer prev_pid=5735 prev_prio=110 prev_state=S ==> next_comm=swapper/1 next_pid=0 next_prio=120
    GLThread 217-5703  [003] d..4  8166.742364: sched_wakeup: comm=Binder:3403_4 pid=3684 prio=120 success=1 target_cpu=000
    GLThread 217-5703  [003] d..3  8166.742404: sched_switch: prev_comm=GLThread 217 prev_pid=5703 prev_prio=120 prev_state=S ==> next_comm=swapper/3 next_pid=0 next_prio=120
    GLThread 217-5703  [003] d..4  8166.742796: sched_wakeup: comm=Binder:3036_3 pid=3498 prio=120 success=1 target_cpu=000
    GLThread 217-5703  [003] d..3  8166.742827: sched_switch: prev_comm=GLThread 217 prev_pid=5703 prev_prio=120 prev_state=D ==> next_comm=swapper/3 next_pid=0 next_prio=120
